04-16 08:51:26.284  1434  1434 D SGM:GameManager: identifyGamePackage. com.astrohark.app, mCurrentUserId: 0, callerUserId: 0, callingMethodInfo: com.android.server.ssrm.fgapps.GameAppUtils.isGame(GameAppUtils.java:84)
04-16 08:51:26.284  1434  1434 D SGM:PkgDataHelper: getGamePkgData(). com.astrohark.app
04-16 08:51:26.284  1434  1434 D SGM:GameManager: identifyGamePackage. com.astrohark.app, mCurrentUserId: 0, callerUserId: 0, callingMethodInfo: com.android.server.ssrm.fgapps.GameAppUtils.isGame(GameAppUtils.java:84)
04-16 08:51:26.284  1434  1434 D SGM:PkgDataHelper: getGamePkgData(). com.astrohark.app
04-16 08:51:26.575   894   894 I BufferQueueProducer: [com.astrohark.app/com.astrohark.app.IncomingCallActivity$_13015#2970](this:0xb4000078941ca838,id:-1,api:0,p:-1,c:894) queueBuffer: fps=76.45 dur=1007.21 max=33.04 min=10.83
04-16 08:51:26.683  1434  1434 D SGM:GameManager: identifyGamePackage. com.astrohark.app, mCurrentUserId: 0, callerUserId: 0, callingMethodInfo: com.android.server.ssrm.fgapps.GameAppUtils.isGame(GameAppUtils.java:84)
04-16 08:51:26.683  1434  1434 D SGM:PkgDataHelper: getGamePkgData(). com.astrohark.app
04-16 08:51:26.684  1434  1434 D SGM:GameManager: identifyGamePackage. com.astrohark.app, mCurrentUserId: 0, callerUserId: 0, callingMethodInfo: com.android.server.ssrm.fgapps.GameAppUtils.isGame(GameAppUtils.java:84)
04-16 08:51:26.684  1434  1434 D SGM:PkgDataHelper: getGamePkgData(). com.astrohark.app
04-16 08:51:26.816  1434  1434 D SGM:GameManager: identifyGamePackage. com.astrohark.app, mCurrentUserId: 0, callerUserId: 0, callingMethodInfo: com.android.server.ssrm.fgapps.GameAppUtils.isGame(GameAppUtils.java:84)
04-16 08:51:26.816  1434  1434 D SGM:PkgDataHelper: getGamePkgData(). com.astrohark.app
04-16 08:51:26.816  1434  1434 D SGM:GameManager: identifyGamePackage. com.astrohark.app, mCurrentUserId: 0, callerUserId: 0, callingMethodInfo: com.android.server.ssrm.fgapps.GameAppUtils.isGame(GameAppUtils.java:84)
04-16 08:51:26.816  1434  1434 D SGM:PkgDataHelper: getGamePkgData(). com.astrohark.app
04-16 08:51:27.604   894   894 I BufferQueueProducer: [com.astrohark.app/com.astrohark.app.IncomingCallActivity$_13015#2970](this:0xb4000078941ca838,id:-1,api:0,p:-1,c:894) queueBuffer: fps=72.85 dur=1029.49 max=54.87 min=10.72
04-16 08:51:28.623   894   894 I BufferQueueProducer: [com.astrohark.app/com.astrohark.app.IncomingCallActivity$_13015#2970](this:0xb4000078941ca838,id:-1,api:0,p:-1,c:894) queueBuffer: fps=80.50 dur=1018.69 max=22.34 min=10.56
04-16 08:51:28.984  1434  3114 D EdgeLightingManager: hideForWakeLock packageName=com.astrohark.app
04-16 08:51:29.641   894   894 I BufferQueueProducer: [com.astrohark.app/com.astrohark.app.IncomingCallActivity$_13015#2970](this:0xb4000078941ca838,id:-1,api:0,p:-1,c:894) queueBuffer: fps=79.54 dur=1018.31 max=22.36 min=10.32
04-16 08:51:30.001  2300  2526 I Launcher.NotificationListener: notificationIsValidForUI : com.astrohark.app missingTitleAndText : false isGroupHeader : false
04-16 08:51:30.520  3747  5513 I AppsEdge.Badge: key=com.astrohark.app:0 count=1
04-16 08:51:30.649   894   894 I BufferQueueProducer: [com.astrohark.app/com.astrohark.app.IncomingCallActivity$_13015#2970](this:0xb4000078941ca838,id:-1,api:0,p:-1,c:894) queueBuffer: fps=82.38 dur=1007.52 max=22.40 min=10.45
04-16 08:51:31.655   894   894 I BufferQueueProducer: [com.astrohark.app/com.astrohark.app.IncomingCallActivity$_13015#2970](this:0xb4000078941ca838,id:-1,api:0,p:-1,c:894) queueBuffer: fps=79.47 dur=1006.71 max=22.42 min=10.61
04-16 08:51:32.674   894   894 I BufferQueueProducer: [com.astrohark.app/com.astrohark.app.IncomingCallActivity$_13015#2970](this:0xb4000078941ca838,id:-1,api:0,p:-1,c:894) queueBuffer: fps=80.51 dur=1018.52 max=22.52 min=10.54
04-16 08:51:33.681   894   894 I BufferQueueProducer: [com.astrohark.app/com.astrohark.app.IncomingCallActivity$_13015#2970](this:0xb4000078941ca838,id:-1,api:0,p:-1,c:894) queueBuffer: fps=80.41 dur=1007.29 max=22.49 min=10.56
04-16 08:51:34.688   894   894 I BufferQueueProducer: [com.astrohark.app/com.astrohark.app.IncomingCallActivity$_13015#2970](this:0xb4000078941ca838,id:-1,api:0,p:-1,c:894) queueBuffer: fps=80.44 dur=1007.00 max=22.37 min=10.34
04-16 08:51:35.695   894   894 I BufferQueueProducer: [com.astrohark.app/com.astrohark.app.IncomingCallActivity$_13015#2970](this:0xb4000078941ca838,id:-1,api:0,p:-1,c:894) queueBuffer: fps=81.40 dur=1007.33 max=22.50 min=10.66
04-16 08:51:36.703   894   894 I BufferQueueProducer: [com.astrohark.app/com.astrohark.app.IncomingCallActivity$_13015#2970](this:0xb4000078941ca838,id:-1,api:0,p:-1,c:894) queueBuffer: fps=75.46 dur=1007.15 max=43.64 min=10.33
04-16 08:51:37.710   894   894 I BufferQueueProducer: [com.astrohark.app/com.astrohark.app.IncomingCallActivity$_13015#2970](this:0xb4000078941ca838,id:-1,api:0,p:-1,c:894) queueBuffer: fps=82.40 dur=1007.31 max=22.40 min=10.52
04-16 08:51:38.717   894   894 I BufferQueueProducer: [com.astrohark.app/com.astrohark.app.IncomingCallActivity$_13015#2970](this:0xb4000078941ca838,id:-1,api:0,p:-1,c:894) queueBuffer: fps=79.41 dur=1007.40 max=22.26 min=10.71
04-16 08:51:39.630   894   894 D SurfaceFlinger:      DEVICE | 0xb40000789dc08300 | 0102 | RGBA_8888    |    0.0    0.0 1080.0 2322.0 |    0   78 1080 2400 | com.astrohark.app/com.astrohark.app.IncomingCallActivity$_13015#2970
04-16 08:51:39.724   894   894 I BufferQueueProducer: [com.astrohark.app/com.astrohark.app.IncomingCallActivity$_13015#2970](this:0xb4000078941ca838,id:-1,api:0,p:-1,c:894) queueBuffer: fps=79.43 dur=1007.13 max=22.59 min=10.52
04-16 08:51:40.731   894   894 I BufferQueueProducer: [com.astrohark.app/com.astrohark.app.IncomingCallActivity$_13015#2970](this:0xb4000078941ca838,id:-1,api:0,p:-1,c:894) queueBuffer: fps=84.41 dur=1006.97 max=22.30 min=10.63
04-16 08:51:41.739   894   894 I BufferQueueProducer: [com.astrohark.app/com.astrohark.app.IncomingCallActivity$_13015#2970](this:0xb4000078941ca838,id:-1,api:0,p:-1,c:894) queueBuffer: fps=84.38 dur=1007.31 max=22.30 min=10.73
04-16 08:51:42.746   894   894 I BufferQueueProducer: [com.astrohark.app/com.astrohark.app.IncomingCallActivity$_13015#2970](this:0xb4000078941ca838,id:-1,api:0,p:-1,c:894) queueBuffer: fps=81.42 dur=1007.08 max=22.26 min=10.68
04-16 08:51:43.753   894   894 I BufferQueueProducer: [com.astrohark.app/com.astrohark.app.IncomingCallActivity$_13015#2970](this:0xb4000078941ca838,id:-1,api:0,p:-1,c:894) queueBuffer: fps=78.47 dur=1006.76 max=23.25 min=10.42
04-16 08:51:44.570   894   894 D SurfaceFlinger:      DEVICE | 0xb4000078bd228b00 | 0102 | RGBA_8888    |    0.0    0.0 1080.0 2322.0 |    0   78 1080 2400 | com.astrohark.app/com.astrohark.app.IncomingCallActivity$_13015#2970
04-16 08:51:44.760   894   894 I BufferQueueProducer: [com.astrohark.app/com.astrohark.app.IncomingCallActivity$_13015#2970](this:0xb4000078941ca838,id:-1,api:0,p:-1,c:894) queueBuffer: fps=88.36 dur=1007.24 max=22.40 min=10.65
04-16 08:51:45.767   894   894 I BufferQueueProducer: [com.astrohark.app/com.astrohark.app.IncomingCallActivity$_13015#2970](this:0xb4000078941ca838,id:-1,api:0,p:-1,c:894) queueBuffer: fps=76.46 dur=1007.12 max=56.39 min=10.62
04-16 08:51:46.775   894   894 I BufferQueueProducer: [com.astrohark.app/com.astrohark.app.IncomingCallActivity$_13015#2970](this:0xb4000078941ca838,id:-1,api:0,p:-1,c:894) queueBuffer: fps=80.39 dur=1007.56 max=22.35 min=10.57
04-16 08:51:47.782   894   894 I BufferQueueProducer: [com.astrohark.app/com.astrohark.app.IncomingCallActivity$_13015#2970](this:0xb4000078941ca838,id:-1,api:0,p:-1,c:894) queueBuffer: fps=81.42 dur=1007.16 max=22.58 min=10.67
04-16 08:51:48.789   894   894 I BufferQueueProducer: [com.astrohark.app/com.astrohark.app.IncomingCallActivity$_13015#2970](this:0xb4000078941ca838,id:-1,api:0,p:-1,c:894) queueBuffer: fps=79.46 dur=1006.86 max=22.36 min=10.64
04-16 08:51:49.056  2300  2526 I Launcher.NotificationListener: notificationIsValidForUI : com.astrohark.app missingTitleAndText : false isGroupHeader : false
04-16 08:51:49.323   894  2102 I SurfaceFlinger: id=2973 Removed Surface(name=2ce453f com.astrohark.app/com.astrohark.app.IncomingCallActivity)/@0x3c2526c - animation-leash of starting_reveal#2973 (115)
04-16 08:51:49.331   894   894 I Layer   : id=2973 Destroyed Surface(name=2ce453f com.astrohark.app/com.astrohark.app.IncomingCallActivity)/@0x3c2526c - animation-leash of starting_reveal#2973
04-16 08:51:49.331   894  2102 I SurfaceFlinger: id=2895 Removed Surface(name=2e824cc com.astrohark.app/com.astrohark.app.IncomingCallActivity)/@0x52458fc - animation-leash of starting_reveal#2895 (113)
04-16 08:51:49.335   894 17159 I SurfaceFlinger: id=2869 Removed Surface(name=f109990 com.astrohark.app/com.astrohark.app.IncomingCallActivity)/@0x552954 - animation-leash of starting_reveal#2869 (113)
04-16 08:51:49.342   894   894 I Layer   : id=2869 Destroyed Surface(name=f109990 com.astrohark.app/com.astrohark.app.IncomingCallActivity)/@0x552954 - animation-leash of starting_reveal#2869
04-16 08:51:49.342   894   894 I Layer   : id=2895 Destroyed Surface(name=2e824cc com.astrohark.app/com.astrohark.app.IncomingCallActivity)/@0x52458fc - animation-leash of starting_reveal#2895
04-16 08:51:49.573  3747  5513 I AppsEdge.Badge: key=com.astrohark.app:0 count=1
04-16 08:51:49.796   894   894 I BufferQueueProducer: [com.astrohark.app/com.astrohark.app.IncomingCallActivity$_13015#2970](this:0xb4000078941ca838,id:-1,api:0,p:-1,c:894) queueBuffer: fps=80.41 dur=1007.30 max=22.47 min=10.49
04-16 08:51:50.803   894   894 I BufferQueueProducer: [com.astrohark.app/com.astrohark.app.IncomingCallActivity$_13015#2970](this:0xb4000078941ca838,id:-1,api:0,p:-1,c:894) queueBuffer: fps=79.44 dur=1007.05 max=22.45 min=10.61
04-16 08:51:51.810   894   894 I BufferQueueProducer: [com.astrohark.app/com.astrohark.app.IncomingCallActivity$_13015#2970](this:0xb4000078941ca838,id:-1,api:0,p:-1,c:894) queueBuffer: fps=80.44 dur=1006.97 max=22.35 min=10.51
04-16 08:51:52.828   894   894 I BufferQueueProducer: [com.astrohark.app/com.astrohark.app.IncomingCallActivity$_13015#2970](this:0xb4000078941ca838,id:-1,api:0,p:-1,c:894) queueBuffer: fps=80.53 dur=1018.25 max=22.47 min=10.55
04-16 08:51:53.835   894   894 I BufferQueueProducer: [com.astrohark.app/com.astrohark.app.IncomingCallActivity$_13015#2970](this:0xb4000078941ca838,id:-1,api:0,p:-1,c:894) queueBuffer: fps=80.46 dur=1006.72 max=22.42 min=10.62
04-16 08:51:54.842   894   894 I BufferQueueProducer: [com.astrohark.app/com.astrohark.app.IncomingCallActivity$_13015#2970](this:0xb4000078941ca838,id:-1,api:0,p:-1,c:894) queueBuffer: fps=78.45 dur=1007.00 max=34.47 min=10.53
04-16 08:51:55.849   894   894 I BufferQueueProducer: [com.astrohark.app/com.astrohark.app.IncomingCallActivity$_13015#2970](this:0xb4000078941ca838,id:-1,api:0,p:-1,c:894) queueBuffer: fps=76.46 dur=1007.10 max=33.25 min=10.58
04-16 08:51:56.856   894   894 I BufferQueueProducer: [com.astrohark.app/com.astrohark.app.IncomingCallActivity$_13015#2970](this:0xb4000078941ca838,id:-1,api:0,p:-1,c:894) queueBuffer: fps=81.43 dur=1007.00 max=22.35 min=10.64
04-16 08:51:57.863   894   894 I BufferQueueProducer: [com.astrohark.app/com.astrohark.app.IncomingCallActivity$_13015#2970](this:0xb4000078941ca838,id:-1,api:0,p:-1,c:894) queueBuffer: fps=80.43 dur=1007.05 max=22.30 min=10.58
04-16 08:51:58.870   894   894 I BufferQueueProducer: [com.astrohark.app/com.astrohark.app.IncomingCallActivity$_13015#2970](this:0xb4000078941ca838,id:-1,api:0,p:-1,c:894) queueBuffer: fps=80.45 dur=1006.85 max=22.35 min=10.59
04-16 08:51:59.877   894   894 I BufferQueueProducer: [com.astrohark.app/com.astrohark.app.IncomingCallActivity$_13015#2970](this:0xb4000078941ca838,id:-1,api:0,p:-1,c:894) queueBuffer: fps=80.43 dur=1007.12 max=22.49 min=10.70
04-16 08:52:00.884   894   894 I BufferQueueProducer: [com.astrohark.app/com.astrohark.app.IncomingCallActivity$_13015#2970](this:0xb4000078941ca838,id:-1,api:0,p:-1,c:894) queueBuffer: fps=79.45 dur=1006.96 max=22.49 min=10.67
04-16 08:52:01.891   894   894 I BufferQueueProducer: [com.astrohark.app/com.astrohark.app.IncomingCallActivity$_13015#2970](this:0xb4000078941ca838,id:-1,api:0,p:-1,c:894) queueBuffer: fps=78.45 dur=1007.02 max=32.26 min=10.37
04-16 08:52:02.898   894   894 I BufferQueueProducer: [com.astrohark.app/com.astrohark.app.IncomingCallActivity$_13015#2970](this:0xb4000078941ca838,id:-1,api:0,p:-1,c:894) queueBuffer: fps=79.43 dur=1007.17 max=22.48 min=10.74
04-16 08:52:03.906   894   894 I BufferQueueProducer: [com.astrohark.app/com.astrohark.app.IncomingCallActivity$_13015#2970](this:0xb4000078941ca838,id:-1,api:0,p:-1,c:894) queueBuffer: fps=79.40 dur=1007.52 max=33.06 min=10.38
04-16 08:52:04.912   894   894 I BufferQueueProducer: [com.astrohark.app/com.astrohark.app.IncomingCallActivity$_13015#2970](this:0xb4000078941ca838,id:-1,api:0,p:-1,c:894) queueBuffer: fps=80.46 dur=1006.76 max=22.42 min=10.52
04-16 08:52:05.919   894   894 I BufferQueueProducer: [com.astrohark.app/com.astrohark.app.IncomingCallActivity$_13015#2970](this:0xb4000078941ca838,id:-1,api:0,p:-1,c:894) queueBuffer: fps=78.45 dur=1007.02 max=22.34 min=10.74
04-16 08:52:06.927   894   894 I BufferQueueProducer: [com.astrohark.app/com.astrohark.app.IncomingCallActivity$_13015#2970](this:0xb4000078941ca838,id:-1,api:0,p:-1,c:894) queueBuffer: fps=81.40 dur=1007.35 max=22.40 min=10.58
04-16 08:52:07.934   894   894 I BufferQueueProducer: [com.astrohark.app/com.astrohark.app.IncomingCallActivity$_13015#2970](this:0xb4000078941ca838,id:-1,api:0,p:-1,c:894) queueBuffer: fps=79.45 dur=1006.87 max=22.32 min=10.70
04-16 08:52:08.941   894   894 I BufferQueueProducer: [com.astrohark.app/com.astrohark.app.IncomingCallActivity$_13015#2970](this:0xb4000078941ca838,id:-1,api:0,p:-1,c:894) queueBuffer: fps=82.40 dur=1007.28 max=22.33 min=9.82
04-16 08:52:09.948   894   894 I BufferQueueProducer: [com.astrohark.app/com.astrohark.app.IncomingCallActivity$_13015#2970](this:0xb4000078941ca838,id:-1,api:0,p:-1,c:894) queueBuffer: fps=79.43 dur=1007.16 max=22.38 min=10.55
04-16 08:52:10.955   894   894 I BufferQueueProducer: [com.astrohark.app/com.astrohark.app.IncomingCallActivity$_13015#2970](this:0xb4000078941ca838,id:-1,api:0,p:-1,c:894) queueBuffer: fps=80.44 dur=1006.93 max=22.57 min=10.60
04-16 08:52:11.974   894   894 I BufferQueueProducer: [com.astrohark.app/com.astrohark.app.IncomingCallActivity$_13015#2970](this:0xb4000078941ca838,id:-1,api:0,p:-1,c:894) queueBuffer: fps=77.55 dur=1018.66 max=23.09 min=10.76
04-16 08:52:12.981   894   894 I BufferQueueProducer: [com.astrohark.app/com.astrohark.app.IncomingCallActivity$_13015#2970](this:0xb4000078941ca838,id:-1,api:0,p:-1,c:894) queueBuffer: fps=80.41 dur=1007.29 max=22.48 min=10.67
04-16 08:52:13.988   894   894 I BufferQueueProducer: [com.astrohark.app/com.astrohark.app.IncomingCallActivity$_13015#2970](this:0xb4000078941ca838,id:-1,api:0,p:-1,c:894) queueBuffer: fps=81.44 dur=1006.86 max=22.32 min=10.73
04-16 08:52:14.996   894   894 I BufferQueueProducer: [com.astrohark.app/com.astrohark.app.IncomingCallActivity$_13015#2970](this:0xb4000078941ca838,id:-1,api:0,p:-1,c:894) queueBuffer: fps=79.37 dur=1007.94 max=22.40 min=10.71
04-16 08:52:16.003   894   894 I BufferQueueProducer: [com.astrohark.app/com.astrohark.app.IncomingCallActivity$_13015#2970](this:0xb4000078941ca838,id:-1,api:0,p:-1,c:894) queueBuffer: fps=81.44 dur=1006.89 max=22.38 min=10.69
04-16 08:52:17.010   894   894 I BufferQueueProducer: [com.astrohark.app/com.astrohark.app.IncomingCallActivity$_13015#2970](this:0xb4000078941ca838,id:-1,api:0,p:-1,c:894) queueBuffer: fps=80.44 dur=1007.00 max=22.42 min=10.45
04-16 08:52:18.017   894   894 I BufferQueueProducer: [com.astrohark.app/com.astrohark.app.IncomingCallActivity$_13015#2970](this:0xb4000078941ca838,id:-1,api:0,p:-1,c:894) queueBuffer: fps=79.42 dur=1007.35 max=22.43 min=10.61
04-16 08:52:19.024   894   894 I BufferQueueProducer: [com.astrohark.app/com.astrohark.app.IncomingCallActivity$_13015#2970](this:0xb4000078941ca838,id:-1,api:0,p:-1,c:894) queueBuffer: fps=81.45 dur=1006.79 max=22.35 min=10.73
04-16 08:52:20.031   894   894 I BufferQueueProducer: [com.astrohark.app/com.astrohark.app.IncomingCallActivity$_13015#2970](this:0xb4000078941ca838,id:-1,api:0,p:-1,c:894) queueBuffer: fps=79.43 dur=1007.16 max=22.43 min=10.73
04-16 08:52:21.038   894   894 I BufferQueueProducer: [com.astrohark.app/com.astrohark.app.IncomingCallActivity$_13015#2970](this:0xb4000078941ca838,id:-1,api:0,p:-1,c:894) queueBuffer: fps=79.42 dur=1007.30 max=33.38 min=10.57
04-16 08:52:22.045   894   894 I BufferQueueProducer: [com.astrohark.app/com.astrohark.app.IncomingCallActivity$_13015#2970](this:0xb4000078941ca838,id:-1,api:0,p:-1,c:894) queueBuffer: fps=79.46 dur=1006.82 max=22.49 min=10.66
04-16 08:52:23.052   894   894 I BufferQueueProducer: [com.astrohark.app/com.astrohark.app.IncomingCallActivity$_13015#2970](this:0xb4000078941ca838,id:-1,api:0,p:-1,c:894) queueBuffer: fps=80.43 dur=1007.13 max=22.34 min=10.82
04-16 08:52:24.070   894   894 I BufferQueueProducer: [com.astrohark.app/com.astrohark.app.IncomingCallActivity$_13015#2970](this:0xb4000078941ca838,id:-1,api:0,p:-1,c:894) queueBuffer: fps=80.53 dur=1018.20 max=22.41 min=10.61
04-16 08:52:25.078   894   894 I BufferQueueProducer: [com.astrohark.app/com.astrohark.app.IncomingCallActivity$_13015#2970](this:0xb4000078941ca838,id:-1,api:0,p:-1,c:894) queueBuffer: fps=80.42 dur=1007.25 max=22.46 min=10.54
04-16 08:52:26.085   894   894 I BufferQueueProducer: [com.astrohark.app/com.astrohark.app.IncomingCallActivity$_13015#2970](this:0xb4000078941ca838,id:-1,api:0,p:-1,c:894) queueBuffer: fps=81.39 dur=1007.47 max=22.31 min=10.62
04-16 08:52:27.092   894   894 I BufferQueueProducer: [com.astrohark.app/com.astrohark.app.IncomingCallActivity$_13015#2970](this:0xb4000078941ca838,id:-1,api:0,p:-1,c:894) queueBuffer: fps=79.44 dur=1007.11 max=22.64 min=10.65
04-16 08:52:28.099   894   894 I BufferQueueProducer: [com.astrohark.app/com.astrohark.app.IncomingCallActivity$_13015#2970](this:0xb4000078941ca838,id:-1,api:0,p:-1,c:894) queueBuffer: fps=81.43 dur=1006.99 max=22.47 min=10.58
04-16 08:52:29.106   894   894 I BufferQueueProducer: [com.astrohark.app/com.astrohark.app.IncomingCallActivity$_13015#2970](this:0xb4000078941ca838,id:-1,api:0,p:-1,c:894) queueBuffer: fps=79.43 dur=1007.17 max=22.37 min=10.36
04-16 08:52:30.114   894   894 I BufferQueueProducer: [com.astrohark.app/com.astrohark.app.IncomingCallActivity$_13015#2970](this:0xb4000078941ca838,id:-1,api:0,p:-1,c:894) queueBuffer: fps=78.42 dur=1007.35 max=34.75 min=10.47
04-16 08:52:31.121   894   894 I BufferQueueProducer: [com.astrohark.app/com.astrohark.app.IncomingCallActivity$_13015#2970](this:0xb4000078941ca838,id:-1,api:0,p:-1,c:894) queueBuffer: fps=80.44 dur=1006.92 max=22.29 min=10.75
04-16 08:52:32.128   894   894 I BufferQueueProducer: [com.astrohark.app/com.astrohark.app.IncomingCallActivity$_13015#2970](this:0xb4000078941ca838,id:-1,api:0,p:-1,c:894) queueBuffer: fps=79.41 dur=1007.39 max=22.39 min=10.37
04-16 08:52:33.135   894   894 I BufferQueueProducer: [com.astrohark.app/com.astrohark.app.IncomingCallActivity$_13015#2970](this:0xb4000078941ca838,id:-1,api:0,p:-1,c:894) queueBuffer: fps=82.41 dur=1007.16 max=22.43 min=10.41
04-16 08:52:34.142   894   894 I BufferQueueProducer: [com.astrohark.app/com.astrohark.app.IncomingCallActivity$_13015#2970](this:0xb4000078941ca838,id:-1,api:0,p:-1,c:894) queueBuffer: fps=79.44 dur=1007.07 max=22.47 min=10.66
04-16 08:52:35.150   894   894 I BufferQueueProducer: [com.astrohark.app/com.astrohark.app.IncomingCallActivity$_13015#2970](this:0xb4000078941ca838,id:-1,api:0,p:-1,c:894) queueBuffer: fps=81.40 dur=1007.32 max=22.39 min=10.51
04-16 08:52:36.157   894   894 I BufferQueueProducer: [com.astrohark.app/com.astrohark.app.IncomingCallActivity$_13015#2970](this:0xb4000078941ca838,id:-1,api:0,p:-1,c:894) queueBuffer: fps=79.42 dur=1007.29 max=22.47 min=10.73
04-16 08:52:37.165   894   894 I BufferQueueProducer: [com.astrohark.app/com.astrohark.app.IncomingCallActivity$_13015#2970](this:0xb4000078941ca838,id:-1,api:0,p:-1,c:894) queueBuffer: fps=80.38 dur=1007.67 max=22.45 min=10.82
04-16 08:52:38.172   894   894 I BufferQueueProducer: [com.astrohark.app/com.astrohark.app.IncomingCallActivity$_13015#2970](this:0xb4000078941ca838,id:-1,api:0,p:-1,c:894) queueBuffer: fps=80.43 dur=1007.14 max=22.51 min=10.64
04-16 08:52:39.179   894   894 I BufferQueueProducer: [com.astrohark.app/com.astrohark.app.IncomingCallActivity$_13015#2970](this:0xb4000078941ca838,id:-1,api:0,p:-1,c:894) queueBuffer: fps=78.45 dur=1006.98 max=33.22 min=10.43
04-16 08:52:40.186   894   894 I BufferQueueProducer: [com.astrohark.app/com.astrohark.app.IncomingCallActivity$_13015#2970](this:0xb4000078941ca838,id:-1,api:0,p:-1,c:894) queueBuffer: fps=79.39 dur=1007.65 max=22.48 min=10.48
04-16 08:52:41.193   894   894 I BufferQueueProducer: [com.astrohark.app/com.astrohark.app.IncomingCallActivity$_13015#2970](this:0xb4000078941ca838,id:-1,api:0,p:-1,c:894) queueBuffer: fps=79.44 dur=1007.07 max=22.46 min=10.77
04-16 08:52:42.201   894   894 I BufferQueueProducer: [com.astrohark.app/com.astrohark.app.IncomingCallActivity$_13015#2970](this:0xb4000078941ca838,id:-1,api:0,p:-1,c:894) queueBuffer: fps=81.41 dur=1007.28 max=22.40 min=10.56
04-16 08:52:43.208   894   894 I BufferQueueProducer: [com.astrohark.app/com.astrohark.app.IncomingCallActivity$_13015#2970](this:0xb4000078941ca838,id:-1,api:0,p:-1,c:894) queueBuffer: fps=80.42 dur=1007.20 max=22.43 min=10.52
04-16 08:52:44.215   894   894 I BufferQueueProducer: [com.astrohark.app/com.astrohark.app.IncomingCallActivity$_13015#2970](this:0xb4000078941ca838,id:-1,api:0,p:-1,c:894) queueBuffer: fps=79.41 dur=1007.38 max=22.40 min=10.76
04-16 08:52:45.223   894   894 I BufferQueueProducer: [com.astrohark.app/com.astrohark.app.IncomingCallActivity$_13015#2970](this:0xb4000078941ca838,id:-1,api:0,p:-1,c:894) queueBuffer: fps=81.41 dur=1007.25 max=22.46 min=10.55
04-16 08:52:46.230   894   894 I BufferQueueProducer: [com.astrohark.app/com.astrohark.app.IncomingCallActivity$_13015#2970](this:0xb4000078941ca838,id:-1,api:0,p:-1,c:894) queueBuffer: fps=79.43 dur=1007.23 max=22.35 min=10.55
04-16 08:52:47.248   894   894 I BufferQueueProducer: [com.astrohark.app/com.astrohark.app.IncomingCallActivity$_13015#2970](this:0xb4000078941ca838,id:-1,api:0,p:-1,c:894) queueBuffer: fps=77.56 dur=1018.59 max=57.70 min=10.45
04-16 08:52:48.255   894   894 I BufferQueueProducer: [com.astrohark.app/com.astrohark.app.IncomingCallActivity$_13015#2970](this:0xb4000078941ca838,id:-1,api:0,p:-1,c:894) queueBuffer: fps=80.44 dur=1007.01 max=22.36 min=10.81
04-16 08:52:49.263   894   894 I BufferQueueProducer: [com.astrohark.app/com.astrohark.app.IncomingCallActivity$_13015#2970](this:0xb4000078941ca838,id:-1,api:0,p:-1,c:894) queueBuffer: fps=80.41 dur=1007.30 max=22.47 min=10.56
04-16 08:52:50.270   894   894 I BufferQueueProducer: [com.astrohark.app/com.astrohark.app.IncomingCallActivity$_13015#2970](this:0xb4000078941ca838,id:-1,api:0,p:-1,c:894) queueBuffer: fps=81.43 dur=1007.02 max=22.40 min=10.69
04-16 08:52:51.277   894   894 I BufferQueueProducer: [com.astrohark.app/com.astrohark.app.IncomingCallActivity$_13015#2970](this:0xb4000078941ca838,id:-1,api:0,p:-1,c:894) queueBuffer: fps=79.38 dur=1007.76 max=22.29 min=10.59
04-16 08:52:52.284   894   894 I BufferQueueProducer: [com.astrohark.app/com.astrohark.app.IncomingCallActivity$_13015#2970](this:0xb4000078941ca838,id:-1,api:0,p:-1,c:894) queueBuffer: fps=81.46 dur=1006.57 max=22.44 min=10.52
04-16 08:52:53.291   894   894 I BufferQueueProducer: [com.astrohark.app/com.astrohark.app.IncomingCallActivity$_13015#2970](this:0xb4000078941ca838,id:-1,api:0,p:-1,c:894) queueBuffer: fps=79.44 dur=1007.02 max=22.36 min=10.60
04-16 08:52:54.298   894   894 I BufferQueueProducer: [com.astrohark.app/com.astrohark.app.IncomingCallActivity$_13015#2970](this:0xb4000078941ca838,id:-1,api:0,p:-1,c:894) queueBuffer: fps=81.42 dur=1007.10 max=22.39 min=10.57
04-16 08:52:55.306   894   894 I BufferQueueProducer: [com.astrohark.app/com.astrohark.app.IncomingCallActivity$_13015#2970](this:0xb4000078941ca838,id:-1,api:0,p:-1,c:894) queueBuffer: fps=80.39 dur=1007.55 max=22.40 min=10.49
04-16 08:52:56.313   894   894 I BufferQueueProducer: [com.astrohark.app/com.astrohark.app.IncomingCallActivity$_13015#2970](this:0xb4000078941ca838,id:-1,api:0,p:-1,c:894) queueBuffer: fps=77.46 dur=1006.95 max=44.41 min=10.69
04-16 08:52:57.320   894   894 I BufferQueueProducer: [com.astrohark.app/com.astrohark.app.IncomingCallActivity$_13015#2970](this:0xb4000078941ca838,id:-1,api:0,p:-1,c:894) queueBuffer: fps=81.42 dur=1007.18 max=22.44 min=10.51
04-16 08:52:58.327   894   894 I BufferQueueProducer: [com.astrohark.app/com.astrohark.app.IncomingCallActivity$_13015#2970](this:0xb4000078941ca838,id:-1,api:0,p:-1,c:894) queueBuffer: fps=79.44 dur=1007.11 max=22.33 min=10.69
04-16 08:52:59.345   894   894 I BufferQueueProducer: [com.astrohark.app/com.astrohark.app.IncomingCallActivity$_13015#2970](this:0xb4000078941ca838,id:-1,api:0,p:-1,c:894) queueBuffer: fps=81.50 dur=1018.46 max=22.32 min=10.44
04-16 08:53:00.353   894   894 I BufferQueueProducer: [com.astrohark.app/com.astrohark.app.IncomingCallActivity$_13015#2970](this:0xb4000078941ca838,id:-1,api:0,p:-1,c:894) queueBuffer: fps=79.43 dur=1007.22 max=22.27 min=10.46
04-16 08:53:01.360   894   894 I BufferQueueProducer: [com.astrohark.app/com.astrohark.app.IncomingCallActivity$_13015#2970](this:0xb4000078941ca838,id:-1,api:0,p:-1,c:894) queueBuffer: fps=81.42 dur=1007.10 max=22.35 min=10.74
04-16 08:53:02.367   894   894 I BufferQueueProducer: [com.astrohark.app/com.astrohark.app.IncomingCallActivity$_13015#2970](this:0xb4000078941ca838,id:-1,api:0,p:-1,c:894) queueBuffer: fps=80.42 dur=1007.22 max=22.40 min=10.68
04-16 08:53:03.374   894   894 I BufferQueueProducer: [com.astrohark.app/com.astrohark.app.IncomingCallActivity$_13015#2970](this:0xb4000078941ca838,id:-1,api:0,p:-1,c:894) queueBuffer: fps=79.42 dur=1007.29 max=22.40 min=10.71
04-16 08:53:04.393   894   894 I BufferQueueProducer: [com.astrohark.app/com.astrohark.app.IncomingCallActivity$_13015#2970](this:0xb4000078941ca838,id:-1,api:0,p:-1,c:894) queueBuffer: fps=81.48 dur=1018.69 max=22.35 min=10.52
04-16 08:53:05.400   894   894 I BufferQueueProducer: [com.astrohark.app/com.astrohark.app.IncomingCallActivity$_13015#2970](this:0xb4000078941ca838,id:-1,api:0,p:-1,c:894) queueBuffer: fps=78.47 dur=1006.81 max=22.97 min=10.67
04-16 08:53:06.418   894   894 I BufferQueueProducer: [com.astrohark.app/com.astrohark.app.IncomingCallActivity$_13015#2970](this:0xb4000078941ca838,id:-1,api:0,p:-1,c:894) queueBuffer: fps=80.50 dur=1018.57 max=22.37 min=10.72
04-16 08:53:07.425   894   894 I BufferQueueProducer: [com.astrohark.app/com.astrohark.app.IncomingCallActivity$_13015#2970](this:0xb4000078941ca838,id:-1,api:0,p:-1,c:894) queueBuffer: fps=80.44 dur=1006.99 max=22.48 min=10.68
04-16 08:53:08.433   894   894 I BufferQueueProducer: [com.astrohark.app/com.astrohark.app.IncomingCallActivity$_13015#2970](this:0xb4000078941ca838,id:-1,api:0,p:-1,c:894) queueBuffer: fps=80.41 dur=1007.33 max=22.47 min=10.56
04-16 08:53:09.451   894   894 I BufferQueueProducer: [com.astrohark.app/com.astrohark.app.IncomingCallActivity$_13015#2970](this:0xb4000078941ca838,id:-1,api:0,p:-1,c:894) queueBuffer: fps=80.53 dur=1018.27 max=22.45 min=10.64
04-16 08:53:10.458   894   894 I BufferQueueProducer: [com.astrohark.app/com.astrohark.app.IncomingCallActivity$_13015#2970](this:0xb4000078941ca838,id:-1,api:0,p:-1,c:894) queueBuffer: fps=79.42 dur=1007.34 max=22.43 min=10.76
04-16 08:53:11.466   894   894 I BufferQueueProducer: [com.astrohark.app/com.astrohark.app.IncomingCallActivity$_13015#2970](this:0xb4000078941ca838,id:-1,api:0,p:-1,c:894) queueBuffer: fps=82.40 dur=1007.31 max=22.38 min=10.75
04-16 08:53:12.472   894   894 I BufferQueueProducer: [com.astrohark.app/com.astrohark.app.IncomingCallActivity$_13015#2970](this:0xb4000078941ca838,id:-1,api:0,p:-1,c:894) queueBuffer: fps=79.45 dur=1006.93 max=22.49 min=10.58
04-16 08:53:13.491   894   894 I BufferQueueProducer: [com.astrohark.app/com.astrohark.app.IncomingCallActivity$_13015#2970](this:0xb4000078941ca838,id:-1,api:0,p:-1,c:894) queueBuffer: fps=80.51 dur=1018.48 max=22.41 min=10.73
04-16 08:53:14.498   894   894 I BufferQueueProducer: [com.astrohark.app/com.astrohark.app.IncomingCallActivity$_13015#2970](this:0xb4000078941ca838,id:-1,api:0,p:-1,c:894) queueBuffer: fps=80.41 dur=1007.32 max=22.95 min=10.47
04-16 08:53:15.505   894   894 I BufferQueueProducer: [com.astrohark.app/com.astrohark.app.IncomingCallActivity$_13015#2970](this:0xb4000078941ca838,id:-1,api:0,p:-1,c:894) queueBuffer: fps=79.43 dur=1007.17 max=22.36 min=10.68
04-16 08:53:16.524   894   894 I BufferQueueProducer: [com.astrohark.app/com.astrohark.app.IncomingCallActivity$_13015#2970](this:0xb4000078941ca838,id:-1,api:0,p:-1,c:894) queueBuffer: fps=81.50 dur=1018.45 max=22.33 min=10.56
04-16 08:53:17.531   894   894 I BufferQueueProducer: [com.astrohark.app/com.astrohark.app.IncomingCallActivity$_13015#2970](this:0xb4000078941ca838,id:-1,api:0,p:-1,c:894) queueBuffer: fps=79.42 dur=1007.28 max=22.37 min=10.60
04-16 08:53:18.538   894   894 I BufferQueueProducer: [com.astrohark.app/com.astrohark.app.IncomingCallActivity$_13015#2970](this:0xb4000078941ca838,id:-1,api:0,p:-1,c:894) queueBuffer: fps=82.40 dur=1007.23 max=22.36 min=10.56
04-16 08:53:19.546   894   894 I BufferQueueProducer: [com.astrohark.app/com.astrohark.app.IncomingCallActivity$_13015#2970](this:0xb4000078941ca838,id:-1,api:0,p:-1,c:894) queueBuffer: fps=79.41 dur=1007.39 max=22.38 min=10.60
04-16 08:53:20.553   894   894 I BufferQueueProducer: [com.astrohark.app/com.astrohark.app.IncomingCallActivity$_13015#2970](this:0xb4000078941ca838,id:-1,api:0,p:-1,c:894) queueBuffer: fps=80.42 dur=1007.16 max=22.33 min=10.55
04-16 08:53:21.560   894   894 I BufferQueueProducer: [com.astrohark.app/com.astrohark.app.IncomingCallActivity$_13015#2970](this:0xb4000078941ca838,id:-1,api:0,p:-1,c:894) queueBuffer: fps=80.41 dur=1007.34 max=22.38 min=10.66
04-16 08:53:22.567   894   894 I BufferQueueProducer: [com.astrohark.app/com.astrohark.app.IncomingCallActivity$_13015#2970](this:0xb4000078941ca838,id:-1,api:0,p:-1,c:894) queueBuffer: fps=79.43 dur=1007.13 max=22.35 min=10.45
04-16 08:53:23.575   894   894 I BufferQueueProducer: [com.astrohark.app/com.astrohark.app.IncomingCallActivity$_13015#2970](this:0xb4000078941ca838,id:-1,api:0,p:-1,c:894) queueBuffer: fps=79.43 dur=1007.22 max=33.68 min=10.31
04-16 08:53:24.147  1861 17291 D SecFgsManagerControllerImpl: onForegroundStateChanged: dialogShown:false, isForeground:false, packageName:com.astrohark.app , token:android.os.BinderProxy@ed10ba6, userId:0
04-16 08:53:24.148  1434  1434 D EdgeLightingManager: hideForNotification : packageName = com.astrohark.app
04-16 08:53:24.148  1434  1434 D EdgeLightingPolicyManager:NotificationGroup: remove : sbn : StatusBarNotification(pkg=com.astrohark.app user=UserHandle{0} id=1001 tag=null key=0|com.astrohark.app|1001|null|10352: Notification(channel=call_foreground_channel shortcut=null contentView=null vibrate=null sound=null defaults=0x0 flags=0xe2 color=0x00000000 category=call vis=PRIVATE semFlags=0x1000 semPriority=0 semMissedCount=0))
04-16 08:53:24.153  1434  2037 D ActivityTaskManager: scheduleTopResumedActivityChanged, onTop=false r=ActivityRecord{7853ebb u0 com.astrohark.app/.IncomingCallActivity} t300 f}} caller=com.android.server.wm.ActivityTaskSupervisor.updateTopResumedActivityIfNeeded:2510 com.android.server.wm.TaskDisplayArea.positionChildTaskAt:602 com.android.server.wm.TaskDisplayArea.positionChildAt:537 com.android.server.wm.WindowContainer.positionChildAt:970 com.android.server.wm.Task.positionChildAt:3354 com.android.server.wm.Task.moveToFrontInner:6053 
04-16 08:53:24.155  1434  2037 V WindowManager: Changing focus from Window{2ce453f u0 com.astrohark.app/com.astrohark.app.IncomingCallActivity} to null displayId=0 Callers=com.android.server.wm.RootWindowContainer.updateFocusedWindowLocked:595 com.android.server.wm.WindowManagerService.updateFocusedWindowLocked:6810 com.android.server.wm.ActivityTaskManagerService.setResumedActivityUncheckLocked:5766 com.android.server.wm.ActivityRecord.moveFocusableActivityToTop:3874 
04-16 08:53:24.156  1434  2037 D MARsPolicyManager: onPackageResumedFG pkgName = com.astrohark.app, userId = 0
04-16 08:53:24.163  1434  1434 D NotificationReminder: removeFromNotiList record com.astrohark.app
04-16 08:53:24.166   894   894 I SurfaceFlinger: operator()(), mtkRenderCntDebug 219, screenshot (com.astrohark.app/com.astrohark.app.IncomingCallActivity$_13015#2970)
04-16 08:53:24.189  1434 10059 W ActivityTaskManager: Duplicate finish request for r=ActivityRecord{7853ebb u0 com.astrohark.app/.IncomingCallActivity} t300 f}}
04-16 08:53:24.194   894   894 I SurfaceFlinger: [2ce453f com.astrohark.app/com.astrohark.app.IncomingCallActivity#2968] FrameRatePriority: -1
04-16 08:53:24.197  1434  3114 D InputDispatcher: Focus left window (0): 2ce453f com.astrohark.app/com.astrohark.app.IncomingCallActivity
04-16 08:53:24.212  1434  1463 D SGM:FgCheckThread: notePauseComponent(), received pkgName: com.astrohark.app, userId: 0
04-16 08:53:24.259  1434  3468 D WindowManager: updateSystemBarAttributes: displayId=0, win=Window{ab1bcd3 u0 com.sec.android.app.launcher/com.sec.android.app.launcher.activities.LauncherActivity}, navColorWin=Window{2ce453f u0 com.astrohark.app/com.astrohark.app.IncomingCallActivity}, focusedCanBeNavColorWin=false, behavior=2, appearance=0, statusBarAppearanceRegions=[], requestedVisibilities=, from=com.android.server.wm.DisplayPolicy.focusChangedLw:3247 com.android.server.wm.DisplayContent.updateFocusedWindowLocked:4632 com.android.server.wm.RootWindowContainer.updateFocusedWindowLocked:595 
04-16 08:53:24.283 13015 13015 D InsetsController: onStateChanged: InsetsState: {mDisplayFrame=Rect(0, 0 - 1080, 2400), mDisplayCutout=DisplayCutout{insets=Rect(0, 78 - 0, 0) waterfall=Insets{left=0, top=0, right=0, bottom=0} boundingRect={Bounds=[Rect(0, 0 - 0, 0), Rect(468, 0 - 612, 78), Rect(0, 0 - 0, 0), Rect(0, 0 - 0, 0)]} cutoutPathParserInfo={CutoutPathParserInfo{displayWidth=1080 displayHeight=2400 physicalDisplayWidth=1080 physicalDisplayHeight=2400 density={2.8125} cutoutSpec={M 0,0 H -25.6 V 27.73333333333333 H 25.6 V 0 H 0 Z @dp} rotation={0} scale={1.0} physicalPixelDisplaySizeRatio={1.0}}}}, mRoundedCorners=RoundedCorners{[RoundedCorner{position=TopLeft, radius=90, center=Point(90, 90)}, RoundedCorner{position=TopRight, radius=90, center=Point(990, 90)}, RoundedCorner{position=BottomRight, radius=90, center=Point(990, 2310)}, RoundedCorner{position=BottomLeft, radius=90, center=Point(90, 2310)}]}  mRoundedCornerFrame=Rect(0, 0 - 1080, 2400), mPrivacyIndicatorBounds=PrivacyIndicatorBounds {static bounds=Rect(956, 0 - 1080, 78) rotation=0}, mSources= { InsetsSource: {mType=ITYPE_STATUS_BAR, mFrame=[0,0][1080,78], mVisible=true, mInsetsRoundedCornerFrame=false}, InsetsSource: {mType=ITYPE_NAVIGATION_BAR, mFrame=[0,2265][1080,2400], mVisible=true, mInsetsRoundedCornerFrame=false}, InsetsSource: {mType=ITYPE_LEFT_GESTURES, mFrame=[0,0][0,2400], mVisible=true, mInsetsRoundedCornerFrame=false}, InsetsSource: {mType=ITYPE_RIGHT_GESTURES, mFrame=[1080,0][1080,2400], mVisible=true, mInsetsRoundedCornerFrame=false}, InsetsSource: {mType=ITYPE_TOP_MANDATORY_GESTURES, mFrame=[0,0][1080,112], mVisible=true, mInsetsRoundedCornerFrame=false}, InsetsSource: {mType=ITYPE_BOTTOM_MANDATORY_GESTURES, mFrame=[0,2265][1080,2400], mVisible=true, mInsetsRoundedCornerFrame=false}, InsetsSource: {mType=ITYPE_LEFT_DISPLAY_CUTOUT, mFrame=[0,0][-100000,2400], mVisible=true, mInsetsRoundedCornerFrame=false}, InsetsSource: {mType=ITYPE_TOP_DISPLAY_CUTOUT, mFrame=[0,0][1080,78], mVisible=true, mInsetsRoundedCornerFrame=false}, InsetsSource: {mType=ITYPE_RIGHT_DISPLAY_CUTOUT, mFrame=[100000,0][1080,2400], mVisible=true, mInsetsRoundedCornerFrame=false}, InsetsSource: {mType=ITYPE_BOTTOM_DISPLAY_CUTOUT, mFrame=[0,100000][1080,2400], mVisible=true, mInsetsRoundedCornerFrame=false}, InsetsSource: {mType=ITYPE_TOP_TAPPABLE_ELEMENT, mFrame=[0,0][1080,78], mVisible=true, mInsetsRoundedCornerFrame=false}, InsetsSource: {mType=ITYPE_BOTTOM_TAPPABLE_ELEMENT, mFrame=[0,2265][1080,2400], mVisible=true, mInsetsRoundedCornerFrame=false}, InsetsSource: {mType=ITYPE_IME, mFrame=[0,0][0,0], mVisibleFrame=[0,1392][1080,2400], mVisible=false, mInsetsRoundedCornerFrame=false} } host=com.astrohark.app/com.astrohark.app.IncomingCallActivity from=android.view.ViewRootImpl$ViewRootHandler.handleMessageImpl:6740
04-16 08:53:24.321   894   894 D SurfaceFlinger:      DEVICE | 0xb40000789dc08300 | 0102 | RGBA_8888    |    0.0    0.0 1080.0 2322.0 |    0   78 1080 2400 | com.astrohark.app/com.astrohark.app.IncomingCallActivity$_13015#2970
04-16 08:53:24.321  1434  1464 D WindowManager: createAnimationAdapter(): container=Task{c7adfd8 #300 type=standard I=com.astrohark.app/.IncomingCallActivity U=0 visible=false visibleRequested=false mode=fullscreen translucent=true sz=1}
04-16 08:53:24.326  1434  1464 D WindowManager: 	Add container=Task{c7adfd8 #300 type=standard I=com.astrohark.app/.IncomingCallActivity U=0 visible=false visibleRequested=false mode=fullscreen translucent=true sz=1}
04-16 08:53:24.336  1434  1464 I WindowManager:   windowType=-1  hasAnimatingParent=false  backgroundColor=0container=Task{c7adfd8 #300 type=standard I=com.astrohark.app/.IncomingCallActivity U=0 visible=false visibleRequested=false mode=fullscreen translucent=true sz=1}
04-16 08:53:24.336  1434  1464 I WindowManager:   taskInfo=TaskInfo{userId=0 taskId=300 displayId=0 isRunning=false baseIntent=Intent { flg=0x34820000 cmp=com.astrohark.app/.IncomingCallActivity } baseActivity=null topActivity=null origActivity=null realActivity=ComponentInfo{com.astrohark.app/com.astrohark.app.IncomingCallActivity} numActivities=0 lastActiveTime=43463912 supportsSplitScreenMultiWindow=true supportsMultiWindow=true resizeMode=1 isResizeable=true minWidth=-1 minHeight=-1 defaultMinSize=220 token=WCT{RemoteToken{e86c487 Task{c7adfd8 #300 type=standard I=com.astrohark.app/.IncomingCallActivity U=0 visible=false visibleRequested=false mode=fullscreen translucent=true sz=1}}} topActivityType=1 pictureInPictureParams=null shouldDockBigOverlays=false launchIntoPipHostTaskId=0 displayCutoutSafeInsets=Rect(0, 78 - 0, 0) topActivityInfo=null launchCookies=[] positionInParent=Point(0, 0) parentTaskId=-1 isFocused=false isVisible=false isSleeping=false topActivityInSizeCompat=false topActivityEligibleForLetterboxEducation= false locusId=null displayAreaFeatureId=1 cameraCompatControlState=hidden originallySupportedSplitScreen=true hasWallpaper=false isTopTransparentActivity=false topActivityInFixedAspectRatio=false topActivityInDisplayCompat=false topActivityInBoundsCompat=false topActivityBounds=null}
04-16 08:53:24.387   894   894 D SurfaceFlinger:      CLIENT | 0xb40000789dc08300 | 0102 | RGBA_8888    |    0.0    0.0 1080.0 2322.0 |    4   86 1076 2391 | com.astrohark.app/com.astrohark.app.IncomingCallActivity$_13015#2970
04-16 08:53:24.582   894   894 I BufferQueueProducer: [com.astrohark.app/com.astrohark.app.IncomingCallActivity$_13015#2970](this:0xb4000078941ca838,id:-1,api:0,p:-1,c:894) queueBuffer: fps=63.51 dur=1007.68 max=55.99 min=8.12
04-16 08:53:24.610  1434 10059 V WindowManager: Setting visibility of Window{2ce453f u0 com.astrohark.app/com.astrohark.app.IncomingCallActivity}: false, caller=com.android.server.wm.WindowContainer.sendAppVisibilityToClients:1246 com.android.server.wm.WindowToken.setClientVisible:431 com.android.server.wm.ActivityRecord.setClientVisible:7691 com.android.server.wm.ActivityRecord.onAnimationFinished:8590 com.android.server.wm.WindowContainer.doAnimationFinished:3483 
04-16 08:53:24.611  1434 10059 D WindowManager: 	container=Task{c7adfd8 #300 type=standard I=com.astrohark.app/.IncomingCallActivity U=0 visible=false visibleRequested=false mode=fullscreen translucent=true sz=1}
04-16 08:53:24.627   894   894 I Layer   : Layer [com.astrohark.app/com.astrohark.app.IncomingCallActivity$_13015#2970] hidden!! flag(1)
04-16 08:53:24.654  1434  3458 V WindowManager: Relayout Window{2ce453f u0 com.astrohark.app/com.astrohark.app.IncomingCallActivity}: viewVisibility=8 req=1080x2322 d0
04-16 08:53:24.666 13015 13015 I ViewRootImpl@d1710ef[IncomingCallActivity]: WindowStopped on com.astrohark.app/com.astrohark.app.IncomingCallActivity set to true
04-16 08:53:24.701  1434  3458 D CoreBackPreview: Window{2ce453f u0 com.astrohark.app/com.astrohark.app.IncomingCallActivity}: Setting back callback null
04-16 08:53:24.708  1434  3458 W InputManager-JNI: Input channel object '2ce453f com.astrohark.app/com.astrohark.app.IncomingCallActivity (client)' was disposed without first being removed with the input manager!
04-16 08:53:24.708  1434  3458 V WindowManager: Remove Window{2ce453f u0 com.astrohark.app/com.astrohark.app.IncomingCallActivity}: mSurfaceController=Surface(name=com.astrohark.app/com.astrohark.app.IncomingCallActivity$_13015)/@0x3742581 mAnimatingExit=false mRemoveOnExit=false mHasSurface=true surfaceShowing=false animating=false app-animation=false mWillReplaceWindow=false mDisplayFrozen=false callers=com.android.server.wm.WindowState.removeIfPossible:3041 com.android.server.wm.WindowManagerService.removeWindow:2289 com.android.server.wm.Session.remove:236 android.view.IWindowSession$Stub.onTransact:743 com.android.server.wm.Session.onTransact:188 android.os.Binder.execTransactInternal:1316 
04-16 08:53:24.708  1434  3458 I WindowManager: Destroying surface Surface(name=com.astrohark.app/com.astrohark.app.IncomingCallActivity$_13015)/@0x3742581 called by com.android.server.wm.WindowStateAnimator.destroySurface:942 com.android.server.wm.WindowStateAnimator.destroySurfaceLocked:536 com.android.server.wm.WindowState.removeImmediately:2969 com.android.server.wm.WindowState.removeIfPossible:3228 com.android.server.wm.WindowState.removeIfPossible:3041 com.android.server.wm.WindowManagerService.removeWindow:2289 com.android.server.wm.Session.remove:236 android.view.IWindowSession$Stub.onTransact:743 
04-16 08:53:24.713   894 17159 I SurfaceFlinger: id=2967 Removed 3c20f4a ActivityRecordInputSink com.astrohark.app/.IncomingCallActivity#2967 (113)
04-16 08:53:24.714  1434  3458 W InputManager-JNI: Input channel object 'Letterbox_left_ActivityRecord{7853ebb u0 com.astrohark.app/.IncomingCallActivity} t300} (client)' was disposed without first being removed with the input manager!
04-16 08:53:24.714   894   894 I Layer   : id=2970 removeFromCurrentState com.astrohark.app/com.astrohark.app.IncomingCallActivity$_13015#2970 (113)
04-16 08:53:24.715   894   894 I Layer   : id=2968 removeFromCurrentState 2ce453f com.astrohark.app/com.astrohark.app.IncomingCallActivity#2968 (113)
04-16 08:53:24.715  1434  3458 W InputManager-JNI: Input channel object 'Letterbox_top_ActivityRecord{7853ebb u0 com.astrohark.app/.IncomingCallActivity} t300} (client)' was disposed without first being removed with the input manager!
04-16 08:53:24.715   894   894 I SurfaceFlinger: id=2970 Removed com.astrohark.app/com.astrohark.app.IncomingCallActivity$_13015#2970 (113)
04-16 08:53:24.715   894   894 I SurfaceFlinger: id=2968 Removed 2ce453f com.astrohark.app/com.astrohark.app.IncomingCallActivity#2968 (113)
04-16 08:53:24.715  1434  3458 W InputManager-JNI: Input channel object 'Letterbox_right_ActivityRecord{7853ebb u0 com.astrohark.app/.IncomingCallActivity} t300} (client)' was disposed without first being removed with the input manager!
04-16 08:53:24.715   894   894 I Layer   : id=2968 Destroyed 2ce453f com.astrohark.app/com.astrohark.app.IncomingCallActivity#2968
04-16 08:53:24.715   894   894 I BufferQueueDebug: [com.astrohark.app/com.astrohark.app.IncomingCallActivity$_13015#2970](this:0xb4000078941ca838,id:-1,api:0,p:-1,c:894) onDestructor()
04-16 08:53:24.715   894   894 I Layer   : id=2970 Destroyed com.astrohark.app/com.astrohark.app.IncomingCallActivity$_13015#2970
04-16 08:53:24.715  1434  3458 W InputManager-JNI: Input channel object 'Letterbox_bottom_ActivityRecord{7853ebb u0 com.astrohark.app/.IncomingCallActivity} t300} (client)' was disposed without first being removed with the input manager!
04-16 08:53:24.726   894   894 I Layer   : id=2962 removeFromCurrentState ActivityRecord{7853ebb u0 com.astrohark.app/.IncomingCallActivity} t300}#2962 (111)
04-16 08:53:24.726   894   894 I Layer   : id=2967 removeFromCurrentState 3c20f4a ActivityRecordInputSink com.astrohark.app/.IncomingCallActivity#2967 (111)
04-16 08:53:24.726   894   894 I SurfaceFlinger: id=2962 Removed ActivityRecord{7853ebb u0 com.astrohark.app/.IncomingCallActivity} t300}#2962 (111)
04-16 08:53:24.726   894   894 I Layer   : id=2962 Destroyed ActivityRecord{7853ebb u0 com.astrohark.app/.IncomingCallActivity} t300}#2962
04-16 08:53:24.726   894   894 I Layer   : id=2967 Destroyed 3c20f4a ActivityRecordInputSink com.astrohark.app/.IncomingCallActivity#2967
04-16 09:55:12.860 15176 15184 I CameraManagerGlobal: Camera 1 facing CAMERA_FACING_FRONT state now CAMERA_STATE_CLOSED for client com.astrohark.app API Level 2User Id 0
04-16 10:29:38.074  2795 15757 I PhenotypeResourceReader: unable to find any Phenotype resource metadata for com.astrohark.app
04-16 10:43:15.256  1434  3463 I ActivityManager: Force stopping com.astrohark.app appid=10352 user=-1: set debug app
04-16 10:43:15.257  1434  3463 I ActivityManager: Killing 13015:com.astrohark.app/u0a352 (adj 850): stop com.astrohark.app due to set debug app
04-16 10:43:15.258  1434  3463 D ActivityManager: proc ProcessRecord{c8c65b7 13015:com.astrohark.app/u0a352} already removed. so we skip next process.
04-16 10:43:15.327  1434  2423 V ActivityManager: Got obituary of 13015:com.astrohark.app
04-16 10:43:15.328   894   941 D SurfaceFlinger: [SF client] REMOVE (0xb4000078bb6604a0) for (13015:com.astrohark.app)
04-16 10:44:48.873  1434  2035 I ActivityManager: Force stopping com.astrohark.app appid=10352 user=-1: set debug app
04-16 11:00:38.318  1434  3474 I ActivityManager: Force stopping com.astrohark.app appid=10352 user=-1: set debug app
04-16 11:00:46.499  1434  3114 I ActivityManager: Force stopping com.astrohark.app appid=10352 user=-1: set debug app
04-16 11:08:17.661  1434  1475 I ActivityManager: Start proc 19194:com.astrohark.app/u0a352 for broadcast {com.astrohark.app/com.google.firebase.iid.FirebaseInstanceIdReceiver}
04-16 11:08:17.662  1434  1475 D DynamicHiddenApp_BGProtectManager: [SecIpm] it's a ML_TYPE_EMPTYPROCESS protected process com.astrohark.app
04-16 11:08:17.815  1434  3460 I ActivityManager: DSS OFF for com.astrohark.app
04-16 11:08:17.853 17321 17354 I CameraManagerGlobal: Camera 1 facing CAMERA_FACING_FRONT state now CAMERA_STATE_CLOSED for client com.astrohark.app API Level 2User Id 0
04-16 11:08:17.942 19194 19194 W ActivityThread: Application com.astrohark.app can be debugged on port 8100...
04-16 11:08:17.956 19194 19194 D nativeloader: Configuring clns-4 for other apk /system/framework/org.apache.http.legacy.jar. target_sdk_version=35, uses_libraries=ALL, library_path=/data/app/~~PgmP-xx7Y9ph-cLWz7W8zQ==/com.astrohark.app-apEP5HvJkqM3qCarE2GluQ==/lib/arm64:/data/app/~~PgmP-xx7Y9ph-cLWz7W8zQ==/com.astrohark.app-apEP5HvJkqM3qCarE2GluQ==/base.apk!/lib/arm64-v8a, permitted_path=/data:/mnt/expand:/data/user/0/com.astrohark.app
04-16 11:08:19.211 19194 19194 D nativeloader: Configuring clns-5 for other apk /data/app/~~PgmP-xx7Y9ph-cLWz7W8zQ==/com.astrohark.app-apEP5HvJkqM3qCarE2GluQ==/base.apk. target_sdk_version=35, uses_libraries=, library_path=/data/app/~~PgmP-xx7Y9ph-cLWz7W8zQ==/com.astrohark.app-apEP5HvJkqM3qCarE2GluQ==/lib/arm64:/data/app/~~PgmP-xx7Y9ph-cLWz7W8zQ==/com.astrohark.app-apEP5HvJkqM3qCarE2GluQ==/base.apk!/lib/arm64-v8a, permitted_path=/data:/mnt/expand:/data/user/0/com.astrohark.app
04-16 11:08:19.242 19194 19194 V GraphicsEnvironment: ANGLE Developer option for 'com.astrohark.app' set to: 'default'
04-16 11:08:19.243 19194 19194 V GraphicsEnvironment: ANGLE GameManagerService for com.astrohark.app: false
04-16 11:08:19.597 19194 19270 W m.astrohark.app: ClassLoaderContext classpath element checksum mismatch. expected=114193662, found=1390132538 (DLC[];PCL[base.apk*114193662]{PCL[/system/framework/org.apache.http.legacy.jar*3951777099]#PCL[/system_ext/framework/org.carconnectivity.android.digitalkey.timesync.jar*1887653037]#PCL[/system/framework/com.android.location.provider.jar*3175360614]#PCL[/system/framework/com.android.media.remotedisplay.jar*3743104114]} | DLC[];PCL[/data/app/~~PgmP-xx7Y9ph-cLWz7W8zQ==/com.astrohark.app-apEP5HvJkqM3qCarE2GluQ==/base.apk*1390132538]{PCL[/system/framework/org.apache.http.legacy.jar*3951777099]})
04-16 11:08:19.748  1434  1666 D NotificationService: dispatchDelayedWakelockAndBlocked : com.astrohark.app
04-16 11:08:19.749  1434  1666 D NotificationService:      WAKELOCK isDelayed by edgelighting : com.astrohark.app
04-16 11:08:19.782  1434  2842 D ApplicationPolicy: isStatusBarNotificationAllowedAsUser: packageName = com.astrohark.app,userId = 0
04-16 11:08:19.783  1434  2842 D ApplicationPolicy: isStatusBarNotificationAllowedAsUser: packageName = com.astrohark.app,userId = 0
04-16 11:08:19.787  2795 15236 I PhenotypeResourceReader: unable to find any Phenotype resource metadata for com.astrohark.app
04-16 11:08:19.792  1434  1463 I ChimeraSystemEventListener: appLaunchIntent package name is: com.astrohark.app
04-16 11:08:19.793  1434  2842 I ActivityTaskManager: START u0 {flg=0x34020000 cmp=com.astrohark.app/.IncomingCallActivity (has extras)} from uid 10352
