04-12 12:51:42.402  1701  2396 D WindowManager: rotationForOrientation, orientationSource=ActivityRecord{d538f08 u0 com.astrohark.app/.MainActivity} t87}
04-12 12:51:42.407  1701  2396 V WindowManager: Changing focus from Window{4ff28ae u0 com.astrohark.app/com.astrohark.app.MainActivity} to null displayId=0 Callers=com.android.server.wm.RootWindowContainer.updateFocusedWindowLocked:595 com.android.server.wm.WindowManagerService.updateFocusedWindowLocked:6810 com.android.server.wm.ActivityTaskManagerService.setResumedActivityUncheckLocked:5766 com.android.server.wm.TaskFragment.onActivityStateChanged:807 
04-12 12:51:42.408  1701  2396 D MARsPolicyManager: onPackageResumedFG pkgName = com.astrohark.app, userId = 0
04-12 12:51:42.412  1701  1728 D SGM:FgCheckThread: notePauseComponent(), received pkgName: com.astrohark.app, userId: 0
04-12 12:51:42.419  1167  1167 I SurfaceFlinger: [4ff28ae com.astrohark.app/com.astrohark.app.MainActivity#3083] FrameRatePriority: -1
04-12 12:51:42.432  1701  3974 D InputDispatcher: Focus left window (0): 4ff28ae com.astrohark.app/com.astrohark.app.MainActivity
04-12 12:51:42.863  1701  3974 D WindowManager: updateSystemBarAttributes: displayId=0, win=Window{d4c90a1 u0 com.google.android.permissioncontroller/com.android.permissioncontroller.permission.ui.GrantPermissionsActivity}, navColorWin=Window{4ff28ae u0 com.astrohark.app/com.astrohark.app.MainActivity}, focusedCanBeNavColorWin=false, behavior=1, appearance=16, statusBarAppearanceRegions=[AppearanceRegion{LIGHT_STATUS_BARS bounds=[0,0][1080,2400]}], requestedVisibilities=, from=com.android.server.wm.DisplayPolicy.focusChangedLw:3247 com.android.server.wm.DisplayContent.updateFocusedWindowLocked:4632 com.android.server.wm.RootWindowContainer.updateFocusedWindowLocked:595 
04-12 12:51:43.011  1167  1167 D SurfaceFlinger:      DEVICE | 0xb4000077c5256e80 | 0102 | RGBA_8888    |    0.0    0.0 1080.0 2400.0 |    0    0 1080 2400 | com.astrohark.app/com.astrohark.app.MainActivity$_30836#3084
04-12 12:51:43.035  1167  1167 D SurfaceFlinger:      DEVICE | 0xb4000077c5256400 | 0102 | RGBA_8888    |    0.0    0.0 1080.0 2400.0 |    0    0 1080 2400 | com.astrohark.app/com.astrohark.app.MainActivity$_30836#3084
04-12 12:51:43.349  1167  1167 I BufferQueueProducer: [com.astrohark.app/com.astrohark.app.MainActivity$_30836#3084](this:0xb4000077a18cc838,id:-1,api:0,p:-1,c:1167) queueBuffer: fps=84.34 dur=1007.77 max=33.22 min=5.78
04-12 12:51:43.687  1701  2298 I Pageboost: db update :com.astrohark.app ret 1
04-12 12:51:43.767  1701  2298 I Pageboost: memUsage collected : 141498 7650 11268 for com.astrohark.app 30836
04-12 12:51:44.328 29348 29348 I GrantPermissionsViewModel: Logged buttons presented and clicked permissionGroupName=android.permission-group.NOTIFICATIONS uid=10325 package=com.astrohark.app presentedButtons=9 clickedButton=1 isPermissionRationaleShown=false sessionId=6283054348321878437 targetSdk=35 prompt=BASIC initialLocationPrecision=0 selectedLocationPrecision=0 locationAccuracyButtonClicked= false
04-12 12:51:44.333 29348 29348 I GrantPermissionsViewModel: Permission grant result requestId=6283054348321878437 callingUid=10325 callingPackage=com.astrohark.app permission=android.permission.POST_NOTIFICATIONS isImplicit=false result=4 isPermissionRationaleShown=falseisPackageRestrictedByEnhancedConfirmation=false
04-12 12:51:44.351  1701  2022 D MARsPolicyManager: onPackageResumedFG pkgName = com.astrohark.app, userId = 0
04-12 12:51:44.355  1701  2022 D ActivityTaskManager: scheduleTopResumedActivityChanged, onTop=true r=ActivityRecord{d538f08 u0 com.astrohark.app/.MainActivity} t87} caller=com.android.server.wm.ActivityTaskSupervisor.scheduleTopResumedActivityStateIfNeeded:2535 com.android.server.wm.ActivityTaskSupervisor.updateTopResumedActivityIfNeeded:2527 com.android.server.wm.TaskFragment.setResumedActivity:493 com.android.server.wm.TaskFragment.onActivityStateChanged:805 com.android.server.wm.ActivityRecord.setState:6406 com.android.server.wm.TaskFragment.resumeTopActivity:1629 
04-12 12:51:44.356  1701  2022 D InputDispatcher: Focused application(0): ActivityRecord{d538f08 u0 com.astrohark.app/.MainActivity} t87}
04-12 12:51:44.358  1701  2022 V WindowManager: Changing focus from Window{d4c90a1 u0 com.google.android.permissioncontroller/com.android.permissioncontroller.permission.ui.GrantPermissionsActivity} to Window{4ff28ae u0 com.astrohark.app/com.astrohark.app.MainActivity} displayId=0 Callers=com.android.server.wm.RootWindowContainer.updateFocusedWindowLocked:595 com.android.server.wm.WindowManagerService.updateFocusedWindowLocked:6810 com.android.server.wm.ActivityTaskManagerService.setResumedActivityUncheckLocked:5766 com.android.server.wm.TaskFragment.onActivityStateChanged:807 
04-12 12:51:44.358  1167  1167 I BufferQueueProducer: [com.astrohark.app/com.astrohark.app.MainActivity$_30836#3084](this:0xb4000077a18cc838,id:-1,api:0,p:-1,c:1167) queueBuffer: fps=90.24 dur=1008.45 max=11.51 min=10.76
04-12 12:51:44.363  1701  2022 D WindowManager: updateSystemBarAttributes: displayId=0, win=Window{4ff28ae u0 com.astrohark.app/com.astrohark.app.MainActivity}, navColorWin=Window{d4c90a1 u0 com.google.android.permissioncontroller/com.android.permissioncontroller.permission.ui.GrantPermissionsActivity}, focusedCanBeNavColorWin=false, behavior=1, appearance=8, statusBarAppearanceRegions=[AppearanceRegion{ bounds=[0,0][1080,2400]}], requestedVisibilities=, from=com.android.server.wm.DisplayPolicy.focusChangedLw:3247 com.android.server.wm.DisplayContent.updateFocusedWindowLocked:4632 com.android.server.wm.RootWindowContainer.updateFocusedWindowLocked:595 
04-12 12:51:44.363  2312  2312 D NavigationBar: onSystemBarAttributesChanged() -  displayId:0, appearance:8, packageName: com.astrohark.app (APPEARANCE_LIGHT_STATUS_BARS ), navbarColorManagedByIme:false
04-12 12:51:44.365  1701  2022 D WindowManager: rotationForOrientation, orientationSource=ActivityRecord{d538f08 u0 com.astrohark.app/.MainActivity} t87}
04-12 12:51:44.377  1701  2022 D ActivityTaskManager: mStartingWindow and mStartingData is null for token=ActivityRecord{d538f08 u0 com.astrohark.app/.MainActivity} t87}
04-12 12:51:44.379  1701  2022 D WindowManager: updateSystemBarAttributes: displayId=0, win=Window{4ff28ae u0 com.astrohark.app/com.astrohark.app.MainActivity}, navColorWin=Window{4ff28ae u0 com.astrohark.app/com.astrohark.app.MainActivity}, focusedCanBeNavColorWin=false, behavior=1, appearance=24, statusBarAppearanceRegions=[AppearanceRegion{LIGHT_STATUS_BARS bounds=[0,0][1080,2400]}], requestedVisibilities=, from=com.android.server.wm.DisplayPolicy.finishPostLayoutPolicyLw:2527 com.android.server.wm.DisplayContent.applySurfaceChangesTransaction:5713 com.android.server.wm.RootWindowContainer.applySurfaceChangesTransaction:1234 
04-12 12:51:44.379  2312  2312 D SamsungLightBarControlHelper: onStatusBarAppearanceChanged() -  sbModeChanged:false, statusBarMode:MODE_TRANSPARENT, barState:SHADE, isKeyguardShowing:false, navbarColorManagedByIme:false, stackAppearancesChanged:true, (AppearanceRegion{LIGHT_STATUS_BARS bounds=[0,0][1080,2400]}, ), packageName:com.astrohark.app
04-12 12:51:44.380  2312  2312 D NavigationBar: onSystemBarAttributesChanged() -  displayId:0, appearance:24, packageName: com.astrohark.app (APPEARANCE_LIGHT_STATUS_BARS APPEARANCE_LIGHT_NAVIGATION_BARS ), navbarColorManagedByIme:false
04-12 12:51:44.380  2312  2312 D SamsungLightBarControlHelper: updateNavigation(Black button) isLightBar:false, hasLightBarNavigationBarFlag:true, packageName:com.astrohark.app, DirectReplying:false, NavBarColorManagerdByIme:false, ForceDarkForScrim:false, QsCustomizing:false, PanelHasWhiteBg:true
04-12 12:51:44.380  1167  1167 I SurfaceFlinger: [4ff28ae com.astrohark.app/com.astrohark.app.MainActivity#3083] FrameRatePriority: 1
04-12 12:51:44.381  2312  2312 D SamsungLightBarControlHelper: updateStatus(BLACK icon) NumStacks:1, StatusBarMode:MODE_TRANSPARENT, lightBarBounds:[Rect(0, 0 - 1080, 2400)], StatusBarState:SHADE, packageName:com.astrohark.app, isWhiteKeyguardStatusBarBySettings:true
04-12 12:51:44.385  1701  2397 I ActivityTaskManager: START u0 {cmp=com.astrohark.app/.ui.guest.GuestDashboardActivity} from uid 10325
04-12 12:51:44.386  1701  2397 D ActivityTaskManager: TaskLaunchParamsModifier:task=null activity=ActivityRecord{33d5b29 u0 com.astrohark.app/.ui.guest.GuestDashboardActivity} display-area-from-source=DefaultTaskDisplayArea@159533810 display-id=0 display-windowing-mode=1 suggested-display-area=DefaultTaskDisplayArea@159533810
04-12 12:51:44.387  1701  2397 D ActivityTaskManager: TaskLaunchParamsModifier:task=Task{d56c623 #87 type=standard A=10325:com.astrohark.app U=0 visible=true visibleRequested=true mode=fullscreen translucent=false sz=2} activity=ActivityRecord{33d5b29 u0 com.astrohark.app/.ui.guest.GuestDashboardActivity} t-1} display-area-from-source=DefaultTaskDisplayArea@159533810 display-id=0 display-windowing-mode=1 suggested-display-area=DefaultTaskDisplayArea@159533810 inherit-from-source=fullscreen activity-options-fullscreen=Rect(0, 0 - 0, 0) non-freeform-display display-area=DefaultTaskDisplayArea@159533810 maximized-bounds
04-12 12:51:44.390  1167  1212 I SurfaceFlinger: id=3104 createSurf flag=80004, ActivityRecord{33d5b29 u0 com.astrohark.app/.ui.guest.GuestDashboardActivity} t87}#3104
04-12 12:51:44.392  1167  1463 D SurfaceFlinger: [input] setFocusedWindow: 4ff28ae com.astrohark.app/com.astrohark.app.MainActivity
04-12 12:51:44.393  1701  2022 D InputDispatcher: Focus entered window (0): 4ff28ae com.astrohark.app/com.astrohark.app.MainActivity
04-12 12:51:44.393  1701  2397 D ActivityTaskManager: scheduleTopResumedActivityChanged, onTop=false r=ActivityRecord{d538f08 u0 com.astrohark.app/.MainActivity} t87} caller=com.android.server.wm.ActivityTaskSupervisor.updateTopResumedActivityIfNeeded:2510 com.android.server.wm.TaskFragment.setResumedActivity:493 com.android.server.wm.TaskFragment.onActivityStateChanged:790 com.android.server.wm.ActivityRecord.setState:6406 com.android.server.wm.TaskFragment.startPausing:1880 com.android.server.wm.TaskFragment.startPausing:1817 
04-12 12:51:44.403  4437  4437 I ActivityUtils: HomePackage : com.sec.android.app.launcher, resumePackageName : com.astrohark.app
04-12 12:51:44.415  1701  1728 D SGM:GameManager: identifyGamePackage. com.astrohark.app, mCurrentUserId: 0, callerUserId: 0, callingMethodInfo: com.samsung.android.game.SemGameManager.isGamePackage(SemGameManager.java:104)
04-12 12:51:44.415  1701  1728 D SGM:PkgDataHelper: getGamePkgData(). com.astrohark.app
04-12 12:51:44.415  1701  1728 D SGM:SemGameManager: isGamePackage(), pkgName=com.astrohark.app, ret=false
04-12 12:51:44.417  1701  1728 D SGM:GameManager: identifyGamePackage. com.astrohark.app, mCurrentUserId: 0, callerUserId: 0, callingMethodInfo: com.android.server.ssrm.SortingMachine.isGame(SortingMachine.java:162)
04-12 12:51:44.417  1701  1728 D SGM:PkgDataHelper: getGamePkgData(). com.astrohark.app
04-12 12:51:44.420  1701  1728 D SGM:FgCheckThread: noteResumeComponent(), received pkgName: com.astrohark.app, userId: 0
04-12 12:51:44.421  1701  1728 I GameSDK@LifeCycle: noteResumeComponent(): package name  : com.astrohark.app
04-12 12:51:44.422 10500 10709 I SAMSUNGWALLET: [Hint_SimpleHintProcessMonitor] isHomePackageRunning topPkgName = com.astrohark.app, topClsName = com.astrohark.app.ui.guest.GuestDashboardActivity, return false , se : false
04-12 12:51:44.422  1701  1978 D SGM:FgCheckThread: onLooperPrepared(), msg: MSG_APP_RESUME, pkgName: com.astrohark.app, userid: 0
04-12 12:51:44.422  1701  1978 D SGM:FgCheckThread:   handleResume(). pkgName: com.astrohark.app, userId: 0, isTunableApp: null
04-12 12:51:44.422  1701  1978 D SGM:FgCheckThread: notifyFocusInOut(). of pkg: com.astrohark.app, type: 4, isTunableApp: false, userId: 0
04-12 12:51:44.425  1701  1728 I ChimeraSystemEventListener: appLaunchIntent package name is: com.astrohark.app
04-12 12:51:44.428  1701  2022 D WindowManagerServiceExt: notifyOccludeChangeNotice: cn=ComponentInfo{com.astrohark.app/com.astrohark.app.ui.guest.GuestDashboardActivity} occludesParent=true inMultiWindow=false styleFloating=false caller=com.android.server.wm.WindowManagerServiceExt.updateOccludeTargetIfNeeded:1402 com.android.server.wm.DisplayContent.ensureActivitiesVisible:7532 com.android.server.wm.RootWindowContainer.ensureActivitiesVisible:2248 com.android.server.wm.RootWindowContainer.ensureVisibilityAndConfig:2126 com.android.server.wm.ActivityTaskSupervisor.realStartActivityLocked:913 
04-12 12:51:44.428  1701  2022 D WindowManager: rotationForOrientation, orientationSource=ActivityRecord{33d5b29 u0 com.astrohark.app/.ui.guest.GuestDashboardActivity} t87}
04-12 12:51:44.429  1701  2022 D WindowManager: rotationForOrientation, orientationSource=ActivityRecord{33d5b29 u0 com.astrohark.app/.ui.guest.GuestDashboardActivity} t87}
04-12 12:51:44.430  1701  2022 D WindowManager: rotationForOrientation, orientationSource=ActivityRecord{33d5b29 u0 com.astrohark.app/.ui.guest.GuestDashboardActivity} t87}
04-12 12:51:44.432  1701  2022 D SGM:PkgDataHelper: notifyAppCreate(), pkgName: com.astrohark.app, userId: 0, sendRet: true
04-12 12:51:44.432  1701  1978 D SGM:FgCheckThread: onLooperPrepared(), msg: MSG_APP_CREATE, pkgName: com.astrohark.app, userId: 0
04-12 12:51:44.433  1701  2022 D ActivityTaskManager: scheduleTopResumedActivityChanged, onTop=true r=ActivityRecord{33d5b29 u0 com.astrohark.app/.ui.guest.GuestDashboardActivity} t87} caller=com.android.server.wm.ActivityTaskSupervisor.scheduleTopResumedActivityStateIfNeeded:2535 com.android.server.wm.ActivityTaskSupervisor.updateTopResumedActivityIfNeeded:2527 com.android.server.wm.TaskFragment.setResumedActivity:493 com.android.server.wm.TaskFragment.onActivityStateChanged:805 com.android.server.wm.ActivityRecord.setState:6406 com.android.server.wm.Task.minimalResumeActivityLocked:6155 
04-12 12:51:44.433  1701  2022 D InputDispatcher: Focused application(0): ActivityRecord{33d5b29 u0 com.astrohark.app/.ui.guest.GuestDashboardActivity} t87}
04-12 12:51:44.434  1701  2022 V WindowManager: Changing focus from Window{4ff28ae u0 com.astrohark.app/com.astrohark.app.MainActivity} to null displayId=0 Callers=com.android.server.wm.RootWindowContainer.updateFocusedWindowLocked:595 com.android.server.wm.WindowManagerService.updateFocusedWindowLocked:6810 com.android.server.wm.ActivityTaskManagerService.setResumedActivityUncheckLocked:5766 com.android.server.wm.TaskFragment.onActivityStateChanged:807 
04-12 12:51:44.446  1701  1728 D SGM:FgCheckThread: notePauseComponent(), received pkgName: com.astrohark.app, userId: 0
04-12 12:51:44.446  1167  1167 I SurfaceFlinger: [4ff28ae com.astrohark.app/com.astrohark.app.MainActivity#3083] FrameRatePriority: -1
04-12 12:51:44.447  1701  2396 D InputDispatcher: Focus left window (0): 4ff28ae com.astrohark.app/com.astrohark.app.MainActivity
04-12 12:51:44.456  1701  1728 D SGM:FgCheckThread: noteResumeComponent(), received pkgName: com.astrohark.app, userId: 0
04-12 12:51:44.456  1701  1978 D SGM:FgCheckThread: onLooperPrepared(), msg: MSG_APP_RESUME, pkgName: com.astrohark.app, userid: 0
04-12 12:51:44.457  1701  1978 D SGM:FgCheckThread:   handleResume(). pkgName: com.astrohark.app, userId: 0, isTunableApp: null
04-12 12:51:44.457  1701  1978 D SGM:FgCheckThread: notifyFocusInOut(). of pkg: com.astrohark.app, type: 4, isTunableApp: false, userId: 0
04-12 12:51:44.458  4437  4437 I ActivityUtils: HomePackage : com.sec.android.app.launcher, resumePackageName : com.astrohark.app
04-12 12:51:44.462  1701  1728 I GameSDK@LifeCycle: noteResumeComponent(): package name  : com.astrohark.app
04-12 12:51:44.484  1167  1167 D SurfaceFlinger:      DEVICE | 0xb4000077a1962800 | 0102 | RGBA_8888    |    0.0    0.0 1080.0 2400.0 |    0    0 1080 2400 | com.astrohark.app/com.astrohark.app.MainActivity$_30836#3084
04-12 12:51:44.494  1167  1167 D SurfaceFlinger:      DEVICE | 0xb4000077a1962800 | 0102 | RGBA_8888    |    0.0    0.0 1080.0 2400.0 |    0    0 1080 2400 | com.astrohark.app/com.astrohark.app.MainActivity$_30836#3084
04-12 12:51:44.518 30836 30836 I MSHandlerLifeCycle: check: return. pkg=com.astrohark.app parent=null callers=com.android.internal.policy.DecorView.setVisibility:4412 android.app.ActivityThread.handleResumeActivity:5476 android.app.servertransaction.ResumeActivityItem.execute:54 android.app.servertransaction.ActivityTransactionItem.execute:45 android.app.servertransaction.TransactionExecutor.executeLifecycleState:176 
04-12 12:51:44.518  1167  1953 D SurfaceFlinger: [SF client] NEW(0xb4000077c525fb00) for (30836:com.astrohark.app)
04-12 12:51:44.527  1167  2020 I SurfaceFlinger: id=3106 createSurf flag=80004, d13a36a com.astrohark.app/com.astrohark.app.ui.guest.GuestDashboardActivity#3106
04-12 12:51:44.530 30836 30836 D InsetsController: onStateChanged: InsetsState: {mDisplayFrame=Rect(0, 0 - 1080, 2400), mDisplayCutout=DisplayCutout{insets=Rect(0, 78 - 0, 0) waterfall=Insets{left=0, top=0, right=0, bottom=0} boundingRect={Bounds=[Rect(0, 0 - 0, 0), Rect(468, 0 - 612, 78), Rect(0, 0 - 0, 0), Rect(0, 0 - 0, 0)]} cutoutPathParserInfo={CutoutPathParserInfo{displayWidth=1080 displayHeight=2400 physicalDisplayWidth=1080 physicalDisplayHeight=2400 density={2.8125} cutoutSpec={M 0,0 H -25.6 V 27.73333333333333 H 25.6 V 0 H 0 Z @dp} rotation={0} scale={1.0} physicalPixelDisplaySizeRatio={1.0}}}}, mRoundedCorners=RoundedCorners{[RoundedCorner{position=TopLeft, radius=90, center=Point(90, 90)}, RoundedCorner{position=TopRight, radius=90, center=Point(990, 90)}, RoundedCorner{position=BottomRight, radius=90, center=Point(990, 2310)}, RoundedCorner{position=BottomLeft, radius=90, center=Point(90, 2310)}]}  mRoundedCornerFrame=Rect(0, 0 - 1080, 2400), mPrivacyIndicatorBounds=PrivacyIndicatorBounds {static bounds=Rect(956, 0 - 1080, 78) rotation=0}, mSources= { InsetsSource: {mType=ITYPE_STATUS_BAR, mFrame=[0,0][1080,78], mVisible=true, mInsetsRoundedCornerFrame=false}, InsetsSource: {mType=ITYPE_NAVIGATION_BAR, mFrame=[0,2265][1080,2400], mVisible=true, mInsetsRoundedCornerFrame=false}, InsetsSource: {mType=ITYPE_LEFT_GESTURES, mFrame=[0,0][0,2400], mVisible=true, mInsetsRoundedCornerFrame=false}, InsetsSource: {mType=ITYPE_RIGHT_GESTURES, mFrame=[1080,0][1080,2400], mVisible=true, mInsetsRoundedCornerFrame=false}, InsetsSource: {mType=ITYPE_TOP_MANDATORY_GESTURES, mFrame=[0,0][1080,112], mVisible=true, mInsetsRoundedCornerFrame=false}, InsetsSource: {mType=ITYPE_BOTTOM_MANDATORY_GESTURES, mFrame=[0,2265][1080,2400], mVisible=true, mInsetsRoundedCornerFrame=false}, InsetsSource: {mType=ITYPE_LEFT_DISPLAY_CUTOUT, mFrame=[0,0][-100000,2400], mVisible=true, mInsetsRoundedCornerFrame=false}, InsetsSource: {mType=ITYPE_TOP_DISPLAY_CUTOUT, mFrame=[0,0][1080,78], mVisible=true, mInsetsRoundedCornerFrame=false}, InsetsSource: {mType=ITYPE_RIGHT_DISPLAY_CUTOUT, mFrame=[100000,0][1080,2400], mVisible=true, mInsetsRoundedCornerFrame=false}, InsetsSource: {mType=ITYPE_BOTTOM_DISPLAY_CUTOUT, mFrame=[0,100000][1080,2400], mVisible=true, mInsetsRoundedCornerFrame=false}, InsetsSource: {mType=ITYPE_TOP_TAPPABLE_ELEMENT, mFrame=[0,0][1080,78], mVisible=true, mInsetsRoundedCornerFrame=false}, InsetsSource: {mType=ITYPE_BOTTOM_TAPPABLE_ELEMENT, mFrame=[0,2265][1080,2400], mVisible=true, mInsetsRoundedCornerFrame=false} } host=com.astrohark.app/com.astrohark.app.ui.guest.GuestDashboardActivity from=android.view.ViewRootImpl.setView:1732
04-12 12:51:44.534  1701  3974 D CoreBackPreview: Window{d13a36a u0 com.astrohark.app/com.astrohark.app.ui.guest.GuestDashboardActivity}: Setting back callback OnBackInvokedCallbackInfo{mCallback=android.window.IOnBackInvokedCallback$Stub$Proxy@e4be0f8, mPriority=0}
04-12 12:51:44.541  1701  2713 D MdnieScenarioControlService:  packageName : com.astrohark.app    className : com.astrohark.app.ui.guest.GuestDashboardActivity
04-12 12:51:44.583  1701  2179 W SemWifiTransportLayerUtils: getApplicationCategory - IOException com.astrohark.app
04-12 12:51:44.583  1701  2179 W System.err: java.io.FileNotFoundException: https://play.google.com/store/apps/details?id=com.astrohark.app&hl=en
04-12 12:51:44.700  1701  6182 D SGM:GameManager: identifyGamePackage. com.astrohark.app, mCurrentUserId: 0, callerUserId: 0, callingMethodInfo: com.android.server.ssrm.SortingMachine.isGame(SortingMachine.java:162)
04-12 12:51:44.700  1701  6182 D SGM:PkgDataHelper: getGamePkgData(). com.astrohark.app
04-12 12:51:45.562  1701  5040 V WindowManager: Relayout Window{d13a36a u0 com.astrohark.app/com.astrohark.app.ui.guest.GuestDashboardActivity}: viewVisibility=0 req=1080x2400 d0
04-12 12:51:45.564  1167  2016 I BufferQueueDebug: [com.astrohark.app/com.astrohark.app.ui.guest.GuestDashboardActivity$_30836#3107](this:0xb4000077a1bee838,id:-1,api:0,p:-1,c:-1) BufferQueue core=(1167:/system/bin/surfaceflinger)
04-12 12:51:45.564  1167  2016 I SurfaceFlinger: id=3107 createSurf flag=40004, com.astrohark.app/com.astrohark.app.ui.guest.GuestDashboardActivity$_30836#3107
04-12 12:51:45.565  1701  5040 D WindowManager: makeSurface duration=2 name=com.astrohark.app/com.astrohark.app.ui.guest.GuestDashboardActivity$_30836
04-12 12:51:45.568  1701  5040 V WindowManager: Changing focus from null to Window{d13a36a u0 com.astrohark.app/com.astrohark.app.ui.guest.GuestDashboardActivity} displayId=0 Callers=com.android.server.wm.RootWindowContainer.updateFocusedWindowLocked:595 com.android.server.wm.WindowManagerService.updateFocusedWindowLocked:6810 com.android.server.wm.WindowManagerService.relayoutWindow:2820 com.android.server.wm.Session.relayout:274 
04-12 12:51:45.568  1701  5040 D MARsPolicyManager: onPackageResumedFG pkgName = com.astrohark.app, userId = 0
04-12 12:51:45.574 30836 30836 D InsetsController: onStateChanged: InsetsState: {mDisplayFrame=Rect(0, 0 - 1080, 2400), mDisplayCutout=DisplayCutout{insets=Rect(0, 78 - 0, 0) waterfall=Insets{left=0, top=0, right=0, bottom=0} boundingRect={Bounds=[Rect(0, 0 - 0, 0), Rect(468, 0 - 612, 78), Rect(0, 0 - 0, 0), Rect(0, 0 - 0, 0)]} cutoutPathParserInfo={CutoutPathParserInfo{displayWidth=1080 displayHeight=2400 physicalDisplayWidth=1080 physicalDisplayHeight=2400 density={2.8125} cutoutSpec={M 0,0 H -25.6 V 27.73333333333333 H 25.6 V 0 H 0 Z @dp} rotation={0} scale={1.0} physicalPixelDisplaySizeRatio={1.0}}}}, mRoundedCorners=RoundedCorners{[RoundedCorner{position=TopLeft, radius=90, center=Point(90, 90)}, RoundedCorner{position=TopRight, radius=90, center=Point(990, 90)}, RoundedCorner{position=BottomRight, radius=90, center=Point(990, 2310)}, RoundedCorner{position=BottomLeft, radius=90, center=Point(90, 2310)}]}  mRoundedCornerFrame=Rect(0, 0 - 1080, 2400), mPrivacyIndicatorBounds=PrivacyIndicatorBounds {static bounds=Rect(956, 0 - 1080, 78) rotation=0}, mSources= { InsetsSource: {mType=ITYPE_STATUS_BAR, mFrame=[0,0][1080,78], mVisible=true, mInsetsRoundedCornerFrame=false}, InsetsSource: {mType=ITYPE_NAVIGATION_BAR, mFrame=[0,2265][1080,2400], mVisible=true, mInsetsRoundedCornerFrame=false}, InsetsSource: {mType=ITYPE_LEFT_GESTURES, mFrame=[0,0][0,2400], mVisible=true, mInsetsRoundedCornerFrame=false}, InsetsSource: {mType=ITYPE_RIGHT_GESTURES, mFrame=[1080,0][1080,2400], mVisible=true, mInsetsRoundedCornerFrame=false}, InsetsSource: {mType=ITYPE_TOP_MANDATORY_GESTURES, mFrame=[0,0][1080,112], mVisible=true, mInsetsRoundedCornerFrame=false}, InsetsSource: {mType=ITYPE_BOTTOM_MANDATORY_GESTURES, mFrame=[0,2265][1080,2400], mVisible=true, mInsetsRoundedCornerFrame=false}, InsetsSource: {mType=ITYPE_LEFT_DISPLAY_CUTOUT, mFrame=[0,0][-100000,2400], mVisible=true, mInsetsRoundedCornerFrame=false}, InsetsSource: {mType=ITYPE_TOP_DISPLAY_CUTOUT, mFrame=[0,0][1080,78], mVisible=true, mInsetsRoundedCornerFrame=false}, InsetsSource: {mType=ITYPE_RIGHT_DISPLAY_CUTOUT, mFrame=[100000,0][1080,2400], mVisible=true, mInsetsRoundedCornerFrame=false}, InsetsSource: {mType=ITYPE_BOTTOM_DISPLAY_CUTOUT, mFrame=[0,100000][1080,2400], mVisible=true, mInsetsRoundedCornerFrame=false}, InsetsSource: {mType=ITYPE_TOP_TAPPABLE_ELEMENT, mFrame=[0,0][1080,78], mVisible=true, mInsetsRoundedCornerFrame=false}, InsetsSource: {mType=ITYPE_BOTTOM_TAPPABLE_ELEMENT, mFrame=[0,2265][1080,2400], mVisible=true, mInsetsRoundedCornerFrame=false}, InsetsSource: {mType=ITYPE_IME, mFrame=[0,0][0,0], mVisibleFrame=[0,1392][1080,2400], mVisible=false, mInsetsRoundedCornerFrame=false} } host=com.astrohark.app/com.astrohark.app.ui.guest.GuestDashboardActivity from=android.view.ViewRootImpl.relayoutWindow:9802
04-12 12:51:45.590  1167  1167 I SurfaceFlinger: [d13a36a com.astrohark.app/com.astrohark.app.ui.guest.GuestDashboardActivity#3106] FrameRatePriority: 1
04-12 12:51:45.592  1167  1463 D SurfaceFlinger: [input] setFocusedWindow: d13a36a com.astrohark.app/com.astrohark.app.ui.guest.GuestDashboardActivity
04-12 12:51:45.593  1701  3974 D InputDispatcher: Focus request (0): d13a36a com.astrohark.app/com.astrohark.app.ui.guest.GuestDashboardActivity but waiting because NOT_VISIBLE
04-12 12:51:46.074  1167  1167 D BufferStateLayer: com.astrohark.app/com.astrohark.app.ui.guest.GuestDashboardActivity$_30836#3107 setBuffer frameId=1, bufferId=132439611539461 fenceId=104, w= 1080, h=2400
04-12 12:51:46.077  1701  5040 D WindowManager: finishDrawingWindow: Window{d13a36a u0 com.astrohark.app/com.astrohark.app.ui.guest.GuestDashboardActivity} mDrawState=DRAW_PENDING seqId=0
04-12 12:51:46.081  1701  1729 I WindowManager: Reparenting to leash, surface=Surface(name=ActivityRecord{d538f08 u0 com.astrohark.app/.MainActivity} t87})/@0xb2e5bd1, leashParent=Surface(name=Task=87)/@0x4b282a
04-12 12:51:46.081  1167  2016 I SurfaceFlinger: id=3110 createSurf flag=24000, Surface(name=ActivityRecord{d538f08 u0 com.astrohark.app/.MainActivity} t87})/@0xb2e5bd1 - animation-leash of app_transition#3110
04-12 12:51:46.082  1701  1729 D WindowManager: makeSurface duration=1 leash=Surface(name=Surface(name=ActivityRecord{d538f08 u0 com.astrohark.app/.MainActivity} t87})/@0xb2e5bd1 - animation-leash of app_transition)/@0x91b787d
04-12 12:51:46.083  1167  2016 I SurfaceFlinger: id=3111 createSurf flag=80004, Surface(name=ActivityRecord{d538f08 u0 com.astrohark.app/.MainActivity} t87})/@0xb2e5bd1 - animation-bounds#3111
04-12 12:51:46.085  1167  1167 I BufferQueueProducer: [com.astrohark.app/com.astrohark.app.MainActivity$_30836#3084](this:0xb4000077a18cc838,id:-1,api:0,p:-1,c:1167) queueBuffer: fps=3.47 dur=1727.57 max=1606.14 min=10.70
04-12 12:51:46.086  1167  2016 I SurfaceFlinger: id=3112 createSurf flag=20004, DimAnimationLayer for ActivityRecord{33d5b29 u0 com.astrohark.app/.ui.guest.GuestDashboardActivity} t87}#3112
04-12 12:51:46.087  1701  1729 I WindowManager: Reparenting to leash, surface=Surface(name=ActivityRecord{33d5b29 u0 com.astrohark.app/.ui.guest.GuestDashboardActivity} t87})/@0x8f52440, leashParent=Surface(name=Task=87)/@0x4b282a
04-12 12:51:46.087  1167  2016 I SurfaceFlinger: id=3113 createSurf flag=24004, Surface(name=ActivityRecord{33d5b29 u0 com.astrohark.app/.ui.guest.GuestDashboardActivity} t87})/@0x8f52440 - animation-leash of app_transition#3113
04-12 12:51:46.088  1701  1729 D WindowManager: makeSurface duration=2 leash=Surface(name=Surface(name=ActivityRecord{33d5b29 u0 com.astrohark.app/.ui.guest.GuestDashboardActivity} t87})/@0x8f52440 - animation-leash of app_transition)/@0xaec1f79
04-12 12:51:46.090  1167  2016 I SurfaceFlinger: id=3114 createSurf flag=80004, Surface(name=ActivityRecord{33d5b29 u0 com.astrohark.app/.ui.guest.GuestDashboardActivity} t87})/@0x8f52440 - animation-bounds#3114
04-12 12:51:46.091  1701  1729 D ActivityTaskManager: mStartingWindow and mStartingData is null for token=ActivityRecord{33d5b29 u0 com.astrohark.app/.ui.guest.GuestDashboardActivity} t87}
04-12 12:51:46.092  1701  1729 V WindowManager: performShowLocked: mDrawState=HAS_DRAWN in Window{d13a36a u0 com.astrohark.app/com.astrohark.app.ui.guest.GuestDashboardActivity}
04-12 12:51:46.093  1701  1725 I ActivityTaskManager: Displayed com.astrohark.app/.ui.guest.GuestDashboardActivity: +1s707ms
04-12 12:51:46.093  1701  1725 I Pageboost: Launch time gathered : pid 30836 com.astrohark.app 1707
04-12 12:51:46.095  1701  1729 D WindowManager: updateSystemBarAttributes: displayId=0, win=Window{d13a36a u0 com.astrohark.app/com.astrohark.app.ui.guest.GuestDashboardActivity}, navColorWin=Window{d13a36a u0 com.astrohark.app/com.astrohark.app.ui.guest.GuestDashboardActivity}, focusedCanBeNavColorWin=false, behavior=1, appearance=8, statusBarAppearanceRegions=[AppearanceRegion{LIGHT_STATUS_BARS bounds=[0,0][1080,2400]}], requestedVisibilities=, from=com.android.server.wm.DisplayPolicy.finishPostLayoutPolicyLw:2527 com.android.server.wm.DisplayContent.applySurfaceChangesTransaction:5713 com.android.server.wm.RootWindowContainer.applySurfaceChangesTransaction:1234 
04-12 12:51:46.095  2312  2312 D NavigationBar: onSystemBarAttributesChanged() -  displayId:0, appearance:8, packageName: com.astrohark.app (APPEARANCE_LIGHT_STATUS_BARS ), navbarColorManagedByIme:false
04-12 12:51:46.096  1167  2016 I SurfaceFlinger: id=3115 createSurf flag=80000, 4fc40b0 ActivityRecordInputSink com.astrohark.app/.ui.guest.GuestDashboardActivity#3115
04-12 12:51:46.096  2312  2312 D SamsungLightBarControlHelper: updateNavigation(White button) isLightBar:false, hasLightBarNavigationBarFlag:false, packageName:com.astrohark.app, DirectReplying:false, NavBarColorManagerdByIme:false, ForceDarkForScrim:false, QsCustomizing:false, PanelHasWhiteBg:true
04-12 12:51:46.099  1701  1729 D ActivityTaskManager: mStartingWindow and mStartingData is null for token=ActivityRecord{33d5b29 u0 com.astrohark.app/.ui.guest.GuestDashboardActivity} t87}
04-12 12:51:46.108  1167  1167 I Layer   : Layer [com.astrohark.app/com.astrohark.app.ui.guest.GuestDashboardActivity$_30836#3107] hidden!! flag(0)
04-12 12:51:46.113  1167  1167 I SurfaceFlinger: operator()(), mtkRenderCntDebug 289, screenshot (com.astrohark.app/com.astrohark.app.MainActivity$_30836#3084)
04-12 12:51:46.128  1167  1167 I SurfaceFlinger: operator()(), mtkRenderCntDebug 290, screenshot (com.astrohark.app/com.astrohark.app.ui.guest.GuestDashboardActivity$_30836#3107)
04-12 12:51:46.140 30836 31032 D ProfileInstaller: Installing profile for com.astrohark.app
04-12 12:51:46.165  1701  3974 D InputDispatcher: Focus entered window (0): d13a36a com.astrohark.app/com.astrohark.app.ui.guest.GuestDashboardActivity
04-12 12:51:46.176  1167  1167 D SurfaceFlinger:      CLIENT | 0xb4000077c5256e80 | 0102 | RGBA_8888    |    0.0    5.0 1080.0 2400.0 |    0    0 1080 2395 | com.astrohark.app/com.astrohark.app.MainActivity$_30836#3084
04-12 12:51:46.176  1167  1167 D SurfaceFlinger:      DEVICE | 0xb4000077c6c29700 | 0102 | RGBA_8888    |    0.0    0.0 1080.0 1982.0 |    0  418 1080 2400 | com.astrohark.app/com.astrohark.app.[...]t.GuestDashboardActivity$_30836#3107
04-12 12:51:46.187  1167  1167 D SurfaceFlinger:      CLIENT | 0xb4000077c5256e80 | 0102 | RGBA_8888    |    0.0   12.0 1080.0 2400.0 |    0    0 1080 2388 | com.astrohark.app/com.astrohark.app.MainActivity$_30836#3084
04-12 12:51:46.187  1167  1167 D SurfaceFlinger:      DEVICE | 0xb4000077c6c29700 | 0102 | RGBA_8888    |    0.0    0.0 1080.0 2023.0 |    0  377 1080 2400 | com.astrohark.app/com.astrohark.app.[...]t.GuestDashboardActivity$_30836#3107
04-12 12:51:46.267  1167  1167 D SurfaceFlinger:      DEVICE | 0xb4000077c6c29700 | 0102 | RGBA_8888    |    0.0    0.0 1080.0 2290.0 |    0  110 1080 2400 | com.astrohark.app/com.astrohark.app.[...]t.GuestDashboardActivity$_30836#3107
04-12 12:51:46.533  1167  1167 D SurfaceFlinger:      DEVICE | 0xb4000077c6c29700 | 0102 | RGBA_8888    |    0.0    0.0 1080.0 2400.0 |    0    0 1080 2400 | com.astrohark.app/com.astrohark.app.[...]t.GuestDashboardActivity$_30836#3107
04-12 12:51:46.551  1701  1729 I WindowManager: Reparenting to original parent: Surface(name=Task=87)/@0x4b282a, destroy=true, surface=Surface(name=ActivityRecord{d538f08 u0 com.astrohark.app/.MainActivity} t87})/@0xb2e5bd1
04-12 12:51:46.552  1701  1729 V WindowManager: Setting visibility of Window{4ff28ae u0 com.astrohark.app/com.astrohark.app.MainActivity}: false, caller=com.android.server.wm.WindowContainer.sendAppVisibilityToClients:1246 com.android.server.wm.WindowToken.setClientVisible:431 com.android.server.wm.ActivityRecord.setClientVisible:7691 com.android.server.wm.ActivityRecord.onAnimationFinished:8590 com.android.server.wm.WindowContainer$$ExternalSyntheticLambda4.onAnimationFinished:2 
04-12 12:51:46.552  1701  1729 I WindowManager: Reparenting to original parent: Surface(name=Task=87)/@0x4b282a, destroy=true, surface=Surface(name=ActivityRecord{33d5b29 u0 com.astrohark.app/.ui.guest.GuestDashboardActivity} t87})/@0x8f52440
04-12 12:51:46.562  1167  1167 I Layer   : id=3110 removeFromCurrentState Surface(name=ActivityRecord{d538f08 u0 com.astrohark.app/.MainActivity} t87})/@0xb2e5bd1 - animation-leash of app_transition#3110 (132)
04-12 12:51:46.562  1167  1167 I Layer   : id=3111 removeFromCurrentState Surface(name=ActivityRecord{d538f08 u0 com.astrohark.app/.MainActivity} t87})/@0xb2e5bd1 - animation-bounds#3111 (132)
04-12 12:51:46.562  1167  1167 I Layer   : id=3113 removeFromCurrentState Surface(name=ActivityRecord{33d5b29 u0 com.astrohark.app/.ui.guest.GuestDashboardActivity} t87})/@0x8f52440 - animation-leash of app_transition#3113 (132)
04-12 12:51:46.562  1167  1167 I Layer   : id=3112 removeFromCurrentState DimAnimationLayer for ActivityRecord{33d5b29 u0 com.astrohark.app/.ui.guest.GuestDashboardActivity} t87}#3112 (132)
04-12 12:51:46.562  1167  1167 I Layer   : id=3114 removeFromCurrentState Surface(name=ActivityRecord{33d5b29 u0 com.astrohark.app/.ui.guest.GuestDashboardActivity} t87})/@0x8f52440 - animation-bounds#3114 (132)
04-12 12:51:46.562  1167  1167 I Layer   : Layer [com.astrohark.app/com.astrohark.app.MainActivity$_30836#3084] hidden!! flag(1)
04-12 12:51:46.562  1167  1167 I SurfaceFlinger: id=3111 Removed Surface(name=ActivityRecord{d538f08 u0 com.astrohark.app/.MainActivity} t87})/@0xb2e5bd1 - animation-bounds#3111 (132)
04-12 12:51:46.562  1167  1167 I SurfaceFlinger: id=3112 Removed DimAnimationLayer for ActivityRecord{33d5b29 u0 com.astrohark.app/.ui.guest.GuestDashboardActivity} t87}#3112 (132)
04-12 12:51:46.562  1167  1167 I SurfaceFlinger: id=3114 Removed Surface(name=ActivityRecord{33d5b29 u0 com.astrohark.app/.ui.guest.GuestDashboardActivity} t87})/@0x8f52440 - animation-bounds#3114 (132)
04-12 12:51:46.562  1167  1167 I SurfaceFlinger: id=3113 Removed Surface(name=ActivityRecord{33d5b29 u0 com.astrohark.app/.ui.guest.GuestDashboardActivity} t87})/@0x8f52440 - animation-leash of app_transition#3113 (132)
04-12 12:51:46.562  1167  1167 I SurfaceFlinger: id=3110 Removed Surface(name=ActivityRecord{d538f08 u0 com.astrohark.app/.MainActivity} t87})/@0xb2e5bd1 - animation-leash of app_transition#3110 (132)
04-12 12:51:46.563  1167  1167 I Layer   : id=3111 Destroyed Surface(name=ActivityRecord{d538f08 u0 com.astrohark.app/.MainActivity} t87})/@0xb2e5bd1 - animation-bounds#3111
04-12 12:51:46.563  1167  1167 I Layer   : id=3110 Destroyed Surface(name=ActivityRecord{d538f08 u0 com.astrohark.app/.MainActivity} t87})/@0xb2e5bd1 - animation-leash of app_transition#3110
04-12 12:51:46.563  1167  1167 I Layer   : id=3114 Destroyed Surface(name=ActivityRecord{33d5b29 u0 com.astrohark.app/.ui.guest.GuestDashboardActivity} t87})/@0x8f52440 - animation-bounds#3114
04-12 12:51:46.563  1167  1167 I Layer   : id=3113 Destroyed Surface(name=ActivityRecord{33d5b29 u0 com.astrohark.app/.ui.guest.GuestDashboardActivity} t87})/@0x8f52440 - animation-leash of app_transition#3113
04-12 12:51:46.563  1167  1167 I Layer   : id=3112 Destroyed DimAnimationLayer for ActivityRecord{33d5b29 u0 com.astrohark.app/.ui.guest.GuestDashboardActivity} t87}#3112
04-12 12:51:46.668  1088  1088 E audit   : type=1327 audit(1775978506.666:999): proctitle="com.astrohark.app"
04-12 12:51:46.671  1088  1088 E audit   : type=1327 audit(1775978506.666:1000): proctitle="com.astrohark.app"
04-12 12:51:46.704 30836 31044 D libMEOW : applied 2 plugins for [com.astrohark.app]:
04-12 12:51:46.706 30836 31009 D libMEOW : applied 2 plugins for [com.astrohark.app]:
04-12 12:51:46.724  2312  2312 D BubblesManager: onNotificationChannelModified : pkg=com.astrohark.app ,modificationType:1
04-12 12:51:46.725  2312  2312 D BubblesManager: onNotificationChannelModified : pkg=com.astrohark.app ,modificationType:1
04-12 12:51:46.753 30836 30836 I ViewRootImpl@3fec5a3[MainActivity]: WindowStopped on com.astrohark.app/com.astrohark.app.MainActivity set to true
04-12 12:51:46.773  1701  2022 D CoreBackPreview: Window{4ff28ae u0 com.astrohark.app/com.astrohark.app.MainActivity}: Setting back callback null
04-12 12:51:46.784  1701  2022 W InputManager-JNI: Input channel object '4ff28ae com.astrohark.app/com.astrohark.app.MainActivity (client)' was disposed without first being removed with the input manager!
04-12 12:51:46.785  1701  2022 V WindowManager: Remove Window{4ff28ae u0 com.astrohark.app/com.astrohark.app.MainActivity}: mSurfaceController=Surface(name=com.astrohark.app/com.astrohark.app.MainActivity$_30836)/@0x5e2f95d mAnimatingExit=false mRemoveOnExit=false mHasSurface=true surfaceShowing=false animating=false app-animation=false mWillReplaceWindow=false mDisplayFrozen=false callers=com.android.server.wm.WindowState.removeIfPossible:3041 com.android.server.wm.WindowManagerService.removeWindow:2289 com.android.server.wm.Session.remove:236 android.view.IWindowSession$Stub.onTransact:743 com.android.server.wm.Session.onTransact:188 android.os.Binder.execTransactInternal:1316 
04-12 12:51:46.785  1701  2022 I WindowManager: Destroying surface Surface(name=com.astrohark.app/com.astrohark.app.MainActivity$_30836)/@0x5e2f95d called by com.android.server.wm.WindowStateAnimator.destroySurface:942 com.android.server.wm.WindowStateAnimator.destroySurfaceLocked:536 com.android.server.wm.WindowState.removeImmediately:2969 com.android.server.wm.WindowState.removeIfPossible:3228 com.android.server.wm.WindowState.removeIfPossible:3041 com.android.server.wm.WindowManagerService.removeWindow:2289 com.android.server.wm.Session.remove:236 android.view.IWindowSession$Stub.onTransact:743 
04-12 12:51:46.794  1167  1167 I Layer   : id=3084 removeFromCurrentState com.astrohark.app/com.astrohark.app.MainActivity$_30836#3084 (120)
04-12 12:51:46.794  1167  1167 I Layer   : id=3083 removeFromCurrentState 4ff28ae com.astrohark.app/com.astrohark.app.MainActivity#3083 (120)
04-12 12:51:46.794  1167  1167 I SurfaceFlinger: id=3084 Removed com.astrohark.app/com.astrohark.app.MainActivity$_30836#3084 (120)
04-12 12:51:46.795  1167  1167 I SurfaceFlinger: id=3083 Removed 4ff28ae com.astrohark.app/com.astrohark.app.MainActivity#3083 (120)
04-12 12:51:46.795  1167  1167 I Layer   : id=3083 Destroyed 4ff28ae com.astrohark.app/com.astrohark.app.MainActivity#3083
04-12 12:51:46.795  1167  1167 I BufferQueueDebug: [com.astrohark.app/com.astrohark.app.MainActivity$_30836#3084](this:0xb4000077a18cc838,id:-1,api:0,p:-1,c:1167) onDestructor()
04-12 12:51:46.796  1167  1167 I Layer   : id=3084 Destroyed com.astrohark.app/com.astrohark.app.MainActivity$_30836#3084
04-12 12:51:46.804  1167  1212 I SurfaceFlinger: id=3075 Removed f836cab ActivityRecordInputSink com.astrohark.app/.MainActivity#3075 (118)
04-12 12:51:46.805  1167  1167 I Layer   : id=3063 removeFromCurrentState ActivityRecord{d538f08 u0 com.astrohark.app/.MainActivity} t87}#3063 (118)
04-12 12:51:46.805  1167  1167 I Layer   : id=3075 removeFromCurrentState f836cab ActivityRecordInputSink com.astrohark.app/.MainActivity#3075 (118)
04-12 12:51:46.805  1167  1167 I SurfaceFlinger: id=3063 Removed ActivityRecord{d538f08 u0 com.astrohark.app/.MainActivity} t87}#3063 (118)
04-12 12:51:46.806  1167  1167 I Layer   : id=3063 Destroyed ActivityRecord{d538f08 u0 com.astrohark.app/.MainActivity} t87}#3063
04-12 12:51:46.806  1167  1167 I Layer   : id=3075 Destroyed f836cab ActivityRecordInputSink com.astrohark.app/.MainActivity#3075
04-12 12:51:47.082  1167  1167 I BufferQueueProducer: [com.astrohark.app/com.astrohark.app.ui.guest.GuestDashboardActivity$_30836#3107](this:0xb4000077a1bee838,id:-1,api:0,p:-1,c:1167) queueBuffer: fps=18.85 dur=1007.94 max=631.62 min=10.80
04-12 12:51:48.090  1167  1167 I BufferQueueProducer: [com.astrohark.app/com.astrohark.app.ui.guest.GuestDashboardActivity$_30836#3107](this:0xb4000077a1bee838,id:-1,api:0,p:-1,c:1167) queueBuffer: fps=90.29 dur=1007.87 max=11.24 min=10.88
04-12 12:51:48.456  1167  2016 D SurfaceFlinger: [SF client] REMOVE (0xb4000077c525a620) for (30836:com.astrohark.app)
04-12 12:51:49.098  1167  1167 I BufferQueueProducer: [com.astrohark.app/com.astrohark.app.ui.guest.GuestDashboardActivity$_30836#3107](this:0xb4000077a1bee838,id:-1,api:0,p:-1,c:1167) queueBuffer: fps=86.32 dur=1007.85 max=33.31 min=10.90
04-12 12:51:50.106  1167  1167 I BufferQueueProducer: [com.astrohark.app/com.astrohark.app.ui.guest.GuestDashboardActivity$_30836#3107](this:0xb4000077a1bee838,id:-1,api:0,p:-1,c:1167) queueBuffer: fps=89.29 dur=1007.91 max=22.07 min=10.82
04-12 12:51:50.418  1701  6182 D SGM:GameManager: identifyGamePackage. com.astrohark.app, mCurrentUserId: 0, callerUserId: 0, callingMethodInfo: com.android.server.ssrm.SortingMachine.isGame(SortingMachine.java:162)
04-12 12:51:50.418  1701  6182 D SGM:PkgDataHelper: getGamePkgData(). com.astrohark.app
04-12 12:51:51.113  1167  1167 I BufferQueueProducer: [com.astrohark.app/com.astrohark.app.ui.guest.GuestDashboardActivity$_30836#3107](this:0xb4000077a1bee838,id:-1,api:0,p:-1,c:1167) queueBuffer: fps=89.33 dur=1007.52 max=22.07 min=10.84
04-12 12:51:51.827  1701  2396 D SGM:GameManager: identifyForegroundApp. com.astrohark.app, mCurrentUserId: 0, callerUserId: 0
04-12 12:51:51.827  1701  2396 D SGM:PkgDataHelper: getGamePkgData(). com.astrohark.app
04-12 12:51:52.121  1167  1167 I BufferQueueProducer: [com.astrohark.app/com.astrohark.app.ui.guest.GuestDashboardActivity$_30836#3107](this:0xb4000077a1bee838,id:-1,api:0,p:-1,c:1167) queueBuffer: fps=87.33 dur=1007.71 max=22.24 min=10.84
04-12 12:51:53.140  1167  1167 I BufferQueueProducer: [com.astrohark.app/com.astrohark.app.ui.guest.GuestDashboardActivity$_30836#3107](this:0xb4000077a1bee838,id:-1,api:0,p:-1,c:1167) queueBuffer: fps=88.33 dur=1018.87 max=22.26 min=10.88
04-12 12:51:54.147  1167  1167 I BufferQueueProducer: [com.astrohark.app/com.astrohark.app.ui.guest.GuestDashboardActivity$_30836#3107](this:0xb4000077a1bee838,id:-1,api:0,p:-1,c:1167) queueBuffer: fps=87.34 dur=1007.57 max=22.11 min=10.90
04-12 12:51:55.155  1167  1167 I BufferQueueProducer: [com.astrohark.app/com.astrohark.app.ui.guest.GuestDashboardActivity$_30836#3107](this:0xb4000077a1bee838,id:-1,api:0,p:-1,c:1167) queueBuffer: fps=87.35 dur=1007.47 max=22.40 min=10.87
04-12 12:51:56.162  1167  1167 I BufferQueueProducer: [com.astrohark.app/com.astrohark.app.ui.guest.GuestDashboardActivity$_30836#3107](this:0xb4000077a1bee838,id:-1,api:0,p:-1,c:1167) queueBuffer: fps=86.34 dur=1007.62 max=33.00 min=10.92
04-12 12:51:57.170  1167  1167 I BufferQueueProducer: [com.astrohark.app/com.astrohark.app.ui.guest.GuestDashboardActivity$_30836#3107](this:0xb4000077a1bee838,id:-1,api:0,p:-1,c:1167) queueBuffer: fps=88.32 dur=1007.65 max=22.23 min=10.78
04-12 12:51:58.178  1167  1167 I BufferQueueProducer: [com.astrohark.app/com.astrohark.app.ui.guest.GuestDashboardActivity$_30836#3107](this:0xb4000077a1bee838,id:-1,api:0,p:-1,c:1167) queueBuffer: fps=87.33 dur=1007.68 max=33.75 min=10.90
04-12 12:51:59.185  1167  1167 I BufferQueueProducer: [com.astrohark.app/com.astrohark.app.ui.guest.GuestDashboardActivity$_30836#3107](this:0xb4000077a1bee838,id:-1,api:0,p:-1,c:1167) queueBuffer: fps=87.34 dur=1007.57 max=22.92 min=10.88
04-12 12:52:00.193  1167  1167 I BufferQueueProducer: [com.astrohark.app/com.astrohark.app.ui.guest.GuestDashboardActivity$_30836#3107](this:0xb4000077a1bee838,id:-1,api:0,p:-1,c:1167) queueBuffer: fps=90.32 dur=1007.51 max=11.32 min=10.76
04-12 12:52:01.200  1167  1167 I BufferQueueProducer: [com.astrohark.app/com.astrohark.app.ui.guest.GuestDashboardActivity$_30836#3107](this:0xb4000077a1bee838,id:-1,api:0,p:-1,c:1167) queueBuffer: fps=89.32 dur=1007.66 max=22.17 min=10.86
04-12 12:52:02.208  1167  1167 I BufferQueueProducer: [com.astrohark.app/com.astrohark.app.ui.guest.GuestDashboardActivity$_30836#3107](this:0xb4000077a1bee838,id:-1,api:0,p:-1,c:1167) queueBuffer: fps=89.30 dur=1007.88 max=22.23 min=10.77
04-12 12:52:03.216  1167  1167 I BufferQueueProducer: [com.astrohark.app/com.astrohark.app.ui.guest.GuestDashboardActivity$_30836#3107](this:0xb4000077a1bee838,id:-1,api:0,p:-1,c:1167) queueBuffer: fps=88.33 dur=1007.63 max=22.20 min=10.74
04-12 12:52:03.833  1701  1728 I ChimeraSystemEventListener: appLaunchIntent package name is: com.astrohark.app
04-12 12:52:03.834  1701  4898 I ActivityTaskManager: START u0 {cmp=com.astrohark.app/.ui.auth.LoginActivity} from uid 10325
04-12 12:52:03.835  1701  4898 D ActivityTaskManager: TaskLaunchParamsModifier:task=null activity=ActivityRecord{f0e6df4 u0 com.astrohark.app/.ui.auth.LoginActivity} display-area-from-source=DefaultTaskDisplayArea@159533810 display-id=0 display-windowing-mode=1 suggested-display-area=DefaultTaskDisplayArea@159533810
04-12 12:52:03.835  1701  4898 D ActivityTaskManager: TaskLaunchParamsModifier:task=Task{d56c623 #87 type=standard A=10325:com.astrohark.app U=0 visible=true visibleRequested=true mode=fullscreen translucent=false sz=1} activity=ActivityRecord{f0e6df4 u0 com.astrohark.app/.ui.auth.LoginActivity} t-1} display-area-from-source=DefaultTaskDisplayArea@159533810 display-id=0 display-windowing-mode=1 suggested-display-area=DefaultTaskDisplayArea@159533810 inherit-from-source=fullscreen activity-options-fullscreen=Rect(0, 0 - 0, 0) non-freeform-display display-area=DefaultTaskDisplayArea@159533810 maximized-bounds
04-12 12:52:03.839  1167  1212 I SurfaceFlinger: id=3124 createSurf flag=80004, ActivityRecord{f0e6df4 u0 com.astrohark.app/.ui.auth.LoginActivity} t87}#3124
04-12 12:52:03.842  1701  4898 D ActivityTaskManager: scheduleTopResumedActivityChanged, onTop=false r=ActivityRecord{33d5b29 u0 com.astrohark.app/.ui.guest.GuestDashboardActivity} t87} caller=com.android.server.wm.ActivityTaskSupervisor.updateTopResumedActivityIfNeeded:2510 com.android.server.wm.TaskFragment.setResumedActivity:493 com.android.server.wm.TaskFragment.onActivityStateChanged:790 com.android.server.wm.ActivityRecord.setState:6406 com.android.server.wm.TaskFragment.startPausing:1880 com.android.server.wm.TaskFragment.startPausing:1817 
04-12 12:52:03.859  1701  4898 D MARsPolicyManager: onPackageResumedFG pkgName = com.astrohark.app, userId = 0
04-12 12:52:03.860  1701  4898 D WindowManagerServiceExt: notifyOccludeChangeNotice: cn=ComponentInfo{com.astrohark.app/com.astrohark.app.ui.auth.LoginActivity} occludesParent=true inMultiWindow=false styleFloating=false caller=com.android.server.wm.WindowManagerServiceExt.updateOccludeTargetIfNeeded:1402 com.android.server.wm.DisplayContent.ensureActivitiesVisible:7532 com.android.server.wm.RootWindowContainer.ensureActivitiesVisible:2248 com.android.server.wm.RootWindowContainer.ensureVisibilityAndConfig:2126 com.android.server.wm.ActivityTaskSupervisor.realStartActivityLocked:913 
04-12 12:52:03.861  1701  4898 D WindowManager: rotationForOrientation, orientationSource=ActivityRecord{f0e6df4 u0 com.astrohark.app/.ui.auth.LoginActivity} t87}
04-12 12:52:03.861  1701  4898 D WindowManager: rotationForOrientation, orientationSource=ActivityRecord{f0e6df4 u0 com.astrohark.app/.ui.auth.LoginActivity} t87}
04-12 12:52:03.863  1701  4898 D WindowManager: rotationForOrientation, orientationSource=ActivityRecord{f0e6df4 u0 com.astrohark.app/.ui.auth.LoginActivity} t87}
04-12 12:52:03.865  1701  4898 D SGM:PkgDataHelper: notifyAppCreate(), pkgName: com.astrohark.app, userId: 0, sendRet: true
04-12 12:52:03.865  1701  1978 D SGM:FgCheckThread: onLooperPrepared(), msg: MSG_APP_CREATE, pkgName: com.astrohark.app, userId: 0
04-12 12:52:03.866  1701  4898 D ActivityTaskManager: scheduleTopResumedActivityChanged, onTop=true r=ActivityRecord{f0e6df4 u0 com.astrohark.app/.ui.auth.LoginActivity} t87} caller=com.android.server.wm.ActivityTaskSupervisor.scheduleTopResumedActivityStateIfNeeded:2535 com.android.server.wm.ActivityTaskSupervisor.updateTopResumedActivityIfNeeded:2527 com.android.server.wm.TaskFragment.setResumedActivity:493 com.android.server.wm.TaskFragment.onActivityStateChanged:805 com.android.server.wm.ActivityRecord.setState:6406 com.android.server.wm.Task.minimalResumeActivityLocked:6155 
04-12 12:52:03.866  1701  4898 D InputDispatcher: Focused application(0): ActivityRecord{f0e6df4 u0 com.astrohark.app/.ui.auth.LoginActivity} t87}
04-12 12:52:03.867  1701  4898 V WindowManager: Changing focus from Window{d13a36a u0 com.astrohark.app/com.astrohark.app.ui.guest.GuestDashboardActivity} to null displayId=0 Callers=com.android.server.wm.RootWindowContainer.updateFocusedWindowLocked:595 com.android.server.wm.WindowManagerService.updateFocusedWindowLocked:6810 com.android.server.wm.ActivityTaskManagerService.setResumedActivityUncheckLocked:5766 com.android.server.wm.TaskFragment.onActivityStateChanged:807 
04-12 12:52:03.871  1701  1728 D SGM:FgCheckThread: notePauseComponent(), received pkgName: com.astrohark.app, userId: 0
04-12 12:52:03.877  1701  1728 D SGM:FgCheckThread: noteResumeComponent(), received pkgName: com.astrohark.app, userId: 0
04-12 12:52:03.877  1701  1978 D SGM:FgCheckThread: onLooperPrepared(), msg: MSG_APP_RESUME, pkgName: com.astrohark.app, userid: 0
04-12 12:52:03.877  1701  1728 I GameSDK@LifeCycle: noteResumeComponent(): package name  : com.astrohark.app
