04-12 12:52:39.038  1167  2016 I SurfaceFlinger: id=3238 createSurf flag=24004, Surface(name=ActivityRecord{456b162 u0 com.astrohark.app/.ui.city.CitySearchActivity} t87})/@0x3db86d3 - animation-leash of app_transition#3238
04-12 12:52:39.039  1701  1729 D WindowManager: makeSurface duration=1 leash=Surface(name=Surface(name=ActivityRecord{456b162 u0 com.astrohark.app/.ui.city.CitySearchActivity} t87})/@0x3db86d3 - animation-leash of app_transition)/@0x1bee210
04-12 12:52:39.040  1167  2016 I SurfaceFlinger: id=3239 createSurf flag=80004, Surface(name=ActivityRecord{456b162 u0 com.astrohark.app/.ui.city.CitySearchActivity} t87})/@0x3db86d3 - animation-bounds#3239
04-12 12:52:39.041  1701  1729 D ActivityTaskManager: mStartingWindow and mStartingData is null for token=ActivityRecord{456b162 u0 com.astrohark.app/.ui.city.CitySearchActivity} t87}
04-12 12:52:39.041  1701  1729 V WindowManager: performShowLocked: mDrawState=HAS_DRAWN in Window{eb07547 u0 com.astrohark.app/com.astrohark.app.ui.city.CitySearchActivity}
04-12 12:52:39.042  1701  1725 I ActivityTaskManager: Displayed com.astrohark.app/.ui.city.CitySearchActivity: +3s207ms
04-12 12:52:39.042  1701  1725 I Pageboost: Launch time gathered : pid 30836 com.astrohark.app 3207
04-12 12:52:39.043  1167  2016 I SurfaceFlinger: id=3240 createSurf flag=80000, 352982d ActivityRecordInputSink com.astrohark.app/.ui.city.CitySearchActivity#3240
04-12 12:52:39.050  1167  1167 I Layer   : Layer [com.astrohark.app/com.astrohark.app.ui.city.CitySearchActivity$_30836#3232] hidden!! flag(0)
04-12 12:52:39.051  1701  1729 D ActivityTaskManager: mStartingWindow and mStartingData is null for token=ActivityRecord{456b162 u0 com.astrohark.app/.ui.city.CitySearchActivity} t87}
04-12 12:52:39.059  1167  1167 I SurfaceFlinger: operator()(), mtkRenderCntDebug 300, screenshot (com.astrohark.app/com.astrohark.app.ui.city.CitySearchActivity$_30836#3232)
04-12 12:52:39.065  1167  1167 I BufferQueueProducer: [com.astrohark.app/com.astrohark.app.ui.intake.IntakeActivity$_30836#3190](this:0xb4000077a1d94838,id:-1,api:0,p:-1,c:1167) queueBuffer: fps=9.96 dur=3514.38 max=2861.63 min=10.69
04-12 12:52:39.078  1167  1167 I SurfaceFlinger: operator()(), mtkRenderCntDebug 301, screenshot (com.astrohark.app/com.astrohark.app.ui.intake.IntakeActivity$_30836#3190)
04-12 12:52:39.107  1701  4448 D InputDispatcher: Focus entered window (0): eb07547 com.astrohark.app/com.astrohark.app.ui.city.CitySearchActivity
04-12 12:52:39.120  1167  1167 D SurfaceFlinger:      CLIENT | 0xb4000077a1961180 | 0102 | RGBA_8888    |    0.0    5.0 1080.0 2400.0 |    0    0 1080 2395 | com.astrohark.app/com.astrohark.app.ui.intake.IntakeActivity$_30836#3190
04-12 12:52:39.120  1167  1167 D SurfaceFlinger:      DEVICE | 0xb4000077a1961900 | 0102 | RGBA_8888    |    0.0    0.0 1080.0 1982.0 |    0  418 1080 2400 | com.astrohark.app/com.astrohark.app.ui.city.CitySearchActivity$_30836#3232
04-12 12:52:39.133  1167  1167 D SurfaceFlinger:      CLIENT | 0xb4000077a1961180 | 0102 | RGBA_8888    |    0.0   12.0 1080.0 2400.0 |    0    0 1080 2388 | com.astrohark.app/com.astrohark.app.ui.intake.IntakeActivity$_30836#3190
04-12 12:52:39.133  1167  1167 D SurfaceFlinger:      DEVICE | 0xb4000077a1961900 | 0102 | RGBA_8888    |    0.0    0.0 1080.0 2019.0 |    0  381 1080 2400 | com.astrohark.app/com.astrohark.app.ui.city.CitySearchActivity$_30836#3232
04-12 12:52:39.204  1167  1167 D SurfaceFlinger:      DEVICE | 0xb4000077c6c29700 | 0102 | RGBA_8888    |    0.0    0.0 1080.0 2290.0 |    0  110 1080 2400 | com.astrohark.app/com.astrohark.app.ui.city.CitySearchActivity$_30836#3232
04-12 12:52:39.476  1167  1167 D SurfaceFlinger:      DEVICE | 0xb4000077a1961900 | 0102 | RGBA_8888    |    0.0    0.0 1080.0 2400.0 |    0    0 1080 2400 | com.astrohark.app/com.astrohark.app.ui.city.CitySearchActivity$_30836#3232
04-12 12:52:39.493  1701  1729 I WindowManager: Reparenting to original parent: Surface(name=Task=87)/@0x4b282a, destroy=true, surface=Surface(name=ActivityRecord{456b162 u0 com.astrohark.app/.ui.city.CitySearchActivity} t87})/@0x3db86d3
04-12 12:52:39.495  1701  1729 I WindowManager: Reparenting to original parent: Surface(name=Task=87)/@0x4b282a, destroy=true, surface=Surface(name=ActivityRecord{6a4dc06 u0 com.astrohark.app/.ui.intake.IntakeActivity} t87})/@0x3456990
04-12 12:52:39.495  1701  1729 V WindowManager: Setting visibility of Window{2866a8c u0 com.astrohark.app/com.astrohark.app.ui.intake.IntakeActivity}: false, caller=com.android.server.wm.WindowContainer.sendAppVisibilityToClients:1246 com.android.server.wm.WindowToken.setClientVisible:431 com.android.server.wm.ActivityRecord.setClientVisible:7691 com.android.server.wm.ActivityRecord.onAnimationFinished:8590 com.android.server.wm.WindowContainer$$ExternalSyntheticLambda4.onAnimationFinished:2 
04-12 12:52:39.504  1167  1167 I Layer   : id=3238 removeFromCurrentState Surface(name=ActivityRecord{456b162 u0 com.astrohark.app/.ui.city.CitySearchActivity} t87})/@0x3db86d3 - animation-leash of app_transition#3238 (131)
04-12 12:52:39.504  1167  1167 I Layer   : id=3237 removeFromCurrentState DimAnimationLayer for ActivityRecord{456b162 u0 com.astrohark.app/.ui.city.CitySearchActivity} t87}#3237 (131)
04-12 12:52:39.504  1167  1167 I Layer   : id=3239 removeFromCurrentState Surface(name=ActivityRecord{456b162 u0 com.astrohark.app/.ui.city.CitySearchActivity} t87})/@0x3db86d3 - animation-bounds#3239 (131)
04-12 12:52:39.505  1167  1167 I Layer   : id=3235 removeFromCurrentState Surface(name=ActivityRecord{6a4dc06 u0 com.astrohark.app/.ui.intake.IntakeActivity} t87})/@0x3456990 - animation-leash of app_transition#3235 (131)
04-12 12:52:39.505  1167  1167 I Layer   : id=3236 removeFromCurrentState Surface(name=ActivityRecord{6a4dc06 u0 com.astrohark.app/.ui.intake.IntakeActivity} t87})/@0x3456990 - animation-bounds#3236 (131)
04-12 12:52:39.505  1167  1167 I Layer   : Layer [com.astrohark.app/com.astrohark.app.ui.intake.IntakeActivity$_30836#3190] hidden!! flag(1)
04-12 12:52:39.505  1167  1167 I SurfaceFlinger: id=3237 Removed DimAnimationLayer for ActivityRecord{456b162 u0 com.astrohark.app/.ui.city.CitySearchActivity} t87}#3237 (131)
04-12 12:52:39.505  1167  1167 I SurfaceFlinger: id=3239 Removed Surface(name=ActivityRecord{456b162 u0 com.astrohark.app/.ui.city.CitySearchActivity} t87})/@0x3db86d3 - animation-bounds#3239 (131)
04-12 12:52:39.505  1167  1167 I SurfaceFlinger: id=3236 Removed Surface(name=ActivityRecord{6a4dc06 u0 com.astrohark.app/.ui.intake.IntakeActivity} t87})/@0x3456990 - animation-bounds#3236 (131)
04-12 12:52:39.505  1167  1167 I SurfaceFlinger: id=3235 Removed Surface(name=ActivityRecord{6a4dc06 u0 com.astrohark.app/.ui.intake.IntakeActivity} t87})/@0x3456990 - animation-leash of app_transition#3235 (131)
04-12 12:52:39.505  1167  1167 I SurfaceFlinger: id=3238 Removed Surface(name=ActivityRecord{456b162 u0 com.astrohark.app/.ui.city.CitySearchActivity} t87})/@0x3db86d3 - animation-leash of app_transition#3238 (131)
04-12 12:52:39.506  1167  1167 I Layer   : id=3236 Destroyed Surface(name=ActivityRecord{6a4dc06 u0 com.astrohark.app/.ui.intake.IntakeActivity} t87})/@0x3456990 - animation-bounds#3236
04-12 12:52:39.506  1167  1167 I Layer   : id=3235 Destroyed Surface(name=ActivityRecord{6a4dc06 u0 com.astrohark.app/.ui.intake.IntakeActivity} t87})/@0x3456990 - animation-leash of app_transition#3235
04-12 12:52:39.506  1167  1167 I Layer   : id=3239 Destroyed Surface(name=ActivityRecord{456b162 u0 com.astrohark.app/.ui.city.CitySearchActivity} t87})/@0x3db86d3 - animation-bounds#3239
04-12 12:52:39.506  1167  1167 I Layer   : id=3238 Destroyed Surface(name=ActivityRecord{456b162 u0 com.astrohark.app/.ui.city.CitySearchActivity} t87})/@0x3db86d3 - animation-leash of app_transition#3238
04-12 12:52:39.507  1167  1167 I Layer   : id=3237 Destroyed DimAnimationLayer for ActivityRecord{456b162 u0 com.astrohark.app/.ui.city.CitySearchActivity} t87}#3237
04-12 12:52:39.512  1701  2908 V WindowManager: Relayout Window{2866a8c u0 com.astrohark.app/com.astrohark.app.ui.intake.IntakeActivity}: viewVisibility=8 req=1080x2400 d0
04-12 12:52:39.521 30836 30836 I ViewRootImpl@2075aa9[IntakeActivity]: WindowStopped on com.astrohark.app/com.astrohark.app.ui.intake.IntakeActivity set to true
04-12 12:52:39.526  1701  4448 E WindowManager: win=Window{2866a8c u0 com.astrohark.app/com.astrohark.app.ui.intake.IntakeActivity} destroySurfaces: appStopped=true cleanupOnResume=false win.mWindowRemovalAllowed=false win.mRemoveOnExit=false win.mViewVisibility=8 caller=com.android.server.wm.ActivityRecord.destroySurfaces:6539 com.android.server.wm.ActivityRecord.destroySurfaces:6520 com.android.server.wm.ActivityRecord.notifyAppStopped:6584 com.android.server.wm.ActivityRecord.activityStopped:7172 com.android.server.wm.ActivityClientController.activityStopped:269 android.app.IActivityClientController$Stub.onTransact:613 com.android.server.wm.ActivityClientController.onTransact:147 
04-12 12:52:39.526  1701  4448 I WindowManager: Destroying surface Surface(name=com.astrohark.app/com.astrohark.app.ui.intake.IntakeActivity$_30836)/@0xfae501f called by com.android.server.wm.WindowStateAnimator.destroySurface:942 com.android.server.wm.WindowStateAnimator.destroySurfaceLocked:536 com.android.server.wm.WindowState.destroySurfaceUnchecked:4309 com.android.server.wm.WindowState.destroySurface:4283 com.android.server.wm.ActivityRecord.destroySurfaces:6539 com.android.server.wm.ActivityRecord.destroySurfaces:6520 com.android.server.wm.ActivityRecord.notifyAppStopped:6584 com.android.server.wm.ActivityRecord.activityStopped:7172 
04-12 12:52:39.527  1701  4448 D ActivityTaskManager: mStartingWindow and mStartingData is null for token=ActivityRecord{6a4dc06 u0 com.astrohark.app/.ui.intake.IntakeActivity} t87}
04-12 12:52:39.537  1167  1167 I Layer   : id=3190 removeFromCurrentState com.astrohark.app/com.astrohark.app.ui.intake.IntakeActivity$_30836#3190 (122)
04-12 12:52:39.537  1167  1167 I SurfaceFlinger: id=3190 Removed com.astrohark.app/com.astrohark.app.ui.intake.IntakeActivity$_30836#3190 (122)
04-12 12:52:39.538  1167  1167 I BufferQueueDebug: [com.astrohark.app/com.astrohark.app.ui.intake.IntakeActivity$_30836#3190](this:0xb4000077a1d94838,id:-1,api:0,p:-1,c:1167) onDestructor()
04-12 12:52:39.538  1167  1167 I Layer   : id=3190 Destroyed com.astrohark.app/com.astrohark.app.ui.intake.IntakeActivity$_30836#3190
04-12 12:52:39.770  1701  4448 D ActivityTaskManager: scheduleTopResumedActivityChanged, onTop=false r=ActivityRecord{456b162 u0 com.astrohark.app/.ui.city.CitySearchActivity} t87 f}} caller=com.android.server.wm.ActivityTaskSupervisor.updateTopResumedActivityIfNeeded:2510 com.android.server.wm.TaskFragment.setResumedActivity:493 com.android.server.wm.TaskFragment.onActivityStateChanged:790 com.android.server.wm.ActivityRecord.setState:6406 com.android.server.wm.TaskFragment.startPausing:1880 com.android.server.wm.ActivityRecord.finishIfPossible:4191 
04-12 12:52:39.786  1701  4448 D MARsPolicyManager: onPackageResumedFG pkgName = com.astrohark.app, userId = 0
04-12 12:52:39.788  1701  4448 V WindowManager: Setting visibility of Window{2866a8c u0 com.astrohark.app/com.astrohark.app.ui.intake.IntakeActivity}: true, caller=com.android.server.wm.WindowContainer.sendAppVisibilityToClients:1246 com.android.server.wm.WindowToken.setClientVisible:431 com.android.server.wm.ActivityRecord.setClientVisible:7691 com.android.server.wm.ActivityRecord.setVisibility:6091 com.android.server.wm.ActivityRecord.setVisibility:5984 
04-12 12:52:39.789  1701  4448 D ActivityTaskManager: scheduleTopResumedActivityChanged, onTop=true r=ActivityRecord{6a4dc06 u0 com.astrohark.app/.ui.intake.IntakeActivity} t87} caller=com.android.server.wm.ActivityTaskSupervisor.scheduleTopResumedActivityStateIfNeeded:2535 com.android.server.wm.ActivityTaskSupervisor.updateTopResumedActivityIfNeeded:2527 com.android.server.wm.TaskFragment.setResumedActivity:493 com.android.server.wm.TaskFragment.onActivityStateChanged:805 com.android.server.wm.ActivityRecord.setState:6406 com.android.server.wm.TaskFragment.resumeTopActivity:1629 
04-12 12:52:39.789  1701  4448 D InputDispatcher: Focused application(0): ActivityRecord{6a4dc06 u0 com.astrohark.app/.ui.intake.IntakeActivity} t87}
04-12 12:52:39.791  1701  4448 V WindowManager: Changing focus from Window{eb07547 u0 com.astrohark.app/com.astrohark.app.ui.city.CitySearchActivity} to null displayId=0 Callers=com.android.server.wm.RootWindowContainer.updateFocusedWindowLocked:595 com.android.server.wm.WindowManagerService.updateFocusedWindowLocked:6810 com.android.server.wm.ActivityTaskManagerService.setResumedActivityUncheckLocked:5766 com.android.server.wm.TaskFragment.onActivityStateChanged:807 
04-12 12:52:39.793  1701  4448 D WindowManagerServiceExt: notifyOccludeChangeNotice: cn=ComponentInfo{com.astrohark.app/com.astrohark.app.ui.intake.IntakeActivity} occludesParent=true inMultiWindow=false styleFloating=false caller=com.android.server.wm.WindowManagerServiceExt.updateOccludeTargetIfNeeded:1402 com.android.server.wm.DisplayContent.ensureActivitiesVisible:7532 com.android.server.wm.RootWindowContainer.ensureActivitiesVisible:2248 com.android.server.wm.RootWindowContainer.ensureVisibilityAndConfig:2126 com.android.server.wm.TaskFragment.resumeTopActivity:1652 
04-12 12:52:39.793  1701  4448 D WindowManager: rotationForOrientation, orientationSource=ActivityRecord{6a4dc06 u0 com.astrohark.app/.ui.intake.IntakeActivity} t87}
04-12 12:52:39.793  1701  4448 D WindowManager: rotationForOrientation, orientationSource=ActivityRecord{6a4dc06 u0 com.astrohark.app/.ui.intake.IntakeActivity} t87}
04-12 12:52:39.793  1701  2908 D InputDispatcher: Focus left window (0): eb07547 com.astrohark.app/com.astrohark.app.ui.city.CitySearchActivity
04-12 12:52:39.795  1701  4448 D WindowManager: rotationForOrientation, orientationSource=ActivityRecord{6a4dc06 u0 com.astrohark.app/.ui.intake.IntakeActivity} t87}
04-12 12:52:39.801  1701  1728 D SGM:FgCheckThread: notePauseComponent(), received pkgName: com.astrohark.app, userId: 0
04-12 12:52:39.803 30836 30836 I ViewRootImpl@2075aa9[IntakeActivity]: WindowStopped on com.astrohark.app/com.astrohark.app.ui.intake.IntakeActivity set to false
04-12 12:52:39.803  1167  1167 I SurfaceFlinger: [eb07547 com.astrohark.app/com.astrohark.app.ui.city.CitySearchActivity#3231] FrameRatePriority: -1
04-12 12:52:39.807  4437  4437 I ActivityUtils: HomePackage : com.sec.android.app.launcher, resumePackageName : com.astrohark.app
04-12 12:52:39.807  1701  1728 D SGM:FgCheckThread: noteResumeComponent(), received pkgName: com.astrohark.app, userId: 0
04-12 12:52:39.808  1701  1978 D SGM:FgCheckThread: onLooperPrepared(), msg: MSG_APP_RESUME, pkgName: com.astrohark.app, userid: 0
04-12 12:52:39.808  1701  1728 I GameSDK@LifeCycle: noteResumeComponent(): package name  : com.astrohark.app
04-12 12:52:39.808  1701  1978 D SGM:FgCheckThread:   handleResume(). pkgName: com.astrohark.app, userId: 0, isTunableApp: null
04-12 12:52:39.808  1701  1978 D SGM:FgCheckThread: notifyFocusInOut(). of pkg: com.astrohark.app, type: 4, isTunableApp: false, userId: 0
04-12 12:52:39.848  1701  4448 V WindowManager: Relayout Window{2866a8c u0 com.astrohark.app/com.astrohark.app.ui.intake.IntakeActivity}: viewVisibility=0 req=1080x2400 d0
04-12 12:52:39.849  1167  2016 I BufferQueueDebug: [com.astrohark.app/com.astrohark.app.ui.intake.IntakeActivity$_30836#3248](this:0xb4000077a1255838,id:-1,api:0,p:-1,c:-1) BufferQueue core=(1167:/system/bin/surfaceflinger)
04-12 12:52:39.849  1167  2016 I SurfaceFlinger: id=3248 createSurf flag=40004, com.astrohark.app/com.astrohark.app.ui.intake.IntakeActivity$_30836#3248
04-12 12:52:39.850  1701  4448 D WindowManager: makeSurface duration=2 name=com.astrohark.app/com.astrohark.app.ui.intake.IntakeActivity$_30836
04-12 12:52:39.854  1701  4448 V WindowManager: Changing focus from null to Window{2866a8c u0 com.astrohark.app/com.astrohark.app.ui.intake.IntakeActivity} displayId=0 Callers=com.android.server.wm.RootWindowContainer.updateFocusedWindowLocked:595 com.android.server.wm.WindowManagerService.updateFocusedWindowLocked:6810 com.android.server.wm.WindowManagerService.relayoutWindow:2820 com.android.server.wm.Session.relayout:274 
04-12 12:52:39.858  1701  4448 D WindowManager: updateSystemBarAttributes: displayId=0, win=Window{2866a8c u0 com.astrohark.app/com.astrohark.app.ui.intake.IntakeActivity}, navColorWin=Window{eb07547 u0 com.astrohark.app/com.astrohark.app.ui.city.CitySearchActivity}, focusedCanBeNavColorWin=false, behavior=1, appearance=8, statusBarAppearanceRegions=[AppearanceRegion{LIGHT_STATUS_BARS bounds=[0,0][1080,2400]}], requestedVisibilities=ITYPE_IME: invisible, from=com.android.server.wm.DisplayPolicy.focusChangedLw:3247 com.android.server.wm.DisplayContent.updateFocusedWindowLocked:4632 com.android.server.wm.RootWindowContainer.updateFocusedWindowLocked:595 
04-12 12:52:39.881  1167  1167 I SurfaceFlinger: [2866a8c com.astrohark.app/com.astrohark.app.ui.intake.IntakeActivity#3189] FrameRatePriority: 1
04-12 12:52:39.882  1167  1463 D SurfaceFlinger: [input] setFocusedWindow: 2866a8c com.astrohark.app/com.astrohark.app.ui.intake.IntakeActivity
04-12 12:52:39.883  1701  4448 D InputDispatcher: Focus request (0): 2866a8c com.astrohark.app/com.astrohark.app.ui.intake.IntakeActivity but waiting because NOT_VISIBLE
04-12 12:52:39.899  1701  4448 D WindowManager: finishDrawingWindow: Window{2866a8c u0 com.astrohark.app/com.astrohark.app.ui.intake.IntakeActivity} mDrawState=DRAW_PENDING seqId=0
04-12 12:52:39.903  1167  1167 D BufferStateLayer: com.astrohark.app/com.astrohark.app.ui.intake.IntakeActivity$_30836#3248 setBuffer frameId=1, bufferId=132439611539490 fenceId=276, w= 1080, h=2400
04-12 12:52:39.904  1701  1729 I WindowManager: Reparenting to leash, surface=Surface(name=ActivityRecord{456b162 u0 com.astrohark.app/.ui.city.CitySearchActivity} t87})/@0x3db86d3, leashParent=Surface(name=Task=87)/@0x4b282a
04-12 12:52:39.904  1167  2016 I SurfaceFlinger: id=3251 createSurf flag=24000, Surface(name=ActivityRecord{456b162 u0 com.astrohark.app/.ui.city.CitySearchActivity} t87})/@0x3db86d3 - animation-leash of app_transition#3251
04-12 12:52:39.905  1701  1729 D WindowManager: makeSurface duration=2 leash=Surface(name=Surface(name=ActivityRecord{456b162 u0 com.astrohark.app/.ui.city.CitySearchActivity} t87})/@0x3db86d3 - animation-leash of app_transition)/@0xc4e07e9
04-12 12:52:39.906  1167  2016 I SurfaceFlinger: id=3252 createSurf flag=80004, Surface(name=ActivityRecord{456b162 u0 com.astrohark.app/.ui.city.CitySearchActivity} t87})/@0x3db86d3 - animation-bounds#3252
04-12 12:52:39.910  1701  1729 I WindowManager: Reparenting to leash, surface=Surface(name=ActivityRecord{6a4dc06 u0 com.astrohark.app/.ui.intake.IntakeActivity} t87})/@0x3456990, leashParent=Surface(name=Task=87)/@0x4b282a
04-12 12:52:39.910  1167  2016 I SurfaceFlinger: id=3253 createSurf flag=24004, Surface(name=ActivityRecord{6a4dc06 u0 com.astrohark.app/.ui.intake.IntakeActivity} t87})/@0x3456990 - animation-leash of app_transition#3253
04-12 12:52:39.911  1701  1729 D WindowManager: makeSurface duration=1 leash=Surface(name=Surface(name=ActivityRecord{6a4dc06 u0 com.astrohark.app/.ui.intake.IntakeActivity} t87})/@0x3456990 - animation-leash of app_transition)/@0x4117f0f
04-12 12:52:39.911  1167  1212 I SurfaceFlinger: id=3254 createSurf flag=80004, Surface(name=ActivityRecord{6a4dc06 u0 com.astrohark.app/.ui.intake.IntakeActivity} t87})/@0x3456990 - animation-bounds#3254
04-12 12:52:39.914  1701  1729 D ActivityTaskManager: mStartingWindow and mStartingData is null for token=ActivityRecord{6a4dc06 u0 com.astrohark.app/.ui.intake.IntakeActivity} t87}
04-12 12:52:39.914  1701  1729 V WindowManager: performShowLocked: mDrawState=HAS_DRAWN in Window{2866a8c u0 com.astrohark.app/com.astrohark.app.ui.intake.IntakeActivity}
04-12 12:52:39.925  1167  1167 I Layer   : Layer [com.astrohark.app/com.astrohark.app.ui.intake.IntakeActivity$_30836#3248] hidden!! flag(0)
04-12 12:52:39.926  1701  1729 D ActivityTaskManager: mStartingWindow and mStartingData is null for token=ActivityRecord{6a4dc06 u0 com.astrohark.app/.ui.intake.IntakeActivity} t87}
04-12 12:52:39.934  1167  1167 I SurfaceFlinger: operator()(), mtkRenderCntDebug 302, screenshot (com.astrohark.app/com.astrohark.app.ui.city.CitySearchActivity$_30836#3232)
04-12 12:52:40.005  1167  1167 I SurfaceFlinger: operator()(), mtkRenderCntDebug 303, screenshot (com.astrohark.app/com.astrohark.app.ui.intake.IntakeActivity$_30836#3248)
04-12 12:52:40.026  1701  4898 D InputDispatcher: Focus entered window (0): 2866a8c com.astrohark.app/com.astrohark.app.ui.intake.IntakeActivity
04-12 12:52:40.033  1167  1167 D SurfaceFlinger:      DEVICE | 0xb4000077a1961900 | 0102 | RGBA_8888    |    0.0    0.0 1080.0 2399.0 |    0    1 1080 2400 | com.astrohark.app/com.astrohark.app.ui.city.CitySearchActivity$_30836#3232
04-12 12:52:40.035  1167  1167 I BufferQueueProducer: [com.astrohark.app/com.astrohark.app.ui.city.CitySearchActivity$_30836#3232](this:0xb40000778c1e7838,id:-1,api:0,p:-1,c:1167) queueBuffer: fps=24.81 dur=1007.67 max=299.03 min=8.32
04-12 12:52:40.133 30836 30843 I m.astrohark.app: JIT allocated 55KB for stack maps of void com.astrohark.app.ui.intake.IntakeActivityKt$IntakeScreen$2$2$1$1.invoke(androidx.compose.foundation.layout.ColumnScope, androidx.compose.runtime.Composer, int)
04-12 12:52:40.134 30836 30843 I m.astrohark.app: Compiler allocated 15MB to compile void com.astrohark.app.ui.intake.IntakeActivityKt$IntakeScreen$2$2$1$1.invoke(androidx.compose.foundation.layout.ColumnScope, androidx.compose.runtime.Composer, int)
04-12 12:52:40.146  1167  1167 D SurfaceFlinger:      DEVICE | 0xb4000077c6c27d80 | 0102 | RGBA_8888    |    0.0   20.0 1080.0 2400.0 |    0    0 1080 2380 | com.astrohark.app/com.astrohark.app.ui.intake.IntakeActivity$_30836#3248
04-12 12:52:40.283  1167  1167 D SurfaceFlinger:      DEVICE | 0xb4000077c6c27d80 | 0102 | RGBA_8888    |    0.0    0.0 1080.0 2400.0 |    0    0 1080 2400 | com.astrohark.app/com.astrohark.app.ui.intake.IntakeActivity$_30836#3248
04-12 12:52:40.313  1701  1729 I WindowManager: Reparenting to original parent: Surface(name=Task=87)/@0x4b282a, destroy=true, surface=Surface(name=ActivityRecord{456b162 u0 com.astrohark.app/.ui.city.CitySearchActivity} t87})/@0x3db86d3
04-12 12:52:40.313  1701  1729 V WindowManager: Setting visibility of Window{eb07547 u0 com.astrohark.app/com.astrohark.app.ui.city.CitySearchActivity}: false, caller=com.android.server.wm.WindowContainer.sendAppVisibilityToClients:1246 com.android.server.wm.WindowToken.setClientVisible:431 com.android.server.wm.ActivityRecord.setClientVisible:7691 com.android.server.wm.ActivityRecord.onAnimationFinished:8590 com.android.server.wm.WindowContainer$$ExternalSyntheticLambda4.onAnimationFinished:2 
04-12 12:52:40.314  1701  1729 I WindowManager: Reparenting to original parent: Surface(name=Task=87)/@0x4b282a, destroy=true, surface=Surface(name=ActivityRecord{6a4dc06 u0 com.astrohark.app/.ui.intake.IntakeActivity} t87})/@0x3456990
04-12 12:52:40.324  1167  1167 I Layer   : id=3251 removeFromCurrentState Surface(name=ActivityRecord{456b162 u0 com.astrohark.app/.ui.city.CitySearchActivity} t87})/@0x3db86d3 - animation-leash of app_transition#3251 (130)
04-12 12:52:40.324  1167  1167 I Layer   : id=3252 removeFromCurrentState Surface(name=ActivityRecord{456b162 u0 com.astrohark.app/.ui.city.CitySearchActivity} t87})/@0x3db86d3 - animation-bounds#3252 (130)
04-12 12:52:40.324  1167  1167 I Layer   : id=3253 removeFromCurrentState Surface(name=ActivityRecord{6a4dc06 u0 com.astrohark.app/.ui.intake.IntakeActivity} t87})/@0x3456990 - animation-leash of app_transition#3253 (130)
04-12 12:52:40.325  1167  1167 I Layer   : id=3254 removeFromCurrentState Surface(name=ActivityRecord{6a4dc06 u0 com.astrohark.app/.ui.intake.IntakeActivity} t87})/@0x3456990 - animation-bounds#3254 (130)
04-12 12:52:40.325  1167  1167 I Layer   : Layer [com.astrohark.app/com.astrohark.app.ui.city.CitySearchActivity$_30836#3232] hidden!! flag(1)
04-12 12:52:40.325  1167  1167 I SurfaceFlinger: id=3252 Removed Surface(name=ActivityRecord{456b162 u0 com.astrohark.app/.ui.city.CitySearchActivity} t87})/@0x3db86d3 - animation-bounds#3252 (130)
04-12 12:52:40.325  1167  1167 I SurfaceFlinger: id=3254 Removed Surface(name=ActivityRecord{6a4dc06 u0 com.astrohark.app/.ui.intake.IntakeActivity} t87})/@0x3456990 - animation-bounds#3254 (130)
04-12 12:52:40.325  1167  1167 I SurfaceFlinger: id=3253 Removed Surface(name=ActivityRecord{6a4dc06 u0 com.astrohark.app/.ui.intake.IntakeActivity} t87})/@0x3456990 - animation-leash of app_transition#3253 (130)
04-12 12:52:40.325  1167  1167 I SurfaceFlinger: id=3251 Removed Surface(name=ActivityRecord{456b162 u0 com.astrohark.app/.ui.city.CitySearchActivity} t87})/@0x3db86d3 - animation-leash of app_transition#3251 (130)
04-12 12:52:40.326  1167  1167 I Layer   : id=3254 Destroyed Surface(name=ActivityRecord{6a4dc06 u0 com.astrohark.app/.ui.intake.IntakeActivity} t87})/@0x3456990 - animation-bounds#3254
04-12 12:52:40.326  1167  1167 I Layer   : id=3253 Destroyed Surface(name=ActivityRecord{6a4dc06 u0 com.astrohark.app/.ui.intake.IntakeActivity} t87})/@0x3456990 - animation-leash of app_transition#3253
04-12 12:52:40.326  1167  1167 I Layer   : id=3252 Destroyed Surface(name=ActivityRecord{456b162 u0 com.astrohark.app/.ui.city.CitySearchActivity} t87})/@0x3db86d3 - animation-bounds#3252
04-12 12:52:40.326  1167  1167 I Layer   : id=3251 Destroyed Surface(name=ActivityRecord{456b162 u0 com.astrohark.app/.ui.city.CitySearchActivity} t87})/@0x3db86d3 - animation-leash of app_transition#3251
04-12 12:52:40.330  1701  2908 V WindowManager: Relayout Window{eb07547 u0 com.astrohark.app/com.astrohark.app.ui.city.CitySearchActivity}: viewVisibility=8 req=1080x2400 d0
04-12 12:52:40.338 30836 30836 I ViewRootImpl@8e8c388[CitySearchActivity]: WindowStopped on com.astrohark.app/com.astrohark.app.ui.city.CitySearchActivity set to true
04-12 12:52:40.374  1701  2908 D CoreBackPreview: Window{eb07547 u0 com.astrohark.app/com.astrohark.app.ui.city.CitySearchActivity}: Setting back callback null
04-12 12:52:40.377  1701  2908 W InputManager-JNI: Input channel object 'eb07547 com.astrohark.app/com.astrohark.app.ui.city.CitySearchActivity (client)' was disposed without first being removed with the input manager!
04-12 12:52:40.377  1701  2908 V WindowManager: Remove Window{eb07547 u0 com.astrohark.app/com.astrohark.app.ui.city.CitySearchActivity}: mSurfaceController=Surface(name=com.astrohark.app/com.astrohark.app.ui.city.CitySearchActivity$_30836)/@0x3d649ff mAnimatingExit=false mRemoveOnExit=false mHasSurface=true surfaceShowing=false animating=false app-animation=false mWillReplaceWindow=false mDisplayFrozen=false callers=com.android.server.wm.WindowState.removeIfPossible:3041 com.android.server.wm.WindowManagerService.removeWindow:2289 com.android.server.wm.Session.remove:236 android.view.IWindowSession$Stub.onTransact:743 com.android.server.wm.Session.onTransact:188 android.os.Binder.execTransactInternal:1316 
04-12 12:52:40.378  1701  2908 I WindowManager: Destroying surface Surface(name=com.astrohark.app/com.astrohark.app.ui.city.CitySearchActivity$_30836)/@0x3d649ff called by com.android.server.wm.WindowStateAnimator.destroySurface:942 com.android.server.wm.WindowStateAnimator.destroySurfaceLocked:536 com.android.server.wm.WindowState.removeImmediately:2969 com.android.server.wm.WindowState.removeIfPossible:3228 com.android.server.wm.WindowState.removeIfPossible:3041 com.android.server.wm.WindowManagerService.removeWindow:2289 com.android.server.wm.Session.remove:236 android.view.IWindowSession$Stub.onTransact:743 
04-12 12:52:40.386  1167  1212 I SurfaceFlinger: id=3240 Removed 352982d ActivityRecordInputSink com.astrohark.app/.ui.city.CitySearchActivity#3240 (122)
04-12 12:52:40.390  1167  1167 I Layer   : id=3232 removeFromCurrentState com.astrohark.app/com.astrohark.app.ui.city.CitySearchActivity$_30836#3232 (122)
04-12 12:52:40.391  1167  1167 I Layer   : id=3231 removeFromCurrentState eb07547 com.astrohark.app/com.astrohark.app.ui.city.CitySearchActivity#3231 (122)
04-12 12:52:40.391  1167  1167 I SurfaceFlinger: id=3232 Removed com.astrohark.app/com.astrohark.app.ui.city.CitySearchActivity$_30836#3232 (122)
04-12 12:52:40.391  1167  1167 I SurfaceFlinger: id=3231 Removed eb07547 com.astrohark.app/com.astrohark.app.ui.city.CitySearchActivity#3231 (122)
04-12 12:52:40.392  1167  1167 I Layer   : id=3231 Destroyed eb07547 com.astrohark.app/com.astrohark.app.ui.city.CitySearchActivity#3231
04-12 12:52:40.392  1167  1167 I BufferQueueDebug: [com.astrohark.app/com.astrohark.app.ui.city.CitySearchActivity$_30836#3232](this:0xb40000778c1e7838,id:-1,api:0,p:-1,c:1167) onDestructor()
04-12 12:52:40.392  1167  1167 I Layer   : id=3232 Destroyed com.astrohark.app/com.astrohark.app.ui.city.CitySearchActivity$_30836#3232
04-12 12:52:40.401  1167  1167 I Layer   : id=3230 removeFromCurrentState ActivityRecord{456b162 u0 com.astrohark.app/.ui.city.CitySearchActivity} t87}#3230 (120)
04-12 12:52:40.401  1167  1167 I Layer   : id=3240 removeFromCurrentState 352982d ActivityRecordInputSink com.astrohark.app/.ui.city.CitySearchActivity#3240 (120)
04-12 12:52:40.401  1167  1167 I SurfaceFlinger: id=3230 Removed ActivityRecord{456b162 u0 com.astrohark.app/.ui.city.CitySearchActivity} t87}#3230 (120)
04-12 12:52:40.402  1167  1167 I Layer   : id=3230 Destroyed ActivityRecord{456b162 u0 com.astrohark.app/.ui.city.CitySearchActivity} t87}#3230
04-12 12:52:40.402  1167  1167 I Layer   : id=3240 Destroyed 352982d ActivityRecordInputSink com.astrohark.app/.ui.city.CitySearchActivity#3240
04-12 12:52:41.055  1167  1167 I BufferQueueProducer: [com.astrohark.app/com.astrohark.app.ui.intake.IntakeActivity$_30836#3248](this:0xb4000077a1255838,id:-1,api:0,p:-1,c:1167) queueBuffer: fps=9.55 dur=1151.89 max=487.09 min=10.89
04-12 12:52:41.355  1167  2020 D SurfaceFlinger: [SF client] NEW(0xb4000077c525f5c0) for (30836:com.astrohark.app)
04-12 12:52:41.363  1167  2020 I SurfaceFlinger: id=3262 createSurf flag=80004, 44f871b com.astrohark.app/com.astrohark.app.ui.intake.IntakeActivity#3262
04-12 12:52:41.364  1701  2908 V WindowManager: Changing focus from Window{2866a8c u0 com.astrohark.app/com.astrohark.app.ui.intake.IntakeActivity} to Window{44f871b u0 com.astrohark.app/com.astrohark.app.ui.intake.IntakeActivity} displayId=0 Callers=com.android.server.wm.RootWindowContainer.updateFocusedWindowLocked:595 com.android.server.wm.WindowManagerService.updateFocusedWindowLocked:6810 com.android.server.wm.WindowManagerService.addWindow:2054 com.android.server.wm.Session.addToDisplayAsUser:222 
04-12 12:52:41.364  1701  2908 D MARsPolicyManager: onPackageResumedFG pkgName = com.astrohark.app, userId = 0
04-12 12:52:41.368  1701  2908 D WindowManager: updateSystemBarAttributes: displayId=0, win=Window{44f871b u0 com.astrohark.app/com.astrohark.app.ui.intake.IntakeActivity}, navColorWin=Window{2866a8c u0 com.astrohark.app/com.astrohark.app.ui.intake.IntakeActivity}, focusedCanBeNavColorWin=false, behavior=1, appearance=8, statusBarAppearanceRegions=[AppearanceRegion{LIGHT_STATUS_BARS bounds=[0,0][1080,2400]}], requestedVisibilities=, from=com.android.server.wm.DisplayPolicy.focusChangedLw:3247 com.android.server.wm.DisplayContent.updateFocusedWindowLocked:4632 com.android.server.wm.RootWindowContainer.updateFocusedWindowLocked:595 
04-12 12:52:41.371 30836 30836 D InsetsController: onStateChanged: InsetsState: {mDisplayFrame=Rect(0, 0 - 1080, 2400), mDisplayCutout=DisplayCutout{insets=Rect(0, 78 - 0, 0) waterfall=Insets{left=0, top=0, right=0, bottom=0} boundingRect={Bounds=[Rect(0, 0 - 0, 0), Rect(468, 0 - 612, 78), Rect(0, 0 - 0, 0), Rect(0, 0 - 0, 0)]} cutoutPathParserInfo={CutoutPathParserInfo{displayWidth=1080 displayHeight=2400 physicalDisplayWidth=1080 physicalDisplayHeight=2400 density={2.8125} cutoutSpec={M 0,0 H -25.6 V 27.73333333333333 H 25.6 V 0 H 0 Z @dp} rotation={0} scale={1.0} physicalPixelDisplaySizeRatio={1.0}}}}, mRoundedCorners=RoundedCorners{[RoundedCorner{position=TopLeft, radius=90, center=Point(90, 90)}, RoundedCorner{position=TopRight, radius=90, center=Point(990, 90)}, RoundedCorner{position=BottomRight, radius=90, center=Point(990, 2310)}, RoundedCorner{position=BottomLeft, radius=90, center=Point(90, 2310)}]}  mRoundedCornerFrame=Rect(0, 0 - 1080, 2400), mPrivacyIndicatorBounds=PrivacyIndicatorBounds {static bounds=Rect(956, 0 - 1080, 78) rotation=0}, mSources= { InsetsSource: {mType=ITYPE_STATUS_BAR, mFrame=[0,0][1080,78], mVisible=true, mInsetsRoundedCornerFrame=false}, InsetsSource: {mType=ITYPE_NAVIGATION_BAR, mFrame=[0,2265][1080,2400], mVisible=true, mInsetsRoundedCornerFrame=false}, InsetsSource: {mType=ITYPE_LEFT_GESTURES, mFrame=[0,0][0,2400], mVisible=true, mInsetsRoundedCornerFrame=false}, InsetsSource: {mType=ITYPE_RIGHT_GESTURES, mFrame=[1080,0][1080,2400], mVisible=true, mInsetsRoundedCornerFrame=false}, InsetsSource: {mType=ITYPE_TOP_MANDATORY_GESTURES, mFrame=[0,0][1080,112], mVisible=true, mInsetsRoundedCornerFrame=false}, InsetsSource: {mType=ITYPE_BOTTOM_MANDATORY_GESTURES, mFrame=[0,2265][1080,2400], mVisible=true, mInsetsRoundedCornerFrame=false}, InsetsSource: {mType=ITYPE_LEFT_DISPLAY_CUTOUT, mFrame=[0,0][-100000,2400], mVisible=true, mInsetsRoundedCornerFrame=false}, InsetsSource: {mType=ITYPE_TOP_DISPLAY_CUTOUT, mFrame=[0,0][1080,78], mVisible=true, mInsetsRoundedCornerFrame=false}, InsetsSource: {mType=ITYPE_RIGHT_DISPLAY_CUTOUT, mFrame=[100000,0][1080,2400], mVisible=true, mInsetsRoundedCornerFrame=false}, InsetsSource: {mType=ITYPE_BOTTOM_DISPLAY_CUTOUT, mFrame=[0,100000][1080,2400], mVisible=true, mInsetsRoundedCornerFrame=false}, InsetsSource: {mType=ITYPE_TOP_TAPPABLE_ELEMENT, mFrame=[0,0][1080,78], mVisible=true, mInsetsRoundedCornerFrame=false}, InsetsSource: {mType=ITYPE_BOTTOM_TAPPABLE_ELEMENT, mFrame=[0,2265][1080,2400], mVisible=true, mInsetsRoundedCornerFrame=false}, InsetsSource: {mType=ITYPE_IME, mFrame=[0,0][0,0], mVisibleFrame=[0,1392][1080,2400], mVisible=false, mInsetsRoundedCornerFrame=false} } host=com.astrohark.app/com.astrohark.app.ui.intake.IntakeActivity from=android.view.ViewRootImpl.setView:1732
04-12 12:52:41.373  1701  2908 D CoreBackPreview: Window{44f871b u0 com.astrohark.app/com.astrohark.app.ui.intake.IntakeActivity}: Setting back callback OnBackInvokedCallbackInfo{mCallback=android.window.IOnBackInvokedCallback$Stub$Proxy@697b2cd, mPriority=0}
04-12 12:52:41.375  1167  1167 I SurfaceFlinger: [44f871b com.astrohark.app/com.astrohark.app.ui.intake.IntakeActivity#3262] FrameRatePriority: 1
04-12 12:52:41.376  1167  1167 I SurfaceFlinger: [2866a8c com.astrohark.app/com.astrohark.app.ui.intake.IntakeActivity#3189] FrameRatePriority: -1
04-12 12:52:41.421  1701  2908 V WindowManager: Relayout Window{44f871b u0 com.astrohark.app/com.astrohark.app.ui.intake.IntakeActivity}: viewVisibility=0 req=900x821 d0
04-12 12:52:41.422  1167  1212 I BufferQueueDebug: [com.astrohark.app/com.astrohark.app.ui.intake.IntakeActivity$_30836#3265](this:0xb40000778c31b838,id:-1,api:0,p:-1,c:-1) BufferQueue core=(1167:/system/bin/surfaceflinger)
04-12 12:52:41.422  1167  1212 I SurfaceFlinger: id=3265 createSurf flag=40004, com.astrohark.app/com.astrohark.app.ui.intake.IntakeActivity$_30836#3265
04-12 12:52:41.423  1701  2908 D WindowManager: makeSurface duration=2 name=com.astrohark.app/com.astrohark.app.ui.intake.IntakeActivity$_30836
04-12 12:52:41.443  1167  1463 D SurfaceFlinger: [input] setFocusedWindow: 44f871b com.astrohark.app/com.astrohark.app.ui.intake.IntakeActivity
04-12 12:52:41.443  1701  4898 D InputDispatcher: Focus request (0): 44f871b com.astrohark.app/com.astrohark.app.ui.intake.IntakeActivity but waiting because NOT_VISIBLE
04-12 12:52:41.443  1701  4898 D InputDispatcher: Focus left window (0): 2866a8c com.astrohark.app/com.astrohark.app.ui.intake.IntakeActivity
04-12 12:52:41.496  1701  4898 D WindowManager: finishDrawingWindow: Window{44f871b u0 com.astrohark.app/com.astrohark.app.ui.intake.IntakeActivity} mDrawState=DRAW_PENDING seqId=0
04-12 12:52:41.497  1167  1167 D BufferStateLayer: com.astrohark.app/com.astrohark.app.ui.intake.IntakeActivity$_30836#3265 setBuffer frameId=1, bufferId=132439611539493 fenceId=410, w= 1126, h=1047
04-12 12:52:41.503  1701  1729 I WindowManager: Reparenting to leash, surface=Surface(name=44f871b com.astrohark.app/com.astrohark.app.ui.intake.IntakeActivity)/@0xc06d9ce, leashParent=Surface(name=ActivityRecord{6a4dc06 u0 com.astrohark.app/.ui.intake.IntakeActivity} t87})/@0x3456990
04-12 12:52:41.504  1167  2020 I SurfaceFlinger: id=3266 createSurf flag=24004, Surface(name=44f871b com.astrohark.app/com.astrohark.app.ui.intake.IntakeActivity)/@0xc06d9ce - animation-leash of window_animation#3266
04-12 12:52:41.504  1701  1729 D WindowManager: makeSurface duration=1 leash=Surface(name=Surface(name=44f871b com.astrohark.app/com.astrohark.app.ui.intake.IntakeActivity)/@0xc06d9ce - animation-leash of window_animation)/@0x89bb0ef
04-12 12:52:41.505  1701  1729 V WindowManager: performShowLocked: mDrawState=HAS_DRAWN in Window{44f871b u0 com.astrohark.app/com.astrohark.app.ui.intake.IntakeActivity}
04-12 12:52:41.508  1167  1167 I Layer   : Layer [com.astrohark.app/com.astrohark.app.ui.intake.IntakeActivity$_30836#3265] hidden!! flag(0)
04-12 12:52:41.509  1701  1729 D ActivityTaskManager: mStartingWindow and mStartingData is null for token=ActivityRecord{6a4dc06 u0 com.astrohark.app/.ui.intake.IntakeActivity} t87}
04-12 12:52:41.511  1701  1729 D WindowManager: updateSystemBarAttributes: displayId=0, win=Window{44f871b u0 com.astrohark.app/com.astrohark.app.ui.intake.IntakeActivity}, navColorWin=Window{44f871b u0 com.astrohark.app/com.astrohark.app.ui.intake.IntakeActivity}, focusedCanBeNavColorWin=false, behavior=1, appearance=8, statusBarAppearanceRegions=[AppearanceRegion{ bounds=[0,0][1080,2400]}], requestedVisibilities=, from=com.android.server.wm.DisplayPolicy.finishPostLayoutPolicyLw:2527 com.android.server.wm.DisplayContent.applySurfaceChangesTransaction:5713 com.android.server.wm.RootWindowContainer.applySurfaceChangesTransaction:1234 
04-12 12:52:41.512  2312  2312 D SamsungLightBarControlHelper: onStatusBarAppearanceChanged() -  sbModeChanged:false, statusBarMode:MODE_TRANSPARENT, barState:SHADE, isKeyguardShowing:false, navbarColorManagedByIme:false, stackAppearancesChanged:true, (AppearanceRegion{ bounds=[0,0][1080,2400]}, ), packageName:com.astrohark.app
04-12 12:52:41.514  2312  2312 D SamsungLightBarControlHelper: updateStatus(WHITE icon) NumStacks:1, StatusBarMode:MODE_TRANSPARENT, lightBarBounds:[], StatusBarState:SHADE, packageName:com.astrohark.app, isWhiteKeyguardStatusBarBySettings:true
04-12 12:52:41.518  1701  4898 V WindowManager: Relayout Window{44f871b u0 com.astrohark.app/com.astrohark.app.ui.intake.IntakeActivity}: viewVisibility=0 req=900x821 d0
04-12 12:52:41.534  1701  4898 D InputDispatcher: Focus entered window (0): 44f871b com.astrohark.app/com.astrohark.app.ui.intake.IntakeActivity
04-12 12:52:41.537  1167  1167 D SurfaceFlinger:      DEVICE | 0xb4000077c6c27d80 | 0102 | RGBA_8888    |    0.0    0.0 1080.0 2400.0 |    0    0 1080 2400 | com.astrohark.app/com.astrohark.app.ui.intake.IntakeActivity$_30836#3248
04-12 12:52:41.537  1167  1167 D SurfaceFlinger:      DEVICE | 0xb4000077a1963700 | 0100 | RGBA_8888    |   23.0    0.0 1103.0 1047.0 |    0  703 1080 1750 | com.astrohark.app/com.astrohark.app.ui.intake.IntakeActivity$_30836#3265
04-12 12:52:41.730  1701  1729 I WindowManager: Reparenting to original parent: Surface(name=ActivityRecord{6a4dc06 u0 com.astrohark.app/.ui.intake.IntakeActivity} t87})/@0x3456990, destroy=true, surface=Surface(name=44f871b com.astrohark.app/com.astrohark.app.ui.intake.IntakeActivity)/@0xc06d9ce
04-12 12:52:41.741  1167  1167 I Layer   : id=3266 removeFromCurrentState Surface(name=44f871b com.astrohark.app/com.astrohark.app.ui.intake.IntakeActivity)/@0xc06d9ce - animation-leash of window_animation#3266 (123)
04-12 12:52:41.741  1167  1167 I SurfaceFlinger: id=3266 Removed Surface(name=44f871b com.astrohark.app/com.astrohark.app.ui.intake.IntakeActivity)/@0xc06d9ce - animation-leash of window_animation#3266 (123)
04-12 12:52:41.742  1167  1167 I Layer   : id=3266 Destroyed Surface(name=44f871b com.astrohark.app/com.astrohark.app.ui.intake.IntakeActivity)/@0xc06d9ce - animation-leash of window_animation#3266
04-12 12:52:42.062  1167  1167 I BufferQueueProducer: [com.astrohark.app/com.astrohark.app.ui.intake.IntakeActivity$_30836#3248](this:0xb4000077a1255838,id:-1,api:0,p:-1,c:1167) queueBuffer: fps=31.76 dur=1007.71 max=465.76 min=9.76
04-12 12:52:42.605  1167  1167 I BufferQueueProducer: [com.astrohark.app/com.astrohark.app.ui.intake.IntakeActivity$_30836#3265](this:0xb40000778c31b838,id:-1,api:0,p:-1,c:1167) queueBuffer: fps=0.90 dur=1108.20 max=1108.20 min=1108.20
04-12 12:52:43.071  1167  1167 I BufferQueueProducer: [com.astrohark.app/com.astrohark.app.ui.intake.IntakeActivity$_30836#3248](this:0xb4000077a1255838,id:-1,api:0,p:-1,c:1167) queueBuffer: fps=1.98 dur=1008.40 max=553.99 min=454.41
04-12 12:52:44.565  1167  1167 I BufferQueueProducer: [com.astrohark.app/com.astrohark.app.ui.intake.IntakeActivity$_30836#3265](this:0xb40000778c31b838,id:-1,api:0,p:-1,c:1167) queueBuffer: fps=1.02 dur=1959.56 max=1007.61 min=951.95
04-12 12:52:44.565  1167  1167 I BufferQueueProducer: [com.astrohark.app/com.astrohark.app.ui.intake.IntakeActivity$_30836#3248](this:0xb4000077a1255838,id:-1,api:0,p:-1,c:1167) queueBuffer: fps=2.01 dur=1494.39 max=498.55 min=497.51
04-12 12:52:46.060  1167  1167 I BufferQueueProducer: [com.astrohark.app/com.astrohark.app.ui.intake.IntakeActivity$_30836#3248](this:0xb4000077a1255838,id:-1,api:0,p:-1,c:1167) queueBuffer: fps=2.01 dur=1495.13 max=509.32 min=487.12
04-12 12:52:46.550  1167  1167 I BufferQueueProducer: [com.astrohark.app/com.astrohark.app.ui.intake.IntakeActivity$_30836#3265](this:0xb40000778c31b838,id:-1,api:0,p:-1,c:1167) queueBuffer: fps=1.01 dur=1985.47 max=996.60 min=988.87
04-12 12:52:47.068  1167  1167 I BufferQueueProducer: [com.astrohark.app/com.astrohark.app.ui.intake.IntakeActivity$_30836#3248](this:0xb4000077a1255838,id:-1,api:0,p:-1,c:1167) queueBuffer: fps=1.98 dur=1007.57 max=506.32 min=501.25
04-12 12:52:47.555  1167  1167 I BufferQueueProducer: [com.astrohark.app/com.astrohark.app.ui.intake.IntakeActivity$_30836#3265](this:0xb40000778c31b838,id:-1,api:0,p:-1,c:1167) queueBuffer: fps=0.99 dur=1005.14 max=1005.14 min=1005.14
04-12 12:52:48.563  1167  1167 I BufferQueueProducer: [com.astrohark.app/com.astrohark.app.ui.intake.IntakeActivity$_30836#3265](this:0xb40000778c31b838,id:-1,api:0,p:-1,c:1167) queueBuffer: fps=0.99 dur=1007.30 max=1007.30 min=1007.30
04-12 12:52:48.573  1167  1167 I BufferQueueProducer: [com.astrohark.app/com.astrohark.app.ui.intake.IntakeActivity$_30836#3248](this:0xb4000077a1255838,id:-1,api:0,p:-1,c:1167) queueBuffer: fps=1.99 dur=1505.68 max=509.13 min=487.58
04-12 12:52:49.581  1167  1167 I BufferQueueProducer: [com.astrohark.app/com.astrohark.app.ui.intake.IntakeActivity$_30836#3248](this:0xb4000077a1255838,id:-1,api:0,p:-1,c:1167) queueBuffer: fps=1.98 dur=1008.00 max=508.88 min=499.12
04-12 12:52:50.567  1167  1167 I BufferQueueProducer: [com.astrohark.app/com.astrohark.app.ui.intake.IntakeActivity$_30836#3265](this:0xb40000778c31b838,id:-1,api:0,p:-1,c:1167) queueBuffer: fps=1.00 dur=2004.48 max=1007.65 min=996.83
04-12 12:52:51.066  1167  1167 I BufferQueueProducer: [com.astrohark.app/com.astrohark.app.ui.intake.IntakeActivity$_30836#3248](this:0xb4000077a1255838,id:-1,api:0,p:-1,c:1167) queueBuffer: fps=2.02 dur=1484.23 max=509.38 min=487.39
04-12 12:52:52.564  1167  1167 I BufferQueueProducer: [com.astrohark.app/com.astrohark.app.ui.intake.IntakeActivity$_30836#3265](this:0xb40000778c31b838,id:-1,api:0,p:-1,c:1167) queueBuffer: fps=1.00 dur=1996.87 max=999.86 min=997.01
04-12 12:52:52.584  1167  1167 I BufferQueueProducer: [com.astrohark.app/com.astrohark.app.ui.intake.IntakeActivity$_30836#3248](this:0xb4000077a1255838,id:-1,api:0,p:-1,c:1167) queueBuffer: fps=1.98 dur=1518.19 max=530.81 min=477.50
04-12 12:52:53.569  1167  1167 I BufferQueueProducer: [com.astrohark.app/com.astrohark.app.ui.intake.IntakeActivity$_30836#3265](this:0xb40000778c31b838,id:-1,api:0,p:-1,c:1167) queueBuffer: fps=1.00 dur=1004.83 max=1004.83 min=1004.83
04-12 12:52:54.056  1167  1167 I BufferQueueProducer: [com.astrohark.app/com.astrohark.app.ui.intake.IntakeActivity$_30836#3248](this:0xb4000077a1255838,id:-1,api:0,p:-1,c:1167) queueBuffer: fps=2.04 dur=1471.80 max=508.73 min=475.92
04-12 12:52:55.074  1167  1167 I BufferQueueProducer: [com.astrohark.app/com.astrohark.app.ui.intake.IntakeActivity$_30836#3248](this:0xb4000077a1255838,id:-1,api:0,p:-1,c:1167) queueBuffer: fps=1.96 dur=1018.68 max=531.54 min=487.14
04-12 12:52:55.572  1167  1167 I BufferQueueProducer: [com.astrohark.app/com.astrohark.app.ui.intake.IntakeActivity$_30836#3265](this:0xb40000778c31b838,id:-1,api:0,p:-1,c:1167) queueBuffer: fps=1.00 dur=2003.54 max=1007.39 min=996.15
04-12 12:52:56.613  1167  1167 I BufferQueueProducer: [com.astrohark.app/com.astrohark.app.ui.intake.IntakeActivity$_30836#3265](this:0xb40000778c31b838,id:-1,api:0,p:-1,c:1167) queueBuffer: fps=0.96 dur=1040.65 max=1040.65 min=1040.65
04-12 12:52:56.624  1167  1167 I BufferQueueProducer: [com.astrohark.app/com.astrohark.app.ui.intake.IntakeActivity$_30836#3248](this:0xb4000077a1255838,id:-1,api:0,p:-1,c:1167) queueBuffer: fps=1.94 dur=1549.74 max=553.16 min=487.44
04-12 12:52:57.634  1167  1167 I BufferQueueProducer: [com.astrohark.app/com.astrohark.app.ui.intake.IntakeActivity$_30836#3265](this:0xb40000778c31b838,id:-1,api:0,p:-1,c:1167) queueBuffer: fps=0.98 dur=1020.84 max=1020.84 min=1020.84
04-12 12:52:57.645  1167  1167 I BufferQueueProducer: [com.astrohark.app/com.astrohark.app.ui.intake.IntakeActivity$_30836#3248](this:0xb4000077a1255838,id:-1,api:0,p:-1,c:1167) queueBuffer: fps=1.96 dur=1020.89 max=588.01 min=432.87
04-12 12:52:59.071  1167  1167 I BufferQueueProducer: [com.astrohark.app/com.astrohark.app.ui.intake.IntakeActivity$_30836#3248](this:0xb4000077a1255838,id:-1,api:0,p:-1,c:1167) queueBuffer: fps=2.10 dur=1425.97 max=552.64 min=408.06
04-12 12:52:59.581  1167  1167 I BufferQueueProducer: [com.astrohark.app/com.astrohark.app.ui.intake.IntakeActivity$_30836#3265](this:0xb40000778c31b838,id:-1,api:0,p:-1,c:1167) queueBuffer: fps=1.03 dur=1947.03 max=985.95 min=961.08
04-12 12:53:00.592  1167  1167 I BufferQueueProducer: [com.astrohark.app/com.astrohark.app.ui.intake.IntakeActivity$_30836#3265](this:0xb40000778c31b838,id:-1,api:0,p:-1,c:1167) queueBuffer: fps=0.99 dur=1011.40 max=1011.40 min=1011.40
04-12 12:53:00.593  1167  1167 I BufferQueueProducer: [com.astrohark.app/com.astrohark.app.ui.intake.IntakeActivity$_30836#3248](this:0xb4000077a1255838,id:-1,api:0,p:-1,c:1167) queueBuffer: fps=1.97 dur=1521.67 max=523.36 min=476.01
04-12 12:53:02.072  1167  1167 I BufferQueueProducer: [com.astrohark.app/com.astrohark.app.ui.intake.IntakeActivity$_30836#3248](this:0xb4000077a1255838,id:-1,api:0,p:-1,c:1167) queueBuffer: fps=2.03 dur=1479.83 max=513.44 min=468.01
04-12 12:53:02.593  1167  1167 I BufferQueueProducer: [com.astrohark.app/com.astrohark.app.ui.intake.IntakeActivity$_30836#3265](this:0xb40000778c31b838,id:-1,api:0,p:-1,c:1167) queueBuffer: fps=1.00 dur=2000.91 max=1019.29 min=981.62
04-12 12:53:03.046  1167  2016 D SurfaceFlinger: [SF client] REMOVE (0xb4000077c525c4c0) for (30836:com.astrohark.app)
04-12 12:53:03.048  1167  2016 D SurfaceFlinger: [SF client] REMOVE (0xb4000077c525fe80) for (30836:com.astrohark.app)
04-12 12:53:03.049  1167  2016 D SurfaceFlinger: [SF client] REMOVE (0xb4000077c52602e0) for (30836:com.astrohark.app)
04-12 12:53:03.557  1167  1167 I BufferQueueProducer: [com.astrohark.app/com.astrohark.app.ui.intake.IntakeActivity$_30836#3248](this:0xb4000077a1255838,id:-1,api:0,p:-1,c:1167) queueBuffer: fps=2.02 dur=1484.26 max=531.63 min=465.37
04-12 12:53:04.565  1167  1167 I BufferQueueProducer: [com.astrohark.app/com.astrohark.app.ui.intake.IntakeActivity$_30836#3248](this:0xb4000077a1255838,id:-1,api:0,p:-1,c:1167) queueBuffer: fps=1.98 dur=1007.86 max=509.86 min=498.00
04-12 12:53:04.598  1167  1167 I BufferQueueProducer: [com.astrohark.app/com.astrohark.app.ui.intake.IntakeActivity$_30836#3265](this:0xb40000778c31b838,id:-1,api:0,p:-1,c:1167) queueBuffer: fps=1.00 dur=2004.52 max=1007.89 min=996.63
04-12 12:53:05.572  1167  1167 I BufferQueueProducer: [com.astrohark.app/com.astrohark.app.ui.intake.IntakeActivity$_30836#3248](this:0xb4000077a1255838,id:-1,api:0,p:-1,c:1167) queueBuffer: fps=1.98 dur=1007.96 max=509.70 min=498.26
04-12 12:53:06.603  1167  1167 I BufferQueueProducer: [com.astrohark.app/com.astrohark.app.ui.intake.IntakeActivity$_30836#3265](this:0xb40000778c31b838,id:-1,api:0,p:-1,c:1167) queueBuffer: fps=1.00 dur=2005.50 max=1008.87 min=996.64
04-12 12:53:07.068  1167  1167 I BufferQueueProducer: [com.astrohark.app/com.astrohark.app.ui.intake.IntakeActivity$_30836#3248](this:0xb4000077a1255838,id:-1,api:0,p:-1,c:1167) queueBuffer: fps=2.01 dur=1495.18 max=498.63 min=498.26
04-12 12:53:08.574  1167  1167 I BufferQueueProducer: [com.astrohark.app/com.astrohark.app.ui.intake.IntakeActivity$_30836#3248](this:0xb4000077a1255838,id:-1,api:0,p:-1,c:1167) queueBuffer: fps=1.99 dur=1506.54 max=520.61 min=487.78
04-12 12:53:08.596  1167  1167 I BufferQueueProducer: [com.astrohark.app/com.astrohark.app.ui.intake.IntakeActivity$_30836#3265](this:0xb40000778c31b838,id:-1,api:0,p:-1,c:1167) queueBuffer: fps=1.00 dur=1992.88 max=996.76 min=996.12
