04-12 12:51:31.400 22910 22910 I Finsky  : [2] VerifyApps: Install-time verification requested for package com.astrohark.app, PackageManager id = 1, Verifier id = 2b2c5f87-d7bc-45e2-8163-0c520ca7688c
04-12 12:51:31.410 29122 29140 I GOS:GameServiceReceiver:  PkgInstallStarted for com.astrohark.app UserID : 0
04-12 12:51:31.495 29122 30616 W GOS:PackageUtil: isPackageInstalledAsUser(). Exception: android.content.pm.PackageManager$NameNotFoundException: com.astrohark.app
04-12 12:51:31.495 29122 30616 I GOS:GameIntentService: onPackageChanged(). extras: Bundle[{changeType=2, userId=0, type=15, packageName=com.astrohark.app}]
04-12 12:51:31.495 29122 30616 I GOS:GameIntentService: onPackageChanged(). changeType(INSTALL_STARTED), pkgName(com.astrohark.app), UserHandle(0), userId(0), Installed(false)
04-12 12:51:31.501 29122 30616 W GOS:PackageUtil: isVrApp(). PackageManager.NameNotFoundException: com.astrohark.app
04-12 12:51:31.761 22910 30618 I Finsky  : [160] VerifyApps: Anti-malware verification task started for package=com.astrohark.app
04-12 12:51:32.382 22910 30618 I Finsky  : [160] VerifyApps: chooseScanResult for package=com.astrohark.app with timeout=15000ms
04-12 12:51:32.390 22910 22975 I Finsky  : [71] VerifyApps: Starting APK Analysis scan for com.astrohark.app.
04-12 12:51:32.393 22910 22975 I Finsky  : [71] Scanning package com.astrohark.app contents with client side protections. File: [4WSzhfwu_hxYQv6OTnjR3_9LDM7cvqYutKf5MIOuCWc]
04-12 12:51:32.396 22910 22975 I Finsky  : [71] VerifyApps: APK Analysis scan finished for com.astrohark.app. Verdict: SAFE
04-12 12:51:32.435 29122 30616 I GOS:SystemEventReactor: addPkgDataFromServer(), A package was added : com.astrohark.app as unknown
04-12 12:51:33.065 22910 30684 I Finsky  : [163] VerifyApps: Verification package=com.astrohark.app, id=1, response=9, upload_requested=false, enable_ecm=true
04-12 12:51:33.073 22910 30618 I Finsky  : [160] VerifyApps: ScanResultPicker returned for package=com.astrohark.app: PENDING
04-12 12:51:33.073 22910 30618 I Finsky  : [160] VerifyApps: chooseScanResult returning verdict PENDING for package=com.astrohark.app
04-12 12:51:36.295 22910 22975 I Finsky  : [71] VerifyApps: waiting for app installation for com.astrohark.app
04-12 12:51:36.314  1701  1784 I PackageManager:           pkg{com.astrohark.app}
04-12 12:51:36.318 22910 22910 I Finsky  : [2] VerifyApps: Install-time verification complete: id=1, package_name=com.astrohark.app
04-12 12:51:36.421  1701  1785 D ApplicationPolicy: getApplicationStateEnabled : pkg = com.astrohark.app userId : 0
04-12 12:51:36.859  1701  1785 V BackupManagerService: [UserID:0] restoreAtInstall pkg=com.astrohark.app token=8 restoreSet=0
04-12 12:51:36.925  1701  1889 D OverlayManager: reconcileSettingsForPackage pkgName=com.astrohark.app userId=0
04-12 12:51:36.925  1701  1889 I OverlayManager: updateOverlaysForTarget() called with: targetPackage = [com.astrohark.app], userId = [0], flags = [0], skipUpdateState = [false]
04-12 12:51:36.941  1701  1889 D OverlayManager: -> Updating overlay: target=com.astrohark.app overlays=[OverlayPaths { resourceDirs = [], overlayPaths = [] }] userId=0
04-12 12:51:36.941  1701  1889 I SWT_ThemeManager: com.astrohark.app doesn't have metadata
04-12 12:51:36.942  1701  1701 D SGM:GameManager: identifyGamePackage. com.astrohark.app, mCurrentUserId: 0, callerUserId: 0, callingMethodInfo: com.samsung.android.game.SemGameManager.isGamePackage(SemGameManager.java:104)
04-12 12:51:36.942  1701  1701 D SGM:PkgDataHelper: getGamePkgData(). com.astrohark.app
04-12 12:51:36.942  1701  1701 D SGM:SemGameManager: isGamePackage(), pkgName=com.astrohark.app, ret=false
04-12 12:51:36.943  1701  1701 I AppWidgetServiceImpl: Received broadcast: android.intent.action.PACKAGE_ADDED, Updates all providers with com.astrohark.app, userId: 0
04-12 12:51:36.943  1701  2194 I SdkSandboxManager: No SDKs used. Skipping SDK data reconcilation for CallingInfo{mUid=10325, mPackageName='com.astrohark.app, mAppProcessToken='null'}
04-12 12:51:36.946  1701  2179 D SGM:GameManager: identifyGamePackage. com.astrohark.app, mCurrentUserId: 0, callerUserId: 0, callingMethodInfo: com.samsung.android.game.SemGameManager.isGamePackage(SemGameManager.java:104)
04-12 12:51:36.946  1701  2179 D SGM:PkgDataHelper: getGamePkgData(). com.astrohark.app
04-12 12:51:36.946  1701  2179 D SGM:SemGameManager: isGamePackage(), pkgName=com.astrohark.app, ret=false
04-12 12:51:36.949  2297  2297 D CarrierSvcBindHelper: onPackageAdded: com.astrohark.app
04-12 12:51:36.950  3126  3177 I PackageInfoManager_FLP: action : ACTION_PACKAGE_ADDED, packageName = com.astrohark.app
04-12 12:51:36.957  2312  2480 D PluginInstanceManager: queryPkg com.astrohark.app com.android.systemui.action.PLUGIN_LOCKSCREEN_RIGHT_BUTTON
04-12 12:51:36.957  2312  2480 D PluginInstanceManager: queryPkg com.astrohark.app com.android.systemui.action.PLUGIN_QS
04-12 12:51:36.957  1701  1701 I Telecom:SamsungOpenCommunicationPlatformPolicyPackageBroadcastReceiver: action : android.intent.action.PACKAGE_ADDED / packageName : com.astrohark.app
04-12 12:51:36.957  2312  2480 D PluginInstanceManager: queryPkg com.astrohark.app com.android.systemui.action.PLUGIN_QS_FACTORY
04-12 12:51:36.957  2312  2480 D PluginInstanceManager: queryPkg com.astrohark.app com.android.systemui.action.PLUGIN_OVERLAY
04-12 12:51:36.957  2312  2480 D PluginInstanceManager: queryPkg com.astrohark.app com.android.systemui.action.PLUGIN_NOTIFICATION_MENU_ROW
04-12 12:51:36.957  2312  2480 D PluginInstanceManager: queryPkg com.astrohark.app com.android.systemui.action.PLUGIN_NOTIFICATION_ASSISTANT
04-12 12:51:36.957  2312  2480 D PluginInstanceManager: queryPkg com.astrohark.app com.android.systemui.action.PLUGIN_LOCKSCREEN_LEFT_BUTTON
04-12 12:51:36.957  2312  2480 D PluginInstanceManager: queryPkg com.astrohark.app com.android.systemui.action.PEOPLE_HUB_PERSON_EXTRACTOR
04-12 12:51:36.957  2312  2480 D PluginInstanceManager: queryPkg com.astrohark.app com.android.systemui.action.PLUGIN_CLOCK
04-12 12:51:36.957  2312  2480 D PluginInstanceManager: queryPkg com.astrohark.app com.android.systemui.action.PLUGIN_VOLUME
04-12 12:51:36.957  2312  2480 D PluginInstanceManager: queryPkg com.astrohark.app com.android.systemui.action.PLUGIN_LOCKSCREEN_LEFT_BUTTON
04-12 12:51:36.957  2312  2480 D PluginInstanceManager: queryPkg com.astrohark.app com.samsung.systemui.action.PLUGIN_FACE_WIDGET
04-12 12:51:36.957  2312  2480 D PluginInstanceManager: queryPkg com.astrohark.app com.android.systemui.action.PLUGIN_TOAST
04-12 12:51:36.957  2312  2480 D PluginInstanceManager: queryPkg com.astrohark.app com.android.systemui.action.PLUGIN_CLOCK
04-12 12:51:36.957  2312  2480 D PluginInstanceManager: queryPkg com.astrohark.app com.android.systemui.action.PLUGIN_SENSOR_MANAGER
04-12 12:51:36.957  2312  2480 D PluginInstanceManager: queryPkg com.astrohark.app com.android.systemui.action.PLUGIN_GLOBAL_ACTIONS
04-12 12:51:36.957  2312  2480 D PluginInstanceManager: queryPkg com.astrohark.app com.android.systemui.action.PLUGIN_LOCKSCREEN_RIGHT_BUTTON
04-12 12:51:36.963  2297  2297 I VvmPkgInstalledRcvr: packageName: com.astrohark.app, systemDialer: com.samsung.android.dialer
04-12 12:51:36.975 27868 27868 I SCS@AiSearch user 0: (PackageBroadcastReceiver) packageName: com.astrohark.app
04-12 12:51:36.975 27868 27868 I SCS@AiSearch user 0: (PackageBroadcastReceiver) Packages changed: [com.astrohark.app]
04-12 12:51:36.975  2312  2312 D FaceWidgetMetadataParser: updatePackage() com.astrohark.app true
04-12 12:51:36.977 28255 28272 I ApplicationsDbProvider: updateApplicationName: com.astrohark.app
04-12 12:51:36.983  2312  2312 D FaceWidgetMetadataParser: removePackage() key = com.astrohark.app
04-12 12:51:36.994 22910 22910 I Finsky  : [2] AIM: AppInfoCacheUpdater -> invalidating apps: [com.astrohark.app]
04-12 12:51:36.994  1701  2298 D SGM:GameManager: identifyGamePackage. com.astrohark.app, mCurrentUserId: 0, callerUserId: 0, callingMethodInfo: com.samsung.android.game.SemGameManager.isGamePackage(SemGameManager.java:104)
04-12 12:51:36.994  1701  2298 D SGM:PkgDataHelper: getGamePkgData(). com.astrohark.app
04-12 12:51:36.994  1701  2298 D SGM:SemGameManager: isGamePackage(), pkgName=com.astrohark.app, ret=false
04-12 12:51:36.994  1701  2298 I Pageboost: appinfo : com.astrohark.app 0 0 0 0
04-12 12:51:36.997  2297  2297 I VvmPkgInstalledRcvr:  NOT contains : com.astrohark.app
04-12 12:51:37.001 22910 22971 I Finsky  : [68] AIM: AppInfoManager-Perf > OnDeviceAppInfo > cacheHitCount=0, cacheMissCount=1. Missed  in cache (limit 10) : [com.astrohark.app]
04-12 12:51:37.011  1701  2298 D SGM:GameManager: identifyGamePackage. com.astrohark.app, mCurrentUserId: 0, callerUserId: 0, callingMethodInfo: com.samsung.android.game.SemGameManager.isGamePackage(SemGameManager.java:104)
04-12 12:51:37.011  1701  2298 D SGM:PkgDataHelper: getGamePkgData(). com.astrohark.app
04-12 12:51:37.011  1701  2298 D SGM:SemGameManager: isGamePackage(), pkgName=com.astrohark.app, ret=false
04-12 12:51:37.011  1701  2298 I Pageboost: Reset this app info : com.astrohark.app 
04-12 12:51:37.032 29351 29351 I Routine@Core[4.2.00.52]: MetadataLoaderImpl: collectInBackground - packageName:com.astrohark.app
04-12 12:51:37.037  2297  2297 D ImsResolver: maybeAddedImsService, packageName: com.astrohark.app
04-12 12:51:37.054 29351 29351 I Routine@Core[4.2.00.52]: MetadataSyncBacklog: add: null + com.astrohark.app
04-12 12:51:37.089 28255 28272 I ApplicationsDbProvider: finish insert db for installed appInfo: com.astrohark.app
04-12 12:51:37.116 22910 22973 I Finsky  : [69] AIM: AppInfoManager-Perf > OnDeviceAppInfo > cacheHitCount=0, cacheMissCount=1. Missed  in cache (limit 10) : [com.astrohark.app]
04-12 12:51:37.128 22910 22910 I Finsky  : [2] VerifyApps: app installation complete for com.astrohark.app
04-12 12:51:37.131  1701  2298 I Pageboost: add app to global @ runtime: com.astrohark.app
04-12 12:51:37.215 29351 29351 I Routine@Core[4.2.00.52]: MetadataLoaderJobService: onStartJob: collectPackageInBG - com.astrohark.app
04-12 12:51:37.228 29351 29351 I Routine@Core[4.2.00.52]: MetadataLoaderJobService: packageName : com.astrohark.app, forced : true
04-12 12:51:37.231 29351 29750 I Routine@Core[4.2.00.52]: MetadataLoadManager: collect: com.astrohark.app
04-12 12:51:37.231 29351 29750 I Routine@Core[4.2.00.52]: MetadataLoadManager: collectWithCollectors - com.astrohark.app
04-12 12:51:37.236  3647 30747 I ProximityAuth: [RecentAppsMediator] Package added: (user=UserHandle{0}) com.astrohark.app
04-12 12:51:37.317 22910 22973 I Finsky  : [69] VerifyApps: running post install verification task for package: com.astrohark.app, install ID: 2b2c5f87-d7bc-45e2-8163-0c520ca7688c
04-12 12:51:37.335 29351 29351 I Routine@Core[4.2.00.52]: MetadataLoaderJobService: metadataLoadingFinished: collectPackageInBG - com.astrohark.app
04-12 12:51:37.345 22910 22973 I Finsky  : [69] VerifyApps: Putting package com.astrohark.app in ECM mode succeeded
04-12 12:51:37.357 22910 22973 I Finsky  : [69] Calculating dex embeddings for package com.astrohark.app. File: [6r0Eqc6wf9vmsH_lblIAaNb7O8QTNbx17xWXAqZyPCM]
04-12 12:51:37.445  1701  2179 W SemWifiTransportLayerUtils: getApplicationCategory - IOException com.astrohark.app
04-12 12:51:37.445  1701  2179 W System.err: java.io.FileNotFoundException: https://play.google.com/store/apps/details?id=com.astrohark.app&hl=en
04-12 12:51:37.634 30791 30791 I FILP/PackageIntentReceiver: pkgName : com.astrohark.app
04-12 12:51:37.694  1701  1738 I SGM:GameManager: PkgUpdateReceiver, onPackageAdded : com.astrohark.app userHandle : UserHandle{0} userId : 0
04-12 12:51:37.694  1701  1979 D SGM:GosNotifyThread: notifyPackageChangedToGos(), before send intent to GOS. type:15, changeType: 0, pkgName:com.astrohark.app, userHandleId:0
04-12 12:51:37.716 29122 30826 I GOS:GameIntentService: onHandleIntent. GameIntentService. type: 15, pkgName: com.astrohark.app
04-12 12:51:37.729  1701  1738 D LauncherAppsService: Calling onPackageAdded: com.astrohark.app, uid: 10325
04-12 12:51:37.729  1701  1738 D LauncherAppsService: Calling onPackageAdded: com.astrohark.app, listener: android(UserHandle{0}, 1701)
04-12 12:51:37.729  1701  1738 D LauncherApps: onPackageAdded 0,com.astrohark.app
04-12 12:51:37.730  1701  1738 D LauncherAppsService: Calling onPackageAdded: com.astrohark.app, listener: com.android.systemui(UserHandle{0}, 2312)
04-12 12:51:37.730  1701  1738 D LauncherAppsService: Calling onPackageAdded: com.astrohark.app, listener: com.sec.android.app.launcher(UserHandle{0}, 2944)
04-12 12:51:37.730  2312  3750 D LauncherApps: onPackageAdded 0,com.astrohark.app
04-12 12:51:37.731  1701  1738 D LauncherAppsService: Calling onPackageAdded: com.astrohark.app, listener: com.samsung.android.spaymini(UserHandle{0}, 10500)
04-12 12:51:37.731  2944  3293 I PackageUpdatedTask: mAllAppsList.addPackage com.astrohark.app
04-12 12:51:37.733 10500 10713 I SAMSUNGWALLET: [Hint_SimpleHintProcessMonitor] package added : com.astrohark.app , execute : true
04-12 12:51:37.733  1701  1738 D LauncherAppsService: Calling onPackageAdded: com.astrohark.app, listener: com.google.android.as(UserHandle{0}, 4280)
04-12 12:51:37.734  4280  4298 D LauncherApps: onPackageAdded 0,com.astrohark.app
04-12 12:51:37.845  2944  3293 I AppIconSolution: getThemeIconWithBG called with public API, pkg = com.astrohark.app, mode = 48
04-12 12:51:37.852 29122 30826 I GOS:GameIntentService: onPackageChanged(). extras: Bundle[{changeType=0, userId=0, pkgName=com.astrohark.app, type=15, packageName=com.astrohark.app}]
04-12 12:51:37.852  2944  3293 I AppIconSolution: start to load, pkg=com.astrohark.app, bg=192-192, dr=1024-1024, forDefault=true, density=640
04-12 12:51:37.852 29122 30826 I GOS:GameIntentService: onPackageChanged(). changeType(INSTALLED), pkgName(com.astrohark.app), UserHandle(0), userId(0), Installed(true)
04-12 12:51:37.853 29122 30826 I GOS:GameIntentService: onPkgInstalled(), appInfoCategory: null, packageName: com.astrohark.app
04-12 12:51:37.876  2944  3293 I AppIconSolution: scale down, pkg=com.astrohark.app, dr=216-216, bg=216-216
04-12 12:51:37.897  2944  3293 I AppIconSolution: getIconScale, pkg=com.astrohark.app, size=216, iconScale=IconScale[alpha=0, scale=1.0, isCrop=true]
04-12 12:51:37.943  2944  3293 I AppIconSolution: default container[CROP], pkg=com.astrohark.app, bg=216-216, dr=216-216, isNight = false
04-12 12:51:37.963  2944  3293 I LauncherActivityInfo: packageName: com.astrohark.app, useThemeIcon: false, height: 216, width: 216, density: 640
04-12 12:51:38.014  1701  1728 I ChimeraSystemEventListener: appLaunchIntent package name is: com.astrohark.app
04-12 12:51:38.015  1701  2397 I Pageboost: onAppLaunch : com.astrohark.app
04-12 12:51:38.016  1701  2397 I ActivityTaskManager: START u0 {act=android.intent.action.MAIN cat=[android.intent.category.LAUNCHER] flg=0x10000000 pkg=com.astrohark.app cmp=com.astrohark.app/.MainActivity} from uid 10069
04-12 12:51:38.016  1701  2298 I Pageboost: Record App IO : com.astrohark.app pid 0
04-12 12:51:38.036  1701  2397 D ActivityTaskManager: TaskLaunchParamsModifier:task=null activity=ActivityRecord{d538f08 u0 com.astrohark.app/.MainActivity} display-area-from-source=DefaultTaskDisplayArea@159533810 display-id=0 display-windowing-mode=1 suggested-display-area=DefaultTaskDisplayArea@159533810
04-12 12:51:38.036  1701  2397 D [secipm]: mSecIpmManager Preload com.astrohark.app dex files
04-12 12:51:38.037  1701  2397 D ActivityTaskManager: TaskLaunchParamsModifier:task=null activity=ActivityRecord{d538f08 u0 com.astrohark.app/.MainActivity} t-1} display-area-from-source=DefaultTaskDisplayArea@159533810 display-id=0 display-windowing-mode=1 suggested-display-area=DefaultTaskDisplayArea@159533810 inherit-from-source=fullscreen activity-options-fullscreen=Rect(0, 0 - 0, 0) non-freeform-display display-area=DefaultTaskDisplayArea@159533810 maximized-bounds
04-12 12:51:38.049  1701  2397 D ActivityTaskManager: TaskLaunchParamsModifier:task=Task{d56c623 #87 type=standard A=10325:com.astrohark.app U=0 visible=false visibleRequested=false mode=fullscreen translucent=true sz=0} activity=ActivityRecord{d538f08 u0 com.astrohark.app/.MainActivity} t-1} display-area-from-source=DefaultTaskDisplayArea@159533810 display-id=0 display-windowing-mode=1 suggested-display-area=DefaultTaskDisplayArea@159533810 inherit-from-source=fullscreen activity-options-fullscreen=Rect(0, 0 - 0, 0) non-freeform-display display-area=DefaultTaskDisplayArea@159533810 maximized-bounds
04-12 12:51:38.054  1167  2020 I SurfaceFlinger: id=3063 createSurf flag=80004, ActivityRecord{d538f08 u0 com.astrohark.app/.MainActivity} t87}#3063
04-12 12:51:38.059  1701  2397 V WindowManager: Added starting ActivityRecord{d538f08 u0 com.astrohark.app/.MainActivity} t87}: startingWindow=null startingView=com.android.server.wm.StartingSurfaceController$StartingSurface@64e864d
04-12 12:51:38.077  1701  2022 D MARsPolicyManager: onPackageResumedFG pkgName = com.astrohark.app, userId = 0
04-12 12:51:38.080  1701  2022 D WindowManagerServiceExt: notifyOccludeChangeNotice: cn=ComponentInfo{com.astrohark.app/com.astrohark.app.MainActivity} occludesParent=true inMultiWindow=false styleFloating=false caller=com.android.server.wm.WindowManagerServiceExt.updateOccludeTargetIfNeeded:1402 com.android.server.wm.DisplayContent.ensureActivitiesVisible:7532 com.android.server.wm.RootWindowContainer.ensureActivitiesVisible:2248 com.android.server.wm.RootWindowContainer.ensureActivitiesVisible:2229 com.android.server.wm.TaskFragment.completePause:2076 
04-12 12:51:38.091  1167  1212 I SurfaceFlinger: id=3067 createSurf flag=80004, 8c63c61 Splash Screen com.astrohark.app#3067
04-12 12:51:38.092  1701  5809 V WindowManager: addWindow: ActivityRecord{d538f08 u0 com.astrohark.app/.MainActivity} t87} startingWindow=Window{8c63c61 u0 Splash Screen com.astrohark.app}
04-12 12:51:38.092  1701  5809 D WindowManager: rotationForOrientation, orientationSource=ActivityRecord{d538f08 u0 com.astrohark.app/.MainActivity} t87}
04-12 12:51:38.094  2312  2400 D InsetsController: onStateChanged: InsetsState: {mDisplayFrame=Rect(0, 0 - 1080, 2400), mDisplayCutout=DisplayCutout{insets=Rect(0, 78 - 0, 0) waterfall=Insets{left=0, top=0, right=0, bottom=0} boundingRect={Bounds=[Rect(0, 0 - 0, 0), Rect(468, 0 - 612, 78), Rect(0, 0 - 0, 0), Rect(0, 0 - 0, 0)]} cutoutPathParserInfo={CutoutPathParserInfo{displayWidth=1080 displayHeight=2400 physicalDisplayWidth=1080 physicalDisplayHeight=2400 density={2.8125} cutoutSpec={M 0,0 H -25.6 V 27.73333333333333 H 25.6 V 0 H 0 Z @dp} rotation={0} scale={1.0} physicalPixelDisplaySizeRatio={1.0}}}}, mRoundedCorners=RoundedCorners{[RoundedCorner{position=TopLeft, radius=90, center=Point(90, 90)}, RoundedCorner{position=TopRight, radius=90, center=Point(990, 90)}, RoundedCorner{position=BottomRight, radius=90, center=Point(990, 2310)}, RoundedCorner{position=BottomLeft, radius=90, center=Point(90, 2310)}]}  mRoundedCornerFrame=Rect(0, 0 - 1080, 2400), mPrivacyIndicatorBounds=PrivacyIndicatorBounds {static bounds=Rect(956, 0 - 1080, 78) rotation=0}, mSources= { InsetsSource: {mType=ITYPE_STATUS_BAR, mFrame=[0,0][1080,78], mVisible=true, mInsetsRoundedCornerFrame=false}, InsetsSource: {mType=ITYPE_NAVIGATION_BAR, mFrame=[0,2265][1080,2400], mVisible=true, mInsetsRoundedCornerFrame=false}, InsetsSource: {mType=ITYPE_LEFT_GESTURES, mFrame=[0,0][0,2400], mVisible=true, mInsetsRoundedCornerFrame=false}, InsetsSource: {mType=ITYPE_RIGHT_GESTURES, mFrame=[1080,0][1080,2400], mVisible=true, mInsetsRoundedCornerFrame=false}, InsetsSource: {mType=ITYPE_TOP_MANDATORY_GESTURES, mFrame=[0,0][1080,112], mVisible=true, mInsetsRoundedCornerFrame=false}, InsetsSource: {mType=ITYPE_BOTTOM_MANDATORY_GESTURES, mFrame=[0,2265][1080,2400], mVisible=true, mInsetsRoundedCornerFrame=false}, InsetsSource: {mType=ITYPE_LEFT_DISPLAY_CUTOUT, mFrame=[0,0][-100000,2400], mVisible=true, mInsetsRoundedCornerFrame=false}, InsetsSource: {mType=ITYPE_TOP_DISPLAY_CUTOUT, mFrame=[0,0][1080,78], mVisible=true, mInsetsRoundedCornerFrame=false}, InsetsSource: {mType=ITYPE_RIGHT_DISPLAY_CUTOUT, mFrame=[100000,0][1080,2400], mVisible=true, mInsetsRoundedCornerFrame=false}, InsetsSource: {mType=ITYPE_BOTTOM_DISPLAY_CUTOUT, mFrame=[0,100000][1080,2400], mVisible=true, mInsetsRoundedCornerFrame=false}, InsetsSource: {mType=ITYPE_TOP_TAPPABLE_ELEMENT, mFrame=[0,0][1080,78], mVisible=true, mInsetsRoundedCornerFrame=false}, InsetsSource: {mType=ITYPE_BOTTOM_TAPPABLE_ELEMENT, mFrame=[0,2265][1080,2400], mVisible=true, mInsetsRoundedCornerFrame=false}, InsetsSource: {mType=ITYPE_IME, mFrame=[0,0][0,0], mVisibleFrame=[0,1392][1080,2400], mVisible=false, mInsetsRoundedCornerFrame=false} } host=Splash Screen com.astrohark.app from=android.view.ViewRootImpl.setView:1732
04-12 12:51:38.096  1701  4510 D CoreBackPreview: Window{8c63c61 u0 Splash Screen com.astrohark.app}: Setting back callback OnBackInvokedCallbackInfo{mCallback=android.window.IOnBackInvokedCallback$Stub$Proxy@2438355, mPriority=0}
04-12 12:51:38.098  1701  5809 V WindowManager: Relayout Window{8c63c61 u0 Splash Screen com.astrohark.app}: viewVisibility=0 req=1080x2400 d0
04-12 12:51:38.099  1167  1213 I BufferQueueDebug: [Splash Screen com.astrohark.app$_2312#3068](this:0xb4000077c6d12838,id:-1,api:0,p:-1,c:-1) BufferQueue core=(1167:/system/bin/surfaceflinger)
04-12 12:51:38.099  1167  1213 I SurfaceFlinger: id=3068 createSurf flag=40004, Splash Screen com.astrohark.app$_2312#3068
04-12 12:51:38.100  1701  5809 D WindowManager: makeSurface duration=1 name=Splash Screen com.astrohark.app$_2312
04-12 12:51:38.111  1701  5809 D WindowManager: rotationForOrientation, orientationSource=ActivityRecord{d538f08 u0 com.astrohark.app/.MainActivity} t87}
04-12 12:51:38.122  2944  3293 I AppInfo : set ComponentInfo{com.astrohark.app/com.astrohark.app.MainActivity} app progress level to 100
04-12 12:51:38.124  1701  1740 I ActivityManager: Start proc 30836:com.astrohark.app/u0a325 for next-top-activity {com.astrohark.app/com.astrohark.app.MainActivity}
04-12 12:51:38.130  2944  3293 I PackageUpdatedTask: added, appInfo : AppInfo(id=90 type=APP hidden=0 container=all_apps screen=-1 rank=0 rankOfList=-1 user=UserHandle{0} title=astrohark componentName=ComponentInfo{com.astrohark.app/com.astrohark.app.MainActivity} screenType=0 runtimeStatusFlags=384 status=0)
04-12 12:51:38.141  1701  5809 D WindowManager: finishDrawingWindow: Window{8c63c61 u0 Splash Screen com.astrohark.app} mDrawState=DRAW_PENDING seqId=0
04-12 12:51:38.141  1701  5809 V WindowManager: Finishing drawing window Window{8c63c61 u0 Splash Screen com.astrohark.app}: mDrawState=DRAW_PENDING
04-12 12:51:38.142  1701  5809 V WindowManager: Draw state now committed in Window{8c63c61 u0 Splash Screen com.astrohark.app}
04-12 12:51:38.143  1167  1167 D BufferStateLayer: Splash Screen com.astrohark.app$_2312#3068 setBuffer frameId=1, bufferId=9929964388822 fenceId=270, w= 1080, h=2400
04-12 12:51:38.143  1701  1729 D WindowManager: performShow logReadyForDisplay win=Window{8c63c61 u0 Splash Screen com.astrohark.app} mToken.waitingToShow:true isTransitionSet:true
04-12 12:51:38.154  1701  1729 V WindowManager: performShowLocked: mDrawState=HAS_DRAWN in Window{8c63c61 u0 Splash Screen com.astrohark.app}
04-12 12:51:38.201 22910 22910 I Finsky  : [2] Received an install/uninstall event for package com.astrohark.app
04-12 12:51:38.230  1167  1953 I SurfaceFlinger: id=3075 createSurf flag=80000, f836cab ActivityRecordInputSink com.astrohark.app/.MainActivity#3075
04-12 12:51:38.253  1167  1167 I Layer   : Layer [Splash Screen com.astrohark.app$_2312#3068] hidden!! flag(0)
04-12 12:51:38.316  1167  1167 I SurfaceFlinger: operator()(), mtkRenderCntDebug 288, screenshot (Splash Screen com.astrohark.app$_2312#3068)
04-12 12:51:38.328  1701  2179 W SemWifiTransportLayerUtils: getApplicationCategory - IOException com.astrohark.app
04-12 12:51:38.329  1701  2179 W System.err: java.io.FileNotFoundException: https://play.google.com/store/apps/details?id=com.astrohark.app&hl=en
04-12 12:51:38.339  1701  2397 I ActivityManager: DSS OFF for com.astrohark.app
04-12 12:51:38.369  1167  1167 D SurfaceFlinger: 0.0 1080.0 1982.0 |    0  418 1080 2400 | Splash Screen com.astrohark.app$_2312#3068
04-12 12:51:38.387  1167  1167 D SurfaceFlinger:      DEVICE | 0xb4000077c6c28980 | 0100 | RGBA_8888    |    0.0    0.0 1080.0 2019.0 |    0  381 1080 2400 | Splash Screen com.astrohark.app$_2312#3068
04-12 12:51:38.423  1701  1738 D MetaDataCollector: onReceive: done pkgName=com.astrohark.app
04-12 12:51:38.561  1701  2397 D WindowManager: rotationForOrientation, orientationSource=ActivityRecord{d538f08 u0 com.astrohark.app/.MainActivity} t87}
04-12 12:51:38.568  1167  1167 D SurfaceFlinger: 374.0 |    0   26 1080 2400 | Splash Screen com.astrohark.app$_2312#3068
04-12 12:51:38.627  1701  2397 D SGM:PkgDataHelper: notifyAppCreate(), pkgName: com.astrohark.app, userId: 0, sendRet: true
04-12 12:51:38.628  1701  2397 D MARsPolicyManager: onPackageResumedFG pkgName = com.astrohark.app, userId = 0
04-12 12:51:38.629  1701  2397 D ActivityTaskManager: scheduleTopResumedActivityChanged, onTop=true r=ActivityRecord{d538f08 u0 com.astrohark.app/.MainActivity} t87} caller=com.android.server.wm.ActivityTaskSupervisor.scheduleTopResumedActivityStateIfNeeded:2535 com.android.server.wm.ActivityTaskSupervisor.updateTopResumedActivityIfNeeded:2527 com.android.server.wm.TaskFragment.setResumedActivity:493 com.android.server.wm.TaskFragment.onActivityStateChanged:805 com.android.server.wm.ActivityRecord.setState:6406 com.android.server.wm.Task.minimalResumeActivityLocked:6155 
04-12 12:51:38.629  1701  2397 D InputDispatcher: Focused application(0): ActivityRecord{d538f08 u0 com.astrohark.app/.MainActivity} t87}
04-12 12:51:38.631  1701  1978 D SGM:FgCheckThread: onLooperPrepared(), msg: MSG_APP_CREATE, pkgName: com.astrohark.app, userId: 0
04-12 12:51:38.632  1701  2397 D SGM:FgCheckThread:   sendRunningComponentFocus(), pkgName: com.astrohark.app, userId: 0
04-12 12:51:38.633  1701  1978 D SGM:FgCheckThread: onLooperPrepared(), msg: MSG_TASK_FOCUSED, pkgName: com.astrohark.app, userId: 0
04-12 12:51:38.633  1701  1978 D SGM:FgCheckThread:   handleTaskFocused(), pkgName: com.astrohark.app, userID:0
04-12 12:51:38.634  1701  1978 D SGM:FgCheckThread:   handleResume(). pkgName: com.astrohark.app, userId: 0, isTunableApp: null
04-12 12:51:38.634  1701  1978 D SGM:FgCheckThread: notifyFocusInOut(). of pkg: com.astrohark.app, type: 4, isTunableApp: false, userId: 0
04-12 12:51:38.634  2944  3293 I AppIconSolution: start to load, pkg=com.astrohark.app, bg=192-192, dr=960-960, forDefault=true, density=0
04-12 12:51:38.658  2944  3293 I AppIconSolution: scale down, pkg=com.astrohark.app, dr=216-216, bg=216-216
04-12 12:51:38.667  4437  4437 I ActivityUtils: HomePackage : com.sec.android.app.launcher, resumePackageName : com.astrohark.app
04-12 12:51:38.669  1701  1728 D SGM:GameManager: identifyGamePackage. com.astrohark.app, mCurrentUserId: 0, callerUserId: 0, callingMethodInfo: com.samsung.android.game.SemGameManager.isGamePackage(SemGameManager.java:104)
04-12 12:51:38.669  1701  1728 D SGM:PkgDataHelper: getGamePkgData(). com.astrohark.app
04-12 12:51:38.669  1701  1728 D SGM:SemGameManager: isGamePackage(), pkgName=com.astrohark.app, ret=false
04-12 12:51:38.672  1701  1728 D SGM:GameManager: identifyGamePackage. com.astrohark.app, mCurrentUserId: 0, callerUserId: 0, callingMethodInfo: com.android.server.ssrm.SortingMachine.isGame(SortingMachine.java:162)
04-12 12:51:38.672  1701  1728 D SGM:PkgDataHelper: getGamePkgData(). com.astrohark.app
04-12 12:51:38.674  2944  3293 I AppIconSolution: getIconScale, pkg=com.astrohark.app, size=216, iconScale=IconScale[alpha=0, scale=1.0, isCrop=true]
04-12 12:51:38.678  1701  1728 D SGM:FgCheckThread: noteResumeComponent(), received pkgName: com.astrohark.app, userId: 0
04-12 12:51:38.678  1701  1978 D SGM:FgCheckThread: onLooperPrepared(), msg: MSG_APP_RESUME, pkgName: com.astrohark.app, userid: 0
04-12 12:51:38.678  1701  1978 D SGM:FgCheckThread:   handleResume(). pkgName: com.astrohark.app, userId: 0, isTunableApp: null
04-12 12:51:38.678  1701  1978 D SGM:FgCheckThread: notifyFocusInOut(). of pkg: com.astrohark.app, type: 4, isTunableApp: false, userId: 0
04-12 12:51:38.688  1701  1728 I GameSDK@LifeCycle: noteResumeComponent(): package name  : com.astrohark.app
04-12 12:51:38.689 10500 10709 I SAMSUNGWALLET: [Hint_SimpleHintProcessMonitor] isHomePackageRunning topPkgName = com.astrohark.app, topClsName = com.astrohark.app.MainActivity, return false , se : false
04-12 12:51:38.696 30836 30836 D nativeloader: Configuring clns-4 for other apk /system/framework/org.apache.http.legacy.jar. target_sdk_version=35, uses_libraries=ALL, library_path=/data/app/~~NOs9KGHIf1jWcq17NBzcTg==/com.astrohark.app-eVftP6u0nV_EefSPm3Tqig==/lib/arm64:/data/app/~~NOs9KGHIf1jWcq17NBzcTg==/com.astrohark.app-eVftP6u0nV_EefSPm3Tqig==/base.apk!/lib/arm64-v8a, permitted_path=/data:/mnt/expand:/data/user/0/com.astrohark.app
04-12 12:51:38.712  2944  3293 I AppIconSolution: default container[CROP], pkg=com.astrohark.app, bg=216-216, dr=216-216, isNight = false
04-12 12:51:38.724  1167  1167 D SurfaceFlinger:      DEVICE | 0xb4000077c6c28980 | 0100 | RGBA_8888    |    0.0    0.0 1080.0 2400.0 |    0    0 1080 2400 | Splash Screen com.astrohark.app$_2312#3068
04-12 12:51:38.765  1167  1167 D SurfaceFlinger:      DEVICE | 0xb4000077c6c28980 | 0100 | RGBA_8888    |    0.0    0.0 1080.0 2400.0 |    0    0 1080 2400 | Splash Screen com.astrohark.app$_2312#3068
04-12 12:51:38.810  1701  2713 D MdnieScenarioControlService:  packageName : com.astrohark.app    className : com.astrohark.app.MainActivity
04-12 12:51:38.858  2944  3293 I PostPositionOperator: addItem() - com.astrohark.app, isWidgetOnly : true
04-12 12:51:38.883  2944  3293 I AppInfo : set ComponentInfo{com.astrohark.app/com.astrohark.app.MainActivity} app progress level to 100
04-12 12:51:39.020  2944  3293 I SuggestedItemsFacade: DPS items : astrohark, ComponentInfo{com.astrohark.app/com.astrohark.app.MainActivity}
04-12 12:51:39.779 30836 30836 D nativeloader: Configuring clns-5 for other apk /data/app/~~NOs9KGHIf1jWcq17NBzcTg==/com.astrohark.app-eVftP6u0nV_EefSPm3Tqig==/base.apk. target_sdk_version=35, uses_libraries=, library_path=/data/app/~~NOs9KGHIf1jWcq17NBzcTg==/com.astrohark.app-eVftP6u0nV_EefSPm3Tqig==/lib/arm64:/data/app/~~NOs9KGHIf1jWcq17NBzcTg==/com.astrohark.app-eVftP6u0nV_EefSPm3Tqig==/base.apk!/lib/arm64-v8a, permitted_path=/data:/mnt/expand:/data/user/0/com.astrohark.app
04-12 12:51:39.832 30836 30836 V GraphicsEnvironment: ANGLE Developer option for 'com.astrohark.app' set to: 'default'
04-12 12:51:39.839 30836 30836 V GraphicsEnvironment: ANGLE GameManagerService for com.astrohark.app: false
04-12 12:51:40.130 30836 30885 D libMEOW : applied 2 plugins for [com.astrohark.app]:
04-12 12:51:40.331  3647 15986 I PhenotypeResourceReader: unable to find any Phenotype resource metadata for com.astrohark.app
04-12 12:51:40.346 27868 28164 I f       : Category not present in BloomFilter, Checking in Manifest:- com.astrohark.app
04-12 12:51:40.347 27868 28164 I f       : Category not found in BF and Manifest for pkg :- com.astrohark.app
04-12 12:51:40.357 27868 28164 I SCS@AiSearch user 0: (IndexManager) [UPDATE] index=com.samsung.android.apps, size=1, documents=[com.astrohark.app@0@com.astrohark.app.MainActivity]
04-12 12:51:40.361 22910 22976 I Finsky  : [72] Installer package name of package com.astrohark.app is com.google.android.packageinstaller
04-12 12:51:40.373 30836 30912 I FA      :   adb shell setprop debug.firebase.analytics.app com.astrohark.app
04-12 12:51:40.750 30836 30836 I MSHandlerLifeCycle: check: return. pkg=com.astrohark.app parent=null callers=com.android.internal.policy.DecorView.setVisibility:4412 android.app.ActivityThread.handleResumeActivity:5476 android.app.servertransaction.ResumeActivityItem.execute:54 android.app.servertransaction.ActivityTransactionItem.execute:45 android.app.servertransaction.TransactionExecutor.executeLifecycleState:176 
04-12 12:51:40.757  1167  1212 D SurfaceFlinger: [SF client] NEW(0xb4000077c525a620) for (30836:com.astrohark.app)
04-12 12:51:40.773  1167  1212 I SurfaceFlinger: id=3083 createSurf flag=80004, 4ff28ae com.astrohark.app/com.astrohark.app.MainActivity#3083
04-12 12:51:40.778 30836 30836 D InsetsController: onStateChanged: InsetsState: {mDisplayFrame=Rect(0, 0 - 1080, 2400), mDisplayCutout=DisplayCutout{insets=Rect(0, 78 - 0, 0) waterfall=Insets{left=0, top=0, right=0, bottom=0} boundingRect={Bounds=[Rect(0, 0 - 0, 0), Rect(468, 0 - 612, 78), Rect(0, 0 - 0, 0), Rect(0, 0 - 0, 0)]} cutoutPathParserInfo={CutoutPathParserInfo{displayWidth=1080 displayHeight=2400 physicalDisplayWidth=1080 physicalDisplayHeight=2400 density={2.8125} cutoutSpec={M 0,0 H -25.6 V 27.73333333333333 H 25.6 V 0 H 0 Z @dp} rotation={0} scale={1.0} physicalPixelDisplaySizeRatio={1.0}}}}, mRoundedCorners=RoundedCorners{[RoundedCorner{position=TopLeft, radius=90, center=Point(90, 90)}, RoundedCorner{position=TopRight, radius=90, center=Point(990, 90)}, RoundedCorner{position=BottomRight, radius=90, center=Point(990, 2310)}, RoundedCorner{position=BottomLeft, radius=90, center=Point(90, 2310)}]}  mRoundedCornerFrame=Rect(0, 0 - 1080, 2400), mPrivacyIndicatorBounds=PrivacyIndicatorBounds {static bounds=Rect(956, 0 - 1080, 78) rotation=0}, mSources= { InsetsSource: {mType=ITYPE_STATUS_BAR, mFrame=[0,0][1080,78], mVisible=true, mInsetsRoundedCornerFrame=false}, InsetsSource: {mType=ITYPE_NAVIGATION_BAR, mFrame=[0,2265][1080,2400], mVisible=true, mInsetsRoundedCornerFrame=false}, InsetsSource: {mType=ITYPE_LEFT_GESTURES, mFrame=[0,0][0,2400], mVisible=true, mInsetsRoundedCornerFrame=false}, InsetsSource: {mType=ITYPE_RIGHT_GESTURES, mFrame=[1080,0][1080,2400], mVisible=true, mInsetsRoundedCornerFrame=false}, InsetsSource: {mType=ITYPE_TOP_MANDATORY_GESTURES, mFrame=[0,0][1080,112], mVisible=true, mInsetsRoundedCornerFrame=false}, InsetsSource: {mType=ITYPE_BOTTOM_MANDATORY_GESTURES, mFrame=[0,2265][1080,2400], mVisible=true, mInsetsRoundedCornerFrame=false}, InsetsSource: {mType=ITYPE_LEFT_DISPLAY_CUTOUT, mFrame=[0,0][-100000,2400], mVisible=true, mInsetsRoundedCornerFrame=false}, InsetsSource: {mType=ITYPE_TOP_DISPLAY_CUTOUT, mFrame=[0,0][1080,78], mVisible=true, mInsetsRoundedCornerFrame=false}, InsetsSource: {mType=ITYPE_RIGHT_DISPLAY_CUTOUT, mFrame=[100000,0][1080,2400], mVisible=true, mInsetsRoundedCornerFrame=false}, InsetsSource: {mType=ITYPE_BOTTOM_DISPLAY_CUTOUT, mFrame=[0,100000][1080,2400], mVisible=true, mInsetsRoundedCornerFrame=false}, InsetsSource: {mType=ITYPE_TOP_TAPPABLE_ELEMENT, mFrame=[0,0][1080,78], mVisible=true, mInsetsRoundedCornerFrame=false}, InsetsSource: {mType=ITYPE_BOTTOM_TAPPABLE_ELEMENT, mFrame=[0,2265][1080,2400], mVisible=true, mInsetsRoundedCornerFrame=false}, InsetsSource: {mType=ITYPE_IME, mFrame=[0,0][0,0], mVisibleFrame=[0,1392][1080,2400], mVisible=false, mInsetsRoundedCornerFrame=false} } host=com.astrohark.app/com.astrohark.app.MainActivity from=android.view.ViewRootImpl.setView:1732
04-12 12:51:40.784  1701  2397 D CoreBackPreview: Window{4ff28ae u0 com.astrohark.app/com.astrohark.app.MainActivity}: Setting back callback OnBackInvokedCallbackInfo{mCallback=android.window.IOnBackInvokedCallback$Stub$Proxy@91871dc, mPriority=0}
04-12 12:51:41.168  1701  2397 V WindowManager: Relayout Window{4ff28ae u0 com.astrohark.app/com.astrohark.app.MainActivity}: viewVisibility=0 req=1080x2400 d0
04-12 12:51:41.169  1167  1953 I BufferQueueDebug: [com.astrohark.app/com.astrohark.app.MainActivity$_30836#3084](this:0xb4000077a18cc838,id:-1,api:0,p:-1,c:-1) BufferQueue core=(1167:/system/bin/surfaceflinger)
04-12 12:51:41.169  1167  1953 I SurfaceFlinger: id=3084 createSurf flag=40004, com.astrohark.app/com.astrohark.app.MainActivity$_30836#3084
04-12 12:51:41.170  1701  2397 D WindowManager: makeSurface duration=2 name=com.astrohark.app/com.astrohark.app.MainActivity$_30836
04-12 12:51:41.172  1701  2397 V WindowManager: Changing focus from null to Window{4ff28ae u0 com.astrohark.app/com.astrohark.app.MainActivity} displayId=0 Callers=com.android.server.wm.RootWindowContainer.updateFocusedWindowLocked:595 com.android.server.wm.WindowManagerService.updateFocusedWindowLocked:6810 com.android.server.wm.WindowManagerService.relayoutWindow:2820 com.android.server.wm.Session.relayout:274 
04-12 12:51:41.173  1701  2397 D MARsPolicyManager: onPackageResumedFG pkgName = com.astrohark.app, userId = 0
04-12 12:51:41.176  1701  2397 D WindowManager: updateSystemBarAttributes: displayId=0, win=Window{4ff28ae u0 com.astrohark.app/com.astrohark.app.MainActivity}, navColorWin=Window{8c63c61 u0 Splash Screen com.astrohark.app}, focusedCanBeNavColorWin=false, behavior=1, appearance=8, statusBarAppearanceRegions=[AppearanceRegion{ bounds=[0,0][1080,2400]}], requestedVisibilities=, from=com.android.server.wm.DisplayPolicy.focusChangedLw:3247 com.android.server.wm.DisplayContent.updateFocusedWindowLocked:4632 com.android.server.wm.RootWindowContainer.updateFocusedWindowLocked:595 
04-12 12:51:41.189  1167  1167 I SurfaceFlinger: [4ff28ae com.astrohark.app/com.astrohark.app.MainActivity#3083] FrameRatePriority: 1
04-12 12:51:41.192  1167  1463 D SurfaceFlinger: [input] setFocusedWindow: 4ff28ae com.astrohark.app/com.astrohark.app.MainActivity
04-12 12:51:41.192  1701  5040 D InputDispatcher: Focus request (0): 4ff28ae com.astrohark.app/com.astrohark.app.MainActivity but waiting because NO_WINDOW
04-12 12:51:41.333  1167  1167 D BufferStateLayer: com.astrohark.app/com.astrohark.app.MainActivity$_30836#3084 setBuffer frameId=1, bufferId=132439611539458 fenceId=434, w= 1080, h=2400
04-12 12:51:41.334  1701  2397 D WindowManager: finishDrawingWindow: Window{4ff28ae u0 com.astrohark.app/com.astrohark.app.MainActivity} mDrawState=DRAW_PENDING seqId=0
04-12 12:51:41.339  1701  1729 V WindowManager: Finish starting ActivityRecord{d538f08 u0 com.astrohark.app/.MainActivity} t87}: first real window is shown, no animation
04-12 12:51:41.339  1701  1729 V WindowManager: Schedule remove starting ActivityRecord{d538f08 u0 com.astrohark.app/.MainActivity} t87} startingWindow=null startingView=null Callers=com.android.server.wm.ActivityRecord.removeStartingWindow:3233 com.android.server.wm.ActivityRecord.onFirstWindowDrawn:7460 com.android.server.wm.WindowState.performShowLocked:5502 com.android.server.wm.WindowStateAnimator.commitFinishDrawingLocked:351 com.android.server.wm.DisplayContent.lambda$new$8:1189 
04-12 12:51:41.340  1701  1729 V WindowManager: performShowLocked: mDrawState=HAS_DRAWN in Window{4ff28ae u0 com.astrohark.app/com.astrohark.app.MainActivity}
04-12 12:51:41.342  1701  1725 I PkgPredictorService-SecIpmManagerServiceImpl: reportToNAP uid:10325 com.astrohark.app/com.astrohark.app.MainActivity thisTime:3325
04-12 12:51:41.343  1701  1729 D TaskOrganizerController: applyStartingWindowAnimation, window=Window{4ff28ae u0 com.astrohark.app/com.astrohark.app.MainActivity}, caller=com.android.server.wm.TaskOrganizerController.removeStartingWindow:573 com.android.server.wm.StartingSurfaceController$StartingSurface.remove:287 com.android.server.wm.ActivityRecord.lambda$removeStartingWindowAnimation$6:3295 
04-12 12:51:41.343  1701  1729 I WindowManager: Reparenting to leash, surface=Surface(name=4ff28ae com.astrohark.app/com.astrohark.app.MainActivity)/@0xc13baf8, leashParent=Surface(name=ActivityRecord{d538f08 u0 com.astrohark.app/.MainActivity} t87})/@0xb2e5bd1
04-12 12:51:41.343  1167  1953 I SurfaceFlinger: id=3087 createSurf flag=24000, Surface(name=4ff28ae com.astrohark.app/com.astrohark.app.MainActivity)/@0xc13baf8 - animation-leash of starting_reveal#3087
04-12 12:51:41.344  1701  1729 D WindowManager: makeSurface duration=2 leash=Surface(name=Surface(name=4ff28ae com.astrohark.app/com.astrohark.app.MainActivity)/@0xc13baf8 - animation-leash of starting_reveal)/@0xf458ea4
04-12 12:51:41.344  1167  1167 I Layer   : Layer [com.astrohark.app/com.astrohark.app.MainActivity$_30836#3084] hidden!! flag(0)
04-12 12:51:41.345  1701  1725 I ActivityTaskManager: Displayed com.astrohark.app/.MainActivity: +3s325ms
04-12 12:51:41.345  1701  1725 I Pageboost: Launch time gathered : pid 30836 com.astrohark.app 3325
04-12 12:51:41.345  1701  1729 D ActivityTaskManager: mStartingWindow and mStartingData is null for token=ActivityRecord{d538f08 u0 com.astrohark.app/.MainActivity} t87}
04-12 12:51:41.348  1701  2397 D InputDispatcher: Focus entered window (0): 4ff28ae com.astrohark.app/com.astrohark.app.MainActivity
04-12 12:51:41.351  1167  1167 D SurfaceFlinger:      DEVICE | 0xb4000077a1962800 | 0102 | RGBA_8888    |    0.0    0.0 1080.0 2400.0 |    0    0 1080 2400 | com.astrohark.app/com.astrohark.app.MainActivity$_30836#3084
04-12 12:51:41.351  1167  1167 D SurfaceFlinger:      DEVICE | 0xb4000077c6c28980 | 0100 | RGBA_8888    |    0.0    0.0 1080.0 2400.0 |    0    0 1080 2400 | Splash Screen com.astrohark.app$_2312#3068
04-12 12:51:41.368  1701  2396 V WindowManager: Relayout Window{8c63c61 u0 Splash Screen com.astrohark.app}: viewVisibility=0 req=1080x2400 d0
04-12 12:51:41.370  1701  2396 D WindowManager: updateSystemBarAttributes: displayId=0, win=Window{4ff28ae u0 com.astrohark.app/com.astrohark.app.MainActivity}, navColorWin=Window{8c63c61 u0 Splash Screen com.astrohark.app}, focusedCanBeNavColorWin=false, behavior=1, appearance=8, statusBarAppearanceRegions=[AppearanceRegion{LIGHT_STATUS_BARS bounds=[0,0][1080,2400]}], requestedVisibilities=, from=com.android.server.wm.DisplayPolicy.finishPostLayoutPolicyLw:2527 com.android.server.wm.DisplayContent.applySurfaceChangesTransaction:5713 com.android.server.wm.RootWindowContainer.applySurfaceChangesTransaction:1234 
04-12 12:51:41.370  2312  2312 D SamsungLightBarControlHelper: onStatusBarAppearanceChanged() -  sbModeChanged:false, statusBarMode:MODE_TRANSPARENT, barState:SHADE, isKeyguardShowing:false, navbarColorManagedByIme:false, stackAppearancesChanged:true, (AppearanceRegion{LIGHT_STATUS_BARS bounds=[0,0][1080,2400]}, ), packageName:com.astrohark.app
04-12 12:51:41.372  2312  2312 D SamsungLightBarControlHelper: updateStatus(BLACK icon) NumStacks:1, StatusBarMode:MODE_TRANSPARENT, lightBarBounds:[Rect(0, 0 - 1080, 2400)], StatusBarState:SHADE, packageName:com.astrohark.app, isWhiteKeyguardStatusBarBySettings:true
04-12 12:51:41.400  1167  1167 I BufferQueueProducer: [Splash Screen com.astrohark.app$_2312#3068](this:0xb4000077c6d12838,id:-1,api:0,p:-1,c:1167) queueBuffer: fps=0.31 dur=3257.54 max=3257.54 min=3257.54
04-12 12:51:41.413 10500 10709 I SAMSUNGWALLET: [Hint_SimpleHintProcessMonitor] isHomePackageRunning topPkgName = com.astrohark.app, topClsName = com.astrohark.app.MainActivity, return false , se : false
04-12 12:51:41.430  1701  3974 V WindowManager: Relayout Window{8c63c61 u0 Splash Screen com.astrohark.app}: viewVisibility=8 req=1080x2400 d0
04-12 12:51:41.431  1701  3974 D WindowManager: updateSystemBarAttributes: displayId=0, win=Window{4ff28ae u0 com.astrohark.app/com.astrohark.app.MainActivity}, navColorWin=Window{4ff28ae u0 com.astrohark.app/com.astrohark.app.MainActivity}, focusedCanBeNavColorWin=false, behavior=1, appearance=24, statusBarAppearanceRegions=[AppearanceRegion{LIGHT_STATUS_BARS bounds=[0,0][1080,2400]}], requestedVisibilities=, from=com.android.server.wm.DisplayPolicy.finishPostLayoutPolicyLw:2527 com.android.server.wm.DisplayContent.applySurfaceChangesTransaction:5713 com.android.server.wm.RootWindowContainer.applySurfaceChangesTransaction:1234 
04-12 12:51:41.433  1167  1167 I Layer   : Layer [Splash Screen com.astrohark.app$_2312#3068] hidden!! flag(1)
04-12 12:51:41.437  1701  5040 D CoreBackPreview: Window{8c63c61 u0 Splash Screen com.astrohark.app}: Setting back callback null
04-12 12:51:41.437  1701  2908 D WindowManager: Starting window removed Window{8c63c61 u0 Splash Screen com.astrohark.app}
04-12 12:51:41.437  1701  2908 I WindowManager: Cancelling animation restarting=false, leash=Surface(name=Surface(name=4ff28ae com.astrohark.app/com.astrohark.app.MainActivity)/@0xc13baf8 - animation-leash of starting_reveal)/@0xf458ea4
04-12 12:51:41.437  1701  2908 I WindowManager: Reparenting to original parent: Surface(name=ActivityRecord{d538f08 u0 com.astrohark.app/.MainActivity} t87})/@0xb2e5bd1, destroy=false, surface=Surface(name=4ff28ae com.astrohark.app/com.astrohark.app.MainActivity)/@0xc13baf8
04-12 12:51:41.438  1701  2908 W InputManager-JNI: Input channel object '8c63c61 Splash Screen com.astrohark.app (client)' was disposed without first being removed with the input manager!
04-12 12:51:41.438  1701  2908 V WindowManager: Remove Window{8c63c61 u0 Splash Screen com.astrohark.app}: mSurfaceController=Surface(name=Splash Screen com.astrohark.app$_2312)/@0xbaaea7d mAnimatingExit=false mRemoveOnExit=false mHasSurface=true surfaceShowing=false animating=false app-animation=false mWillReplaceWindow=false mDisplayFrozen=false callers=com.android.server.wm.WindowState.removeIfPossible:3041 com.android.server.wm.WindowManagerService.removeWindow:2289 com.android.server.wm.Session.remove:236 android.view.IWindowSession$Stub.onTransact:743 com.android.server.wm.Session.onTransact:188 android.os.Binder.execTransactInternal:1321 
04-12 12:51:41.438  1701  2908 I WindowManager: Destroying surface Surface(name=Splash Screen com.astrohark.app$_2312)/@0xbaaea7d called by com.android.server.wm.WindowStateAnimator.destroySurface:942 com.android.server.wm.WindowStateAnimator.destroySurfaceLocked:536 com.android.server.wm.WindowState.removeImmediately:2969 com.android.server.wm.WindowState.removeIfPossible:3228 com.android.server.wm.WindowState.removeIfPossible:3041 com.android.server.wm.WindowManagerService.removeWindow:2289 com.android.server.wm.Session.remove:236 android.view.IWindowSession$Stub.onTransact:743 
04-12 12:51:41.439  1167  1167 D SurfaceFlinger:      DEVICE | 0xb4000077c5256400 | 0102 | RGBA_8888    |    0.0    0.0 1080.0 2400.0 |    0    0 1080 2400 | com.astrohark.app/com.astrohark.app.MainActivity$_30836#3084
04-12 12:51:41.444  1167  1167 I Layer   : id=3087 removeFromCurrentState Surface(name=4ff28ae com.astrohark.app/com.astrohark.app.MainActivity)/@0xc13baf8 - animation-leash of starting_reveal#3087 (117)
04-12 12:51:41.444  1167  1167 I Layer   : id=3067 removeFromCurrentState 8c63c61 Splash Screen com.astrohark.app#3067 (117)
04-12 12:51:41.444  1167  1167 I Layer   : id=3068 removeFromCurrentState Splash Screen com.astrohark.app$_2312#3068 (117)
04-12 12:51:41.445  1167  1167 I Layer   : id=3068 removeFromCurrentState Splash Screen com.astrohark.app$_2312#3068 (117)
04-12 12:51:41.445  1167  1167 I SurfaceFlinger: id=3067 Removed 8c63c61 Splash Screen com.astrohark.app#3067 (117)
04-12 12:51:41.445  1167  1167 I SurfaceFlinger: id=3068 Removed Splash Screen com.astrohark.app$_2312#3068 (117)
04-12 12:51:41.445  1167  1167 I Layer   : id=3067 Destroyed 8c63c61 Splash Screen com.astrohark.app#3067
04-12 12:51:41.446  1167  1167 I BufferQueueDebug: [Splash Screen com.astrohark.app$_2312#3068](this:0xb4000077c6d12838,id:-1,api:0,p:-1,c:1167) onDestructor()
04-12 12:51:41.447  1167  1167 I Layer   : id=3068 Destroyed Splash Screen com.astrohark.app$_2312#3068
04-12 12:51:41.458  2312  2312 D NavigationBar: onSystemBarAttributesChanged() -  displayId:0, appearance:24, packageName: com.astrohark.app (APPEARANCE_LIGHT_STATUS_BARS APPEARANCE_LIGHT_NAVIGATION_BARS ), navbarColorManagedByIme:false
04-12 12:51:41.459  2312  2312 D SamsungLightBarControlHelper: updateNavigation(Black button) isLightBar:false, hasLightBarNavigationBarFlag:true, packageName:com.astrohark.app, DirectReplying:false, NavBarColorManagerdByIme:false, ForceDarkForScrim:false, QsCustomizing:false, PanelHasWhiteBg:true
04-12 12:51:41.488 10500 10709 I SAMSUNGWALLET: [Hint_SimpleHintProcessMonitor] isHomePackageRunning topPkgName = com.astrohark.app, topClsName = com.astrohark.app.MainActivity, return false , se : false
04-12 12:51:41.613  1701  2713 D MdnieScenarioControlService:  packageName : com.astrohark.app    className : com.astrohark.app.MainActivity
04-12 12:51:41.831  1701  2397 D SGM:GameManager: identifyForegroundApp. com.astrohark.app, mCurrentUserId: 0, callerUserId: 0
04-12 12:51:41.832  1701  2397 D SGM:PkgDataHelper: getGamePkgData(). com.astrohark.app
04-12 12:51:42.341  1167  1167 I BufferQueueProducer: [com.astrohark.app/com.astrohark.app.MainActivity$_30836#3084](this:0xb4000077a18cc838,id:-1,api:0,p:-1,c:1167) queueBuffer: fps=73.41 dur=1008.04 max=77.18 min=10.70
04-12 12:51:42.377  1701  2396 D ActivityTaskManager: TaskLaunchParamsModifier:task=Task{d56c623 #87 type=standard A=10325:com.astrohark.app U=0 visible=true visibleRequested=true mode=fullscreen translucent=false sz=1} activity=ActivityRecord{d8c419f u0 com.google.android.permissioncontroller/com.android.permissioncontroller.permission.ui.GrantPermissionsActivity} t-1} display-area-from-source=DefaultTaskDisplayArea@159533810 display-id=0 display-windowing-mode=1 suggested-display-area=DefaultTaskDisplayArea@159533810 inherit-from-source=fullscreen activity-options-fullscreen=Rect(0, 0 - 0, 0) non-freeform-display display-area=DefaultTaskDisplayArea@159533810 maximized-bounds
04-12 12:51:42.385  1701  2396 D ActivityTaskManager: scheduleTopResumedActivityChanged, onTop=false r=ActivityRecord{d538f08 u0 com.astrohark.app/.MainActivity} t87} caller=com.android.server.wm.ActivityTaskSupervisor.updateTopResumedActivityIfNeeded:2510 com.android.server.wm.TaskFragment.setResumedActivity:493 com.android.server.wm.TaskFragment.onActivityStateChanged:790 com.android.server.wm.ActivityRecord.setState:6406 com.android.server.wm.TaskFragment.startPausing:1880 com.android.server.wm.TaskFragment.startPausing:1817 
