04-16 21:54:44.068 D/InsetsController(21471): onStateChanged: InsetsState: {mDisplayFrame=Rect(0, 0 - 1080, 2400), mDisplayCutout=DisplayCutout{insets=Rect(0, 78 - 0, 0) waterfall=Insets{left=0, top=0, right=0, bottom=0} boundingRect={Bounds=[Rect(0, 0 - 0, 0), Rect(468, 0 - 612, 78), Rect(0, 0 - 0, 0), Rect(0, 0 - 0, 0)]} cutoutPathParserInfo={CutoutPathParserInfo{displayWidth=1080 displayHeight=2400 physicalDisplayWidth=1080 physicalDisplayHeight=2400 density={2.8125} cutoutSpec={M 0,0 H -25.6 V 27.73333333333333 H 25.6 V 0 H 0 Z @dp} rotation={0} scale={1.0} physicalPixelDisplaySizeRatio={1.0}}}}, mRoundedCorners=RoundedCorners{[RoundedCorner{position=TopLeft, radius=90, center=Point(90, 90)}, RoundedCorner{position=TopRight, radius=90, center=Point(990, 90)}, RoundedCorner{position=BottomRight, radius=90, center=Point(990, 2310)}, RoundedCorner{position=BottomLeft, radius=90, center=Point(90, 2310)}]}  mRoundedCornerFrame=Rect(0, 0 - 1080, 2400), mPrivacyIndicatorBounds=PrivacyIndicatorBounds {static bounds=Rect(956, 0 - 1080, 78) rotation=0}, mSources= { InsetsSource: {mType=ITYPE_STATUS_BAR, mFrame=[0,0][1080,78], mVisible=false, mInsetsRoundedCornerFrame=false}, InsetsSource: {mType=ITYPE_NAVIGATION_BAR, mFrame=[0,2265][1080,2400], mVisible=true, mInsetsRoundedCornerFrame=false}, InsetsSource: {mType=ITYPE_LEFT_GESTURES, mFrame=[0,0][0,2400], mVisible=true, mInsetsRoundedCornerFrame=false}, InsetsSource: {mType=ITYPE_RIGHT_GESTURES, mFrame=[1080,0][1080,2400], mVisible=true, mInsetsRoundedCornerFrame=false}, InsetsSource: {mType=ITYPE_TOP_MANDATORY_GESTURES, mFrame=[0,0][1080,112], mVisible=true, mInsetsRoundedCornerFrame=false}, InsetsSource: {mType=ITYPE_BOTTOM_MANDATORY_GESTURES, mFrame=[0,2265][1080,2400], mVisible=true, mInsetsRoundedCornerFrame=false}, InsetsSource: {mType=ITYPE_LEFT_DISPLAY_CUTOUT, mFrame=[0,0][-100000,2400], mVisible=true, mInsetsRoundedCornerFrame=false}, InsetsSource: {mType=ITYPE_TOP_DISPLAY_CUTOUT, mFrame=[0,0][1080,78], mVisible=true, mInsetsRoundedCornerFrame=false}, InsetsSource: {mType=ITYPE_RIGHT_DISPLAY_CUTOUT, mFrame=[100000,0][1080,2400], mVisible=true, mInsetsRoundedCornerFrame=false}, InsetsSource: {mType=ITYPE_BOTTOM_DISPLAY_CUTOUT, mFrame=[0,100000][1080,2400], mVisible=true, mInsetsRoundedCornerFrame=false}, InsetsSource: {mType=ITYPE_TOP_TAPPABLE_ELEMENT, mFrame=[0,0][1080,78], mVisible=true, mInsetsRoundedCornerFrame=false}, InsetsSource: {mType=ITYPE_BOTTOM_TAPPABLE_ELEMENT, mFrame=[0,2265][1080,2400], mVisible=true, mInsetsRoundedCornerFrame=false}, InsetsSource: {mType=ITYPE_IME, mFrame=[0,0][0,0], mVisibleFrame=[0,1392][1080,2400], mVisible=false, mInsetsRoundedCornerFrame=false} } host=com.astrohark.app/com.astrohark.app.IncomingCallActivity from=android.view.ViewRootImpl$ViewRootHandler.handleMessageImpl:6727
04-16 21:54:44.069 I/ViewRootImpl@3e44370[IncomingCallActivity](21471): handleResized, msg = 4 frames=ClientWindowFrames{frame=[0,78][1080,2400] display=[0,78][1080,2400] parentFrame=[0,0][0,0] parentClippedByDisplayCutout=false} forceNextWindowRelayout=false displayId=0 resizeMode=-1 frameChanged=false displayFrameChanged=false configChanged=false displayChanged=false
04-16 21:54:44.081 D/SurfaceFlinger(  894):      DEVICE | 0xb4000078bd228c80 | 0102 | RGBA_8888    |    0.0    0.0 1080.0 2322.0 |    0   78 1080 2400 | com.astrohark.app/com.astrohark.app.IncomingCallActivity$_21471#7469
04-16 21:54:44.299 I/BufferQueueProducer(  894): [com.astrohark.app/com.astrohark.app.IncomingCallActivity$_21471#7469](this:0xb400007888acf838,id:-1,api:0,p:-1,c:894) queueBuffer: fps=77.49 dur=1006.58 max=88.62 min=10.87
04-16 21:54:44.550 I/ViewRootImpl@3e44370[IncomingCallActivity](21471): ViewPostIme pointer 0
04-16 21:54:44.649 I/ViewRootImpl@3e44370[IncomingCallActivity](21471): ViewPostIme pointer 1
04-16 21:54:44.650 D/CALL_DEBUG(21471): Accept clicked
04-16 21:54:44.650 D/IncomingCallActivity(21471): Call accepted: 93025791-9269-4c78-9330-4b70da221122
04-16 21:54:44.650 D/IncomingCallActivity(21471): Ringtone and vibration stopped
04-16 21:54:45.307 I/BufferQueueProducer(  894): [com.astrohark.app/com.astrohark.app.IncomingCallActivity$_21471#7469](this:0xb400007888acf838,id:-1,api:0,p:-1,c:894) queueBuffer: fps=90.34 dur=1007.33 max=11.15 min=10.98
04-16 21:54:46.314 I/BufferQueueProducer(  894): [com.astrohark.app/com.astrohark.app.IncomingCallActivity$_21471#7469](this:0xb400007888acf838,id:-1,api:0,p:-1,c:894) queueBuffer: fps=85.39 dur=1007.17 max=22.30 min=10.69
04-16 21:54:46.350 I/ViewRootImpl@3e44370[IncomingCallActivity](21471): ViewPostIme pointer 0
04-16 21:54:46.480 I/ViewRootImpl@3e44370[IncomingCallActivity](21471): ViewPostIme pointer 1
04-16 21:54:46.482 D/CALL_DEBUG(21471): Accept clicked
04-16 21:54:46.482 D/IncomingCallActivity(21471): Call accepted: 93025791-9269-4c78-9330-4b70da221122
04-16 21:54:46.482 D/IncomingCallActivity(21471): Ringtone and vibration stopped
04-16 21:54:47.128 I/ViewRootImpl@3e44370[IncomingCallActivity](21471): ViewPostIme pointer 0
04-16 21:54:47.229 I/ViewRootImpl@3e44370[IncomingCallActivity](21471): ViewPostIme pointer 1
04-16 21:54:47.231 D/CALL_DEBUG(21471): Accept clicked
04-16 21:54:47.231 D/IncomingCallActivity(21471): Call accepted: 93025791-9269-4c78-9330-4b70da221122
04-16 21:54:47.231 D/IncomingCallActivity(21471): Ringtone and vibration stopped
04-16 21:54:47.321 I/BufferQueueProducer(  894): [com.astrohark.app/com.astrohark.app.IncomingCallActivity$_21471#7469](this:0xb400007888acf838,id:-1,api:0,p:-1,c:894) queueBuffer: fps=79.45 dur=1006.94 max=22.33 min=10.68
04-16 21:54:48.075 I/ViewRootImpl@3e44370[IncomingCallActivity](21471): ViewPostIme pointer 0
04-16 21:54:48.187 I/ViewRootImpl@3e44370[IncomingCallActivity](21471): ViewPostIme pointer 1
04-16 21:54:48.188 D/CALL_DEBUG(21471): Accept clicked
04-16 21:54:48.189 D/IncomingCallActivity(21471): Call accepted: 93025791-9269-4c78-9330-4b70da221122
04-16 21:54:48.189 D/IncomingCallActivity(21471): Ringtone and vibration stopped
04-16 21:54:48.328 I/BufferQueueProducer(  894): [com.astrohark.app/com.astrohark.app.IncomingCallActivity$_21471#7469](this:0xb400007888acf838,id:-1,api:0,p:-1,c:894) queueBuffer: fps=79.46 dur=1006.86 max=22.20 min=10.63
04-16 21:54:49.335 I/BufferQueueProducer(  894): [com.astrohark.app/com.astrohark.app.IncomingCallActivity$_21471#7469](this:0xb400007888acf838,id:-1,api:0,p:-1,c:894) queueBuffer: fps=81.43 dur=1007.06 max=22.35 min=10.71
04-16 21:54:50.342 I/BufferQueueProducer(  894): [com.astrohark.app/com.astrohark.app.IncomingCallActivity$_21471#7469](this:0xb400007888acf838,id:-1,api:0,p:-1,c:894) queueBuffer: fps=79.44 dur=1007.07 max=22.42 min=10.59
04-16 21:54:50.918 I/ViewRootImpl@3e44370[IncomingCallActivity](21471): ViewPostIme pointer 0
04-16 21:54:51.077 I/ViewRootImpl@3e44370[IncomingCallActivity](21471): ViewPostIme pointer 1
04-16 21:54:51.079 D/CALL_DEBUG(21471): Accept clicked
04-16 21:54:51.079 D/IncomingCallActivity(21471): Call accepted: 93025791-9269-4c78-9330-4b70da221122
04-16 21:54:51.079 D/IncomingCallActivity(21471): Ringtone and vibration stopped
04-16 21:54:51.349 I/BufferQueueProducer(  894): [com.astrohark.app/com.astrohark.app.IncomingCallActivity$_21471#7469](this:0xb400007888acf838,id:-1,api:0,p:-1,c:894) queueBuffer: fps=81.45 dur=1006.69 max=22.23 min=10.70
04-16 21:54:52.356 I/BufferQueueProducer(  894): [com.astrohark.app/com.astrohark.app.IncomingCallActivity$_21471#7469](this:0xb400007888acf838,id:-1,api:0,p:-1,c:894) queueBuffer: fps=79.41 dur=1007.41 max=22.40 min=10.69
04-16 21:54:53.362 I/BufferQueueProducer(  894): [com.astrohark.app/com.astrohark.app.IncomingCallActivity$_21471#7469](this:0xb400007888acf838,id:-1,api:0,p:-1,c:894) queueBuffer: fps=80.48 dur=1006.42 max=22.45 min=10.55
04-16 21:54:54.370 I/BufferQueueProducer(  894): [com.astrohark.app/com.astrohark.app.IncomingCallActivity$_21471#7469](this:0xb400007888acf838,id:-1,api:0,p:-1,c:894) queueBuffer: fps=80.42 dur=1007.26 max=22.49 min=10.57
04-16 21:54:55.377 I/BufferQueueProducer(  894): [com.astrohark.app/com.astrohark.app.IncomingCallActivity$_21471#7469](this:0xb400007888acf838,id:-1,api:0,p:-1,c:894) queueBuffer: fps=79.44 dur=1007.05 max=22.41 min=10.58
04-16 21:54:56.395 I/BufferQueueProducer(  894): [com.astrohark.app/com.astrohark.app.IncomingCallActivity$_21471#7469](this:0xb400007888acf838,id:-1,api:0,p:-1,c:894) queueBuffer: fps=81.50 dur=1018.44 max=22.35 min=10.50
04-16 21:54:57.402 I/BufferQueueProducer(  894): [com.astrohark.app/com.astrohark.app.IncomingCallActivity$_21471#7469](this:0xb400007888acf838,id:-1,api:0,p:-1,c:894) queueBuffer: fps=79.46 dur=1006.75 max=22.43 min=10.69
04-16 21:54:58.409 I/BufferQueueProducer(  894): [com.astrohark.app/com.astrohark.app.IncomingCallActivity$_21471#7469](this:0xb400007888acf838,id:-1,api:0,p:-1,c:894) queueBuffer: fps=80.46 dur=1006.74 max=22.67 min=10.59
04-16 21:54:59.416 I/BufferQueueProducer(  894): [com.astrohark.app/com.astrohark.app.IncomingCallActivity$_21471#7469](this:0xb400007888acf838,id:-1,api:0,p:-1,c:894) queueBuffer: fps=77.42 dur=1007.54 max=23.42 min=10.64
04-16 21:55:00.423 I/BufferQueueProducer(  894): [com.astrohark.app/com.astrohark.app.IncomingCallActivity$_21471#7469](this:0xb400007888acf838,id:-1,api:0,p:-1,c:894) queueBuffer: fps=80.48 dur=1006.44 max=22.39 min=10.67
04-16 21:55:00.722 I/ViewRootImpl@3e44370[IncomingCallActivity](21471): ViewPostIme pointer 0
04-16 21:55:00.783 I/ViewRootImpl@3e44370[IncomingCallActivity](21471): ViewPostIme pointer 1
04-16 21:55:00.785 D/CALL_DEBUG(21471): Accept clicked
04-16 21:55:00.785 D/IncomingCallActivity(21471): Call accepted: 93025791-9269-4c78-9330-4b70da221122
04-16 21:55:00.785 D/IncomingCallActivity(21471): Ringtone and vibration stopped
04-16 21:55:01.008 I/ViewRootImpl@3e44370[IncomingCallActivity](21471): ViewPostIme pointer 0
04-16 21:55:01.109 I/ViewRootImpl@3e44370[IncomingCallActivity](21471): ViewPostIme pointer 1
04-16 21:55:01.110 D/CALL_DEBUG(21471): Accept clicked
04-16 21:55:01.111 D/IncomingCallActivity(21471): Call accepted: 93025791-9269-4c78-9330-4b70da221122
04-16 21:55:01.111 D/IncomingCallActivity(21471): Ringtone and vibration stopped
04-16 21:55:01.429 I/BufferQueueProducer(  894): [com.astrohark.app/com.astrohark.app.IncomingCallActivity$_21471#7469](this:0xb400007888acf838,id:-1,api:0,p:-1,c:894) queueBuffer: fps=80.46 dur=1006.72 max=22.24 min=10.75
04-16 21:55:01.440 I/ViewRootImpl@3e44370[IncomingCallActivity](21471): ViewPostIme pointer 0
04-16 21:55:01.554 I/ViewRootImpl@3e44370[IncomingCallActivity](21471): ViewPostIme pointer 1
04-16 21:55:01.555 D/CALL_DEBUG(21471): Accept clicked
04-16 21:55:01.556 D/IncomingCallActivity(21471): Call accepted: 93025791-9269-4c78-9330-4b70da221122
04-16 21:55:01.556 D/IncomingCallActivity(21471): Ringtone and vibration stopped
04-16 21:55:02.437 I/BufferQueueProducer(  894): [com.astrohark.app/com.astrohark.app.IncomingCallActivity$_21471#7469](this:0xb400007888acf838,id:-1,api:0,p:-1,c:894) queueBuffer: fps=79.40 dur=1007.55 max=22.36 min=10.78
04-16 21:55:03.443 I/BufferQueueProducer(  894): [com.astrohark.app/com.astrohark.app.IncomingCallActivity$_21471#7469](this:0xb400007888acf838,id:-1,api:0,p:-1,c:894) queueBuffer: fps=81.47 dur=1006.46 max=22.36 min=10.51
04-16 21:55:04.450 I/BufferQueueProducer(  894): [com.astrohark.app/com.astrohark.app.IncomingCallActivity$_21471#7469](this:0xb400007888acf838,id:-1,api:0,p:-1,c:894) queueBuffer: fps=79.47 dur=1006.71 max=22.27 min=10.21
04-16 21:55:05.457 I/BufferQueueProducer(  894): [com.astrohark.app/com.astrohark.app.IncomingCallActivity$_21471#7469](this:0xb400007888acf838,id:-1,api:0,p:-1,c:894) queueBuffer: fps=81.43 dur=1007.03 max=22.40 min=10.62
04-16 21:55:06.475 I/BufferQueueProducer(  894): [com.astrohark.app/com.astrohark.app.IncomingCallActivity$_21471#7469](this:0xb400007888acf838,id:-1,api:0,p:-1,c:894) queueBuffer: fps=79.58 dur=1017.88 max=22.44 min=10.40
04-16 21:55:07.482 I/BufferQueueProducer(  894): [com.astrohark.app/com.astrohark.app.IncomingCallActivity$_21471#7469](this:0xb400007888acf838,id:-1,api:0,p:-1,c:894) queueBuffer: fps=80.43 dur=1007.09 max=22.46 min=10.66
04-16 21:55:08.489 I/BufferQueueProducer(  894): [com.astrohark.app/com.astrohark.app.IncomingCallActivity$_21471#7469](this:0xb400007888acf838,id:-1,api:0,p:-1,c:894) queueBuffer: fps=81.45 dur=1006.77 max=22.40 min=10.60
04-16 21:55:09.507 I/BufferQueueProducer(  894): [com.astrohark.app/com.astrohark.app.IncomingCallActivity$_21471#7469](this:0xb400007888acf838,id:-1,api:0,p:-1,c:894) queueBuffer: fps=78.60 dur=1017.82 max=22.45 min=10.67
04-16 21:55:10.514 I/BufferQueueProducer(  894): [com.astrohark.app/com.astrohark.app.IncomingCallActivity$_21471#7469](this:0xb400007888acf838,id:-1,api:0,p:-1,c:894) queueBuffer: fps=82.41 dur=1007.22 max=22.49 min=10.68
04-16 21:55:11.521 I/BufferQueueProducer(  894): [com.astrohark.app/com.astrohark.app.IncomingCallActivity$_21471#7469](this:0xb400007888acf838,id:-1,api:0,p:-1,c:894) queueBuffer: fps=79.45 dur=1006.87 max=22.39 min=10.60
04-16 21:55:12.527 I/BufferQueueProducer(  894): [com.astrohark.app/com.astrohark.app.IncomingCallActivity$_21471#7469](this:0xb400007888acf838,id:-1,api:0,p:-1,c:894) queueBuffer: fps=80.47 dur=1006.62 max=22.37 min=10.54
04-16 21:55:13.534 I/BufferQueueProducer(  894): [com.astrohark.app/com.astrohark.app.IncomingCallActivity$_21471#7469](this:0xb400007888acf838,id:-1,api:0,p:-1,c:894) queueBuffer: fps=78.45 dur=1007.06 max=34.33 min=10.44
04-16 21:55:14.541 I/BufferQueueProducer(  894): [com.astrohark.app/com.astrohark.app.IncomingCallActivity$_21471#7469](this:0xb400007888acf838,id:-1,api:0,p:-1,c:894) queueBuffer: fps=79.46 dur=1006.81 max=22.37 min=10.31
04-16 21:55:15.548 I/BufferQueueProducer(  894): [com.astrohark.app/com.astrohark.app.IncomingCallActivity$_21471#7469](this:0xb400007888acf838,id:-1,api:0,p:-1,c:894) queueBuffer: fps=81.44 dur=1006.83 max=22.29 min=10.53
04-16 21:55:16.555 I/BufferQueueProducer(  894): [com.astrohark.app/com.astrohark.app.IncomingCallActivity$_21471#7469](this:0xb400007888acf838,id:-1,api:0,p:-1,c:894) queueBuffer: fps=79.44 dur=1007.01 max=22.53 min=10.57
04-16 21:55:17.573 I/BufferQueueProducer(  894): [com.astrohark.app/com.astrohark.app.IncomingCallActivity$_21471#7469](this:0xb400007888acf838,id:-1,api:0,p:-1,c:894) queueBuffer: fps=78.60 dur=1017.78 max=34.89 min=10.60
04-16 21:55:18.580 I/BufferQueueProducer(  894): [com.astrohark.app/com.astrohark.app.IncomingCallActivity$_21471#7469](this:0xb400007888acf838,id:-1,api:0,p:-1,c:894) queueBuffer: fps=80.43 dur=1007.14 max=22.24 min=10.54
04-16 21:55:19.587 I/BufferQueueProducer(  894): [com.astrohark.app/com.astrohark.app.IncomingCallActivity$_21471#7469](this:0xb400007888acf838,id:-1,api:0,p:-1,c:894) queueBuffer: fps=80.43 dur=1007.03 max=22.38 min=10.56
04-16 21:55:20.594 I/BufferQueueProducer(  894): [com.astrohark.app/com.astrohark.app.IncomingCallActivity$_21471#7469](this:0xb400007888acf838,id:-1,api:0,p:-1,c:894) queueBuffer: fps=80.45 dur=1006.84 max=22.28 min=10.65
04-16 21:55:21.600 I/BufferQueueProducer(  894): [com.astrohark.app/com.astrohark.app.IncomingCallActivity$_21471#7469](this:0xb400007888acf838,id:-1,api:0,p:-1,c:894) queueBuffer: fps=79.48 dur=1006.57 max=22.35 min=10.65
04-16 21:55:21.699 I/ViewRootImpl@3e44370[IncomingCallActivity](21471): ViewPostIme pointer 0
04-16 21:55:21.797 I/ViewRootImpl@3e44370[IncomingCallActivity](21471): ViewPostIme pointer 1
04-16 21:55:21.799 D/CALL_DEBUG(21471): Accept clicked
04-16 21:55:21.799 D/IncomingCallActivity(21471): Call accepted: 93025791-9269-4c78-9330-4b70da221122
04-16 21:55:21.799 D/IncomingCallActivity(21471): Ringtone and vibration stopped
04-16 21:55:22.608 I/BufferQueueProducer(  894): [com.astrohark.app/com.astrohark.app.IncomingCallActivity$_21471#7469](this:0xb400007888acf838,id:-1,api:0,p:-1,c:894) queueBuffer: fps=81.42 dur=1007.06 max=22.31 min=10.78
04-16 21:55:22.618 I/ViewRootImpl@3e44370[IncomingCallActivity](21471): ViewPostIme pointer 0
04-16 21:55:22.731 I/ViewRootImpl@3e44370[IncomingCallActivity](21471): ViewPostIme pointer 1
04-16 21:55:22.733 D/CALL_DEBUG(21471): Accept clicked
04-16 21:55:22.733 D/IncomingCallActivity(21471): Call accepted: 93025791-9269-4c78-9330-4b70da221122
04-16 21:55:22.733 D/IncomingCallActivity(21471): Ringtone and vibration stopped
04-16 21:55:22.986 I/ViewRootImpl@3e44370[IncomingCallActivity](21471): ViewPostIme pointer 0
04-16 21:55:23.075 I/ViewRootImpl@3e44370[IncomingCallActivity](21471): ViewPostIme pointer 1
04-16 21:55:23.076 D/CALL_DEBUG(21471): Accept clicked
04-16 21:55:23.076 D/IncomingCallActivity(21471): Call accepted: 93025791-9269-4c78-9330-4b70da221122
04-16 21:55:23.077 D/IncomingCallActivity(21471): Ringtone and vibration stopped
04-16 21:55:23.483 I/ViewRootImpl@3e44370[IncomingCallActivity](21471): ViewPostIme pointer 0
04-16 21:55:23.596 I/ViewRootImpl@3e44370[IncomingCallActivity](21471): ViewPostIme pointer 1
04-16 21:55:23.614 I/BufferQueueProducer(  894): [com.astrohark.app/com.astrohark.app.IncomingCallActivity$_21471#7469](this:0xb400007888acf838,id:-1,api:0,p:-1,c:894) queueBuffer: fps=79.51 dur=1006.22 max=22.22 min=10.81
04-16 21:55:23.793 I/SurfaceFlinger(  894): id=7445 Removed Surface(name=d6a3253 com.astrohark.app/com.astrohark.app.IncomingCallActivity)/@0xe9dc5f9 - animation-leash of starting_reveal#7445 (105)
04-16 21:55:23.796 I/SurfaceFlinger(  894): id=7472 Removed Surface(name=6b4a72c com.astrohark.app/com.astrohark.app.IncomingCallActivity)/@0x9c6335c - animation-leash of starting_reveal#7472 (105)
04-16 21:55:23.802 I/Layer   (  894): id=7472 Destroyed Surface(name=6b4a72c com.astrohark.app/com.astrohark.app.IncomingCallActivity)/@0x9c6335c - animation-leash of starting_reveal#7472
04-16 21:55:23.803 I/Layer   (  894): id=7445 Destroyed Surface(name=d6a3253 com.astrohark.app/com.astrohark.app.IncomingCallActivity)/@0xe9dc5f9 - animation-leash of starting_reveal#7445
04-16 21:55:24.621 I/BufferQueueProducer(  894): [com.astrohark.app/com.astrohark.app.IncomingCallActivity$_21471#7469](this:0xb400007888acf838,id:-1,api:0,p:-1,c:894) queueBuffer: fps=80.42 dur=1007.19 max=22.44 min=10.50
04-16 21:55:25.270 D/SocketManager(21471): SocketEvent: session-ended received
04-16 21:55:25.278 D/IncomingCallActivity(21471): Session ended by caller while ringing
04-16 21:55:25.278 D/IncomingCallActivity(21471): Call rejected: 93025791-9269-4c78-9330-4b70da221122
04-16 21:55:25.278 D/IncomingCallActivity(21471): Ringtone and vibration stopped
04-16 21:55:25.286 D/ActivityTaskManager( 1434): scheduleTopResumedActivityChanged, onTop=false r=ActivityRecord{5417e21 u0 com.astrohark.app/.IncomingCallActivity} t355 f}} caller=com.android.server.wm.ActivityTaskSupervisor.updateTopResumedActivityIfNeeded:2510 com.android.server.wm.TaskDisplayArea.positionChildTaskAt:602 com.android.server.wm.TaskDisplayArea.positionChildAt:537 com.android.server.wm.WindowContainer.positionChildAt:970 com.android.server.wm.Task.positionChildAt:3354 com.android.server.wm.Task.moveToFrontInner:6053 
04-16 21:55:25.288 V/WindowManager( 1434): Changing focus from Window{6b4a72c u0 com.astrohark.app/com.astrohark.app.IncomingCallActivity} to null displayId=0 Callers=com.android.server.wm.RootWindowContainer.updateFocusedWindowLocked:595 com.android.server.wm.WindowManagerService.updateFocusedWindowLocked:6810 com.android.server.wm.ActivityTaskManagerService.setResumedActivityUncheckLocked:5766 com.android.server.wm.ActivityRecord.moveFocusableActivityToTop:3874 
04-16 21:55:25.303 I/SurfaceFlinger(  894): operator()(), mtkRenderCntDebug 592, screenshot (com.astrohark.app/com.astrohark.app.IncomingCallActivity$_21471#7469)
04-16 21:55:25.329 I/SurfaceFlinger(  894): [6b4a72c com.astrohark.app/com.astrohark.app.IncomingCallActivity#7468] FrameRatePriority: -1
04-16 21:55:25.342 D/InputDispatcher( 1434): Focus left window (0): 6b4a72c com.astrohark.app/com.astrohark.app.IncomingCallActivity
04-16 21:55:25.381 I/ViewRootImpl@3e44370[IncomingCallActivity](21471): MSG_WINDOW_FOCUS_CHANGED 0 0
04-16 21:55:25.383 D/WindowManager( 1434): updateSystemBarAttributes: displayId=0, win=Window{ab1bcd3 u0 com.sec.android.app.launcher/com.sec.android.app.launcher.activities.LauncherActivity}, navColorWin=Window{6b4a72c u0 com.astrohark.app/com.astrohark.app.IncomingCallActivity}, focusedCanBeNavColorWin=false, behavior=2, appearance=0, statusBarAppearanceRegions=[], requestedVisibilities=, from=com.android.server.wm.DisplayPolicy.focusChangedLw:3247 com.android.server.wm.DisplayContent.updateFocusedWindowLocked:4632 com.android.server.wm.RootWindowContainer.updateFocusedWindowLocked:595 
04-16 21:55:25.445 D/WindowManager( 1434): createAnimationAdapter(): container=Task{fd6f246 #355 type=standard I=com.astrohark.app/.IncomingCallActivity U=0 visible=false visibleRequested=false mode=fullscreen translucent=true sz=1}
04-16 21:55:25.451 D/WindowManager( 1434): 	Add container=Task{fd6f246 #355 type=standard I=com.astrohark.app/.IncomingCallActivity U=0 visible=false visibleRequested=false mode=fullscreen translucent=true sz=1}
04-16 21:55:25.477 I/WindowManager( 1434):   windowType=-1  hasAnimatingParent=false  backgroundColor=0container=Task{fd6f246 #355 type=standard I=com.astrohark.app/.IncomingCallActivity U=0 visible=false visibleRequested=false mode=fullscreen translucent=true sz=1}
04-16 21:55:25.477 I/WindowManager( 1434):   taskInfo=TaskInfo{userId=0 taskId=355 displayId=0 isRunning=false baseIntent=Intent { flg=0x34820000 cmp=com.astrohark.app/.IncomingCallActivity } baseActivity=null topActivity=null origActivity=null realActivity=ComponentInfo{com.astrohark.app/com.astrohark.app.IncomingCallActivity} numActivities=0 lastActiveTime=90385048 supportsSplitScreenMultiWindow=true supportsMultiWindow=true resizeMode=1 isResizeable=true minWidth=-1 minHeight=-1 defaultMinSize=220 token=WCT{RemoteToken{bead879 Task{fd6f246 #355 type=standard I=com.astrohark.app/.IncomingCallActivity U=0 visible=false visibleRequested=false mode=fullscreen translucent=true sz=1}}} topActivityType=1 pictureInPictureParams=null shouldDockBigOverlays=false launchIntoPipHostTaskId=0 displayCutoutSafeInsets=Rect(0, 78 - 0, 0) topActivityInfo=null launchCookies=[] positionInParent=Point(0, 0) parentTaskId=-1 isFocused=false isVisible=false isSleeping=false topActivityInSizeCompat=false topActivityEligibleForLetterboxEducation= false locusId=null displayAreaFeatureId=1 cameraCompatControlState=hidden originallySupportedSplitScreen=true hasWallpaper=false isTopTransparentActivity=false topActivityInFixedAspectRatio=false topActivityInDisplayCompat=false topActivityInBoundsCompat=false topActivityBounds=null}
04-16 21:55:25.490 D/SurfaceFlinger(  894):      DEVICE | 0xb4000078bb656880 | 0102 | RGBA_8888    |    0.0    0.0 1080.0 2322.0 |    0   78 1080 2400 | com.astrohark.app/com.astrohark.app.IncomingCallActivity$_21471#7469
04-16 21:55:25.518 D/SurfaceFlinger(  894):      CLIENT | 0xb4000078bd228c80 | 0102 | RGBA_8888    |    0.0    0.0 1080.0 2322.0 |    4   86 1076 2391 | com.astrohark.app/com.astrohark.app.IncomingCallActivity$_21471#7469
04-16 21:55:25.628 I/BufferQueueProducer(  894): [com.astrohark.app/com.astrohark.app.IncomingCallActivity$_21471#7469](this:0xb400007888acf838,id:-1,api:0,p:-1,c:894) queueBuffer: fps=65.57 dur=1006.60 max=66.20 min=10.36
04-16 21:55:25.746 V/WindowManager( 1434): Setting visibility of Window{6b4a72c u0 com.astrohark.app/com.astrohark.app.IncomingCallActivity}: false, caller=com.android.server.wm.WindowContainer.sendAppVisibilityToClients:1246 com.android.server.wm.WindowToken.setClientVisible:431 com.android.server.wm.ActivityRecord.setClientVisible:7691 com.android.server.wm.ActivityRecord.onAnimationFinished:8590 com.android.server.wm.WindowContainer.doAnimationFinished:3483 
04-16 21:55:25.747 I/ViewRootImpl@3e44370[IncomingCallActivity](21471): handleAppVisibility mAppVisible = true visible = false
04-16 21:55:25.747 D/WindowManager( 1434): 	container=Task{fd6f246 #355 type=standard I=com.astrohark.app/.IncomingCallActivity U=0 visible=false visibleRequested=false mode=fullscreen translucent=true sz=1}
04-16 21:55:25.751 I/Layer   (  894): Layer [com.astrohark.app/com.astrohark.app.IncomingCallActivity$_21471#7469] hidden!! flag(1)
04-16 21:55:25.763 I/ViewRootImpl@3e44370[IncomingCallActivity](21471): performTraversals mFirst=false windowShouldResize=false viewVisibilityChanged=true mForceNextWindowRelayout=false params=null
04-16 21:55:25.764 V/WindowManager( 1434): Relayout Window{6b4a72c u0 com.astrohark.app/com.astrohark.app.IncomingCallActivity}: viewVisibility=8 req=1080x2322 d0
04-16 21:55:25.769 I/BLASTBufferQueue(21471): [ViewRootImpl@3e44370[IncomingCallActivity]#12](f:0,a:1) destructor()
04-16 21:55:25.770 D/BufferQueueConsumer(21471): [ViewRootImpl@3e44370[IncomingCallActivity]#12(BLAST Consumer)12](id:53df0000000c,api:0,p:-1,c:21471) disconnect
04-16 21:55:25.772 I/ViewRootImpl@3e44370[IncomingCallActivity](21471): Relayout returned: old=(0,78,1080,2400) new=(0,78,1080,2400) req=(1080,2322)8 dur=6 res=0x2 s={false 0x0} ch=true seqId=0
04-16 21:55:25.774 I/ViewRootImpl@3e44370[IncomingCallActivity](21471): stopped(true) old = false
04-16 21:55:25.774 I/ViewRootImpl@3e44370[IncomingCallActivity](21471): WindowStopped on com.astrohark.app/com.astrohark.app.IncomingCallActivity set to true
04-16 21:55:25.778 I/MSHandlerLifeCycle(21471): removeMultiSplitHandler: no exist. decor=DecorView@96ea158[IncomingCallActivity]
04-16 21:55:25.786 D/IncomingCallActivity(21471): Ringtone and vibration stopped
04-16 21:55:25.786 D/IncomingCallActivity(21471): onDestroy: Resetting CallState (Reject/Timeout/Abrupt exit)
04-16 21:55:25.788 D/IncomingCallActivity(21471): IncomingCallActivity destroyed
04-16 21:55:25.789 D/CoreBackPreview( 1434): Window{6b4a72c u0 com.astrohark.app/com.astrohark.app.IncomingCallActivity}: Setting back callback null
04-16 21:55:25.790 I/MSHandlerLifeCycle(21471): removeMultiSplitHandler: no exist. decor=DecorView@96ea158[IncomingCallActivity]
04-16 21:55:25.790 I/ViewRootImpl@3e44370[IncomingCallActivity](21471): dispatchDetachedFromWindow
04-16 21:55:25.791 W/InputManager-JNI( 1434): Input channel object '6b4a72c com.astrohark.app/com.astrohark.app.IncomingCallActivity (client)' was disposed without first being removed with the input manager!
04-16 21:55:25.791 V/WindowManager( 1434): Remove Window{6b4a72c u0 com.astrohark.app/com.astrohark.app.IncomingCallActivity}: mSurfaceController=Surface(name=com.astrohark.app/com.astrohark.app.IncomingCallActivity$_21471)/@0xa558e6e mAnimatingExit=false mRemoveOnExit=false mHasSurface=true surfaceShowing=false animating=false app-animation=false mWillReplaceWindow=false mDisplayFrozen=false callers=com.android.server.wm.WindowState.removeIfPossible:3041 com.android.server.wm.WindowManagerService.removeWindow:2289 com.android.server.wm.Session.remove:236 android.view.IWindowSession$Stub.onTransact:743 com.android.server.wm.Session.onTransact:188 android.os.Binder.execTransactInternal:1316 
04-16 21:55:25.791 I/WindowManager( 1434): Destroying surface Surface(name=com.astrohark.app/com.astrohark.app.IncomingCallActivity$_21471)/@0xa558e6e called by com.android.server.wm.WindowStateAnimator.destroySurface:942 com.android.server.wm.WindowStateAnimator.destroySurfaceLocked:536 com.android.server.wm.WindowState.removeImmediately:2969 com.android.server.wm.WindowState.removeIfPossible:3228 com.android.server.wm.WindowState.removeIfPossible:3041 com.android.server.wm.WindowManagerService.removeWindow:2289 com.android.server.wm.Session.remove:236 android.view.IWindowSession$Stub.onTransact:743 
04-16 21:55:25.795 I/SurfaceFlinger(  894): id=7467 Removed 1efb488 ActivityRecordInputSink com.astrohark.app/.IncomingCallActivity#7467 (102)
04-16 21:55:25.796 W/InputManager-JNI( 1434): Input channel object 'Letterbox_left_ActivityRecord{5417e21 u0 com.astrohark.app/.IncomingCallActivity} t355} (client)' was disposed without first being removed with the input manager!
04-16 21:55:25.797 W/InputManager-JNI( 1434): Input channel object 'Letterbox_top_ActivityRecord{5417e21 u0 com.astrohark.app/.IncomingCallActivity} t355} (client)' was disposed without first being removed with the input manager!
04-16 21:55:25.797 W/InputManager-JNI( 1434): Input channel object 'Letterbox_right_ActivityRecord{5417e21 u0 com.astrohark.app/.IncomingCallActivity} t355} (client)' was disposed without first being removed with the input manager!
04-16 21:55:25.797 W/InputManager-JNI( 1434): Input channel object 'Letterbox_bottom_ActivityRecord{5417e21 u0 com.astrohark.app/.IncomingCallActivity} t355} (client)' was disposed without first being removed with the input manager!
04-16 21:55:25.804 I/Layer   (  894): id=7469 removeFromCurrentState com.astrohark.app/com.astrohark.app.IncomingCallActivity$_21471#7469 (103)
04-16 21:55:25.804 I/Layer   (  894): id=7468 removeFromCurrentState 6b4a72c com.astrohark.app/com.astrohark.app.IncomingCallActivity#7468 (103)
04-16 21:55:25.804 I/Layer   (  894): id=7462 removeFromCurrentState ActivityRecord{5417e21 u0 com.astrohark.app/.IncomingCallActivity} t355}#7462 (103)
04-16 21:55:25.804 I/Layer   (  894): id=7467 removeFromCurrentState 1efb488 ActivityRecordInputSink com.astrohark.app/.IncomingCallActivity#7467 (103)
04-16 21:55:25.804 I/SurfaceFlinger(  894): id=7462 Removed ActivityRecord{5417e21 u0 com.astrohark.app/.IncomingCallActivity} t355}#7462 (103)
04-16 21:55:25.804 I/SurfaceFlinger(  894): id=7469 Removed com.astrohark.app/com.astrohark.app.IncomingCallActivity$_21471#7469 (103)
04-16 21:55:25.804 I/SurfaceFlinger(  894): id=7468 Removed 6b4a72c com.astrohark.app/com.astrohark.app.IncomingCallActivity#7468 (103)
04-16 21:55:25.805 I/BufferQueueDebug(  894): [com.astrohark.app/com.astrohark.app.IncomingCallActivity$_21471#7469](this:0xb400007888acf838,id:-1,api:0,p:-1,c:894) onDestructor()
04-16 21:55:25.805 I/Layer   (  894): id=7469 Destroyed com.astrohark.app/com.astrohark.app.IncomingCallActivity$_21471#7469
04-16 21:55:25.806 I/Layer   (  894): id=7468 Destroyed 6b4a72c com.astrohark.app/com.astrohark.app.IncomingCallActivity#7468
04-16 21:55:25.806 I/Layer   (  894): id=7462 Destroyed ActivityRecord{5417e21 u0 com.astrohark.app/.IncomingCallActivity} t355}#7462
04-16 21:55:25.806 I/Layer   (  894): id=7467 Destroyed 1efb488 ActivityRecordInputSink com.astrohark.app/.IncomingCallActivity#7467
04-16 21:55:30.389 D/SocketManager(21471): SocketEvent: session-ended received
04-16 21:55:30.389 D/IncomingCallActivity(21471): Session ended by caller while ringing
04-16 21:55:30.389 D/IncomingCallActivity(21471): Call rejected: 93025791-9269-4c78-9330-4b70da221122
04-16 21:55:30.389 D/IncomingCallActivity(21471): Ringtone and vibration stopped
04-16 21:55:30.654 I/ActivityTaskManager( 1434): START u0 {flg=0x34020000 cmp=com.astrohark.app/.IncomingCallActivity (has extras)} from uid 10357
04-16 21:55:30.656 D/ActivityTaskManager( 1434): TaskLaunchParamsModifier:task=null activity=ActivityRecord{9c713f7 u0 com.astrohark.app/.IncomingCallActivity} display-id=0 display-windowing-mode=1 suggested-display-area=DefaultTaskDisplayArea@167216783
04-16 21:55:30.656 D/ActivityTaskManager( 1434): TaskLaunchParamsModifier:task=null activity=ActivityRecord{9c713f7 u0 com.astrohark.app/.IncomingCallActivity} t-1} display-id=0 display-windowing-mode=1 suggested-display-area=DefaultTaskDisplayArea@167216783 non-freeform-display display-area=DefaultTaskDisplayArea@167216783 maximized-bounds
04-16 21:55:30.661 D/ActivityTaskManager( 1434): TaskLaunchParamsModifier:task=Task{9e2f264 #356 type=standard I=com.astrohark.app/.IncomingCallActivity U=0 visible=false visibleRequested=false mode=fullscreen translucent=true sz=0} activity=ActivityRecord{9c713f7 u0 com.astrohark.app/.IncomingCallActivity} t-1} display-from-task=0 display-id=0 display-windowing-mode=1 suggested-display-area=DefaultTaskDisplayArea@167216783 non-freeform-display display-area=DefaultTaskDisplayArea@167216783 maximized-bounds
04-16 21:55:30.663 I/SurfaceFlinger(  894): id=7489 createSurf flag=80004, ActivityRecord{9c713f7 u0 com.astrohark.app/.IncomingCallActivity} t356}#7489
04-16 21:55:30.667 V/WindowManager( 1434): Added starting ActivityRecord{9c713f7 u0 com.astrohark.app/.IncomingCallActivity} t356}: startingWindow=null startingView=com.android.server.wm.StartingSurfaceController$StartingSurface@b0ed0d0
04-16 21:55:30.673 D/FCMService(21471): IncomingCallActivity started directly
04-16 21:55:30.675 V/WindowManager( 1434): addWindow: ActivityRecord{9c713f7 u0 com.astrohark.app/.IncomingCallActivity} t356} startingWindow=Window{a2cdbce u0 Splash Screen com.astrohark.app}
04-16 21:55:30.680 D/WindowManagerServiceExt( 1434): notifyOccludeChangeNotice: cn=ComponentInfo{com.astrohark.app/com.astrohark.app.IncomingCallActivity} occludesParent=true inMultiWindow=false styleFloating=false caller=com.android.server.wm.WindowManagerServiceExt.updateOccludeTargetIfNeeded:1402 com.android.server.wm.DisplayContent.ensureActivitiesVisible:7532 com.android.server.wm.RootWindowContainer.ensureActivitiesVisible:2248 com.android.server.wm.RootWindowContainer.ensureVisibilityAndConfig:2126 com.android.server.wm.ActivityTaskSupervisor.realStartActivityLocked:913 
04-16 21:55:30.680 D/WindowManager( 1434): rotationForOrientation, orientationSource=ActivityRecord{9c713f7 u0 com.astrohark.app/.IncomingCallActivity} t356}
04-16 21:55:30.680 D/WindowManager( 1434): rotationForOrientation, orientationSource=ActivityRecord{9c713f7 u0 com.astrohark.app/.IncomingCallActivity} t356}
04-16 21:55:30.682 D/WindowManager( 1434): rotationForOrientation, orientationSource=ActivityRecord{9c713f7 u0 com.astrohark.app/.IncomingCallActivity} t356}
04-16 21:55:30.684 D/ActivityTaskManager( 1434): scheduleTopResumedActivityChanged, onTop=true r=ActivityRecord{9c713f7 u0 com.astrohark.app/.IncomingCallActivity} t356} caller=com.android.server.wm.ActivityTaskSupervisor.scheduleTopResumedActivityStateIfNeeded:2535 com.android.server.wm.ActivityTaskSupervisor.updateTopResumedActivityIfNeeded:2527 com.android.server.wm.TaskFragment.setResumedActivity:493 com.android.server.wm.TaskFragment.onActivityStateChanged:805 com.android.server.wm.ActivityRecord.setState:6406 com.android.server.wm.Task.minimalResumeActivityLocked:6155 
04-16 21:55:30.685 D/InputDispatcher( 1434): Focused application(0): ActivityRecord{9c713f7 u0 com.astrohark.app/.IncomingCallActivity} t356}
04-16 21:55:30.701 D/IncomingCallActivity(21471): Processing Call Intent: Test Client (a4e312e5-38dc-4618-93fa-d554af905246) Type: call
04-16 21:55:30.708 I/SAMSUNGWALLET( 9678): [Hint_SimpleHintProcessMonitor] isHomePackageRunning topPkgName = com.astrohark.app, topClsName = com.astrohark.app.IncomingCallActivity, return false , se : false
04-16 21:55:30.726 I/SurfaceFlinger(  894): id=7494 createSurf flag=80000, 6d543f6 ActivityRecordInputSink com.astrohark.app/.IncomingCallActivity#7494
04-16 21:55:30.754 D/IncomingCallActivity(21471): Ringtone started using URI: content://settings/system/ringtone
04-16 21:55:30.758 D/IncomingCallActivity(21471): Vibration started
04-16 21:55:30.835 D/MdnieScenarioControlService( 1434):  packageName : com.astrohark.app    className : com.astrohark.app.IncomingCallActivity
04-16 21:55:30.922 D/SocketManager(21471): User registered: c2e2530e-0531-4511-944b-a5c5f3506f4e, success=true
04-16 21:55:30.930 D/InsetsSourceConsumer(21471): setRequestedVisible: visible=false, type=20, host=com.astrohark.app/com.astrohark.app.IncomingCallActivity, from=android.view.InsetsSourceConsumer.hide:257 android.view.InsetsController.collectSourceControls:1310 android.view.InsetsController.controlAnimationUnchecked:1164 android.view.InsetsController.applyAnimation:1576 android.view.InsetsController.applyAnimation:1557 android.view.InsetsController.hide:1093 android.view.InsetsController.hide:1068 android.view.ViewRootImpl.controlInsetsForCompatibility:3339 android.view.ViewRootImpl.setView:1698 android.view.WindowManagerGlobal.addView:567 
04-16 21:55:30.931 D/InsetsSourceConsumer(21471): setRequestedVisible: visible=false, type=0, host=com.astrohark.app/com.astrohark.app.IncomingCallActivity, from=android.view.InsetsSourceConsumer.hide:257 android.view.InsetsController.collectSourceControls:1310 android.view.InsetsController.controlAnimationUnchecked:1164 android.view.InsetsController.applyAnimation:1576 android.view.InsetsController.applyAnimation:1557 android.view.InsetsController.hide:1093 android.view.InsetsController.hide:1068 android.view.ViewRootImpl.controlInsetsForCompatibility:3339 android.view.ViewRootImpl.setView:1698 android.view.WindowManagerGlobal.addView:567 
04-16 21:55:30.933 I/SurfaceFlinger(  894): id=7495 createSurf flag=80004, 24fd65 com.astrohark.app/com.astrohark.app.IncomingCallActivity#7495
04-16 21:55:30.938 D/InsetsController(21471): onStateChanged: InsetsState: {mDisplayFrame=Rect(0, 0 - 1080, 2400), mDisplayCutout=DisplayCutout{insets=Rect(0, 78 - 0, 0) waterfall=Insets{left=0, top=0, right=0, bottom=0} boundingRect={Bounds=[Rect(0, 0 - 0, 0), Rect(468, 0 - 612, 78), Rect(0, 0 - 0, 0), Rect(0, 0 - 0, 0)]} cutoutPathParserInfo={CutoutPathParserInfo{displayWidth=1080 displayHeight=2400 physicalDisplayWidth=1080 physicalDisplayHeight=2400 density={2.8125} cutoutSpec={M 0,0 H -25.6 V 27.73333333333333 H 25.6 V 0 H 0 Z @dp} rotation={0} scale={1.0} physicalPixelDisplaySizeRatio={1.0}}}}, mRoundedCorners=RoundedCorners{[RoundedCorner{position=TopLeft, radius=90, center=Point(90, 90)}, RoundedCorner{position=TopRight, radius=90, center=Point(990, 90)}, RoundedCorner{position=BottomRight, radius=90, center=Point(990, 2310)}, RoundedCorner{position=BottomLeft, radius=90, center=Point(90, 2310)}]}  mRoundedCornerFrame=Rect(0, 0 - 1080, 2400), mPrivacyIndicatorBounds=PrivacyIndicatorBounds {static bounds=Rect(956, 0 - 1080, 78) rotation=0}, mSources= { InsetsSource: {mType=ITYPE_STATUS_BAR, mFrame=[0,0][1080,78], mVisible=true, mInsetsRoundedCornerFrame=false}, InsetsSource: {mType=ITYPE_NAVIGATION_BAR, mFrame=[0,2265][1080,2400], mVisible=true, mInsetsRoundedCornerFrame=false}, InsetsSource: {mType=ITYPE_LEFT_GESTURES, mFrame=[0,0][0,2400], mVisible=true, mInsetsRoundedCornerFrame=false}, InsetsSource: {mType=ITYPE_RIGHT_GESTURES, mFrame=[1080,0][1080,2400], mVisible=true, mInsetsRoundedCornerFrame=false}, InsetsSource: {mType=ITYPE_TOP_MANDATORY_GESTURES, mFrame=[0,0][1080,112], mVisible=true, mInsetsRoundedCornerFrame=false}, InsetsSource: {mType=ITYPE_BOTTOM_MANDATORY_GESTURES, mFrame=[0,2265][1080,2400], mVisible=true, mInsetsRoundedCornerFrame=false}, InsetsSource: {mType=ITYPE_LEFT_DISPLAY_CUTOUT, mFrame=[0,0][-100000,2400], mVisible=true, mInsetsRoundedCornerFrame=false}, InsetsSource: {mType=ITYPE_TOP_DISPLAY_CUTOUT, mFrame=[0,0][1080,78], mVisible=true, mInsetsRoundedCornerFrame=false}, InsetsSource: {mType=ITYPE_RIGHT_DISPLAY_CUTOUT, mFrame=[100000,0][1080,2400], mVisible=true, mInsetsRoundedCornerFrame=false}, InsetsSource: {mType=ITYPE_BOTTOM_DISPLAY_CUTOUT, mFrame=[0,100000][1080,2400], mVisible=true, mInsetsRoundedCornerFrame=false}, InsetsSource: {mType=ITYPE_TOP_TAPPABLE_ELEMENT, mFrame=[0,0][1080,78], mVisible=true, mInsetsRoundedCornerFrame=false}, InsetsSource: {mType=ITYPE_BOTTOM_TAPPABLE_ELEMENT, mFrame=[0,2265][1080,2400], mVisible=true, mInsetsRoundedCornerFrame=false}, InsetsSource: {mType=ITYPE_IME, mFrame=[0,0][0,0], mVisibleFrame=[0,1392][1080,2400], mVisible=false, mInsetsRoundedCornerFrame=false} } host=com.astrohark.app/com.astrohark.app.IncomingCallActivity from=android.view.ViewRootImpl.setView:1732
04-16 21:55:30.939 I/ViewRootImpl@2568b91[IncomingCallActivity](21471): setView = com.android.internal.policy.DecorView@ee1ded2 TM=true
04-16 21:55:30.940 D/CoreBackPreview( 1434): Window{24fd65 u0 com.astrohark.app/com.astrohark.app.IncomingCallActivity}: Setting back callback OnBackInvokedCallbackInfo{mCallback=android.window.IOnBackInvokedCallback$Stub$Proxy@5927c48, mPriority=0}
04-16 21:55:30.941 I/MSHandlerLifeCycle(21471): removeMultiSplitHandler: no exist. decor=DecorView@ee1ded2[IncomingCallActivity]
04-16 21:55:30.999 D/SocketManager(21471): User registered: c2e2530e-0531-4511-944b-a5c5f3506f4e, success=true
04-16 21:55:31.026 I/ViewRootImpl@2568b91[IncomingCallActivity](21471): performTraversals params={(0,0)(fillxfill) sim={adjust=pan forwardNavigation} ty=BASE_APPLICATION wanim=0x1030309
04-16 21:55:31.026 I/ViewRootImpl@2568b91[IncomingCallActivity](21471):   fl=81810580
04-16 21:55:31.026 I/ViewRootImpl@2568b91[IncomingCallActivity](21471):   pfl=16020040
04-16 21:55:31.026 I/ViewRootImpl@2568b91[IncomingCallActivity](21471):   vsysui=2000
04-16 21:55:31.026 I/ViewRootImpl@2568b91[IncomingCallActivity](21471):   apr=LIGHT_STATUS_BARS
04-16 21:55:31.026 I/ViewRootImpl@2568b91[IncomingCallActivity](21471):   bhv=SHOW_TRANSIENT_BARS_BY_SWIPE
04-16 21:55:31.026 I/ViewRootImpl@2568b91[IncomingCallActivity](21471):   fitSides= naviIconColor=0}
04-16 21:55:31.027 I/ViewRootImpl@2568b91[IncomingCallActivity](21471): performTraversals mFirst=true windowShouldResize=true viewVisibilityChanged=false mForceNextWindowRelayout=false params={(0,0)(fillxfill) sim={adjust=pan forwardNavigation} ty=BASE_APPLICATION wanim=0x1030309
04-16 21:55:31.027 I/ViewRootImpl@2568b91[IncomingCallActivity](21471):   fl=81810580
04-16 21:55:31.027 I/ViewRootImpl@2568b91[IncomingCallActivity](21471):   pfl=16020040
04-16 21:55:31.027 I/ViewRootImpl@2568b91[IncomingCallActivity](21471):   vsysui=2000
04-16 21:55:31.027 I/ViewRootImpl@2568b91[IncomingCallActivity](21471):   apr=LIGHT_STATUS_BARS
04-16 21:55:31.027 I/ViewRootImpl@2568b91[IncomingCallActivity](21471):   bhv=SHOW_TRANSIENT_BARS_BY_SWIPE
04-16 21:55:31.027 I/ViewRootImpl@2568b91[IncomingCallActivity](21471):   fitSides= naviIconColor=0}
04-16 21:55:31.028 V/WindowManager( 1434): Relayout Window{24fd65 u0 com.astrohark.app/com.astrohark.app.IncomingCallActivity}: viewVisibility=0 req=1080x2322 d0
04-16 21:55:31.029 I/BufferQueueDebug(  894): [com.astrohark.app/com.astrohark.app.IncomingCallActivity$_21471#7496](this:0xb4000078941ad838,id:-1,api:0,p:-1,c:-1) BufferQueue core=(894:/system/bin/surfaceflinger)
04-16 21:55:31.029 I/SurfaceFlinger(  894): id=7496 createSurf flag=40004, com.astrohark.app/com.astrohark.app.IncomingCallActivity$_21471#7496
04-16 21:55:31.029 D/WindowManager( 1434): makeSurface duration=1 name=com.astrohark.app/com.astrohark.app.IncomingCallActivity$_21471
04-16 21:55:31.032 V/WindowManager( 1434): Changing focus from null to Window{24fd65 u0 com.astrohark.app/com.astrohark.app.IncomingCallActivity} displayId=0 Callers=com.android.server.wm.RootWindowContainer.updateFocusedWindowLocked:595 com.android.server.wm.WindowManagerService.updateFocusedWindowLocked:6810 com.android.server.wm.WindowManagerService.relayoutWindow:2820 com.android.server.wm.Session.relayout:274 
04-16 21:55:31.037 D/WindowManager( 1434): updateSystemBarAttributes: displayId=0, win=Window{24fd65 u0 com.astrohark.app/com.astrohark.app.IncomingCallActivity}, navColorWin=Window{a2cdbce u0 Splash Screen com.astrohark.app}, focusedCanBeNavColorWin=false, behavior=2, appearance=8, statusBarAppearanceRegions=[AppearanceRegion{ bounds=[0,0][1080,2400]}], requestedVisibilities=ITYPE_STATUS_BAR: invisible, ITYPE_CLIMATE_BAR: invisible, from=com.android.server.wm.DisplayPolicy.focusChangedLw:3247 com.android.server.wm.DisplayContent.updateFocusedWindowLocked:4632 com.android.server.wm.RootWindowContainer.updateFocusedWindowLocked:595 
04-16 21:55:31.041 I/ViewRootImpl@2568b91[IncomingCallActivity](21471): updateBlastSurfaceIfNeeded mBlastBufferQueue=null isSameSurfaceControl=false
04-16 21:55:31.042 D/InsetsSourceProvider( 1434): updateVisibility: serverVisible=true, clientVisible=false, source=InsetsSource: {mType=ITYPE_STATUS_BAR, mFrame=[0,0][1080,78], mVisible=false, mInsetsRoundedCornerFrame=false}, controlTarget=Window{24fd65 u0 com.astrohark.app/com.astrohark.app.IncomingCallActivity}, from=com.android.server.wm.InsetsSourceProvider.setClientVisible:536 com.android.server.wm.InsetsSourceProvider.updateClientVisibility:518 com.android.server.wm.InsetsStateController.onInsetsModified:250 com.android.server.wm.InsetsStateController.lambda$notifyPendingInsetsControlChanged$5:414 com.android.server.wm.InsetsStateController.$r8$lambda$ni7v3ZO6TRbLZqXOFahDjPeXTS0:0 com.android.server.wm.InsetsStateController$$ExternalSyntheticLambda4.run:2 com.android.server.wm.WindowAnimator.executeAfterPrepareSurfacesRunnables:345 com.android.server.wm.WindowAnimator.animate:226 com.android.server.wm.WindowAnimator.lambda$new$1:106 com.android.server.wm.WindowAnimator.$r8$lambda$fo2Nk5bb9hY3lvmHsTnTEwtZMbI:0 
04-16 21:55:31.042 I/BLASTBufferQueue(21471): new BLASTBufferQueue, mName= ViewRootImpl@2568b91[IncomingCallActivity] mNativeObject= 0xb40000705c6a6000 sc.mNativeObject= 0xb40000705c5be5e0 caller= android.view.ViewRootImpl.updateBlastSurfaceIfNeeded:2909 android.view.ViewRootImpl.relayoutWindow:9847 android.view.ViewRootImpl.performTraversals:3884 android.view.ViewRootImpl.doTraversal:3116 android.view.ViewRootImpl$TraversalRunnable.run:10885 android.view.Choreographer$CallbackRecord.run:1301 android.view.Choreographer$CallbackRecord.run:1309 android.view.Choreographer.doCallbacks:923 android.view.Choreographer.doFrame:852 android.view.Choreographer$FrameDisplayEventReceiver.run:1283 
04-16 21:55:31.042 I/BLASTBufferQueue(21471): update, w= 1080 h= 2322 mName = ViewRootImpl@2568b91[IncomingCallActivity] mNativeObject= 0xb40000705c6a6000 sc.mNativeObject= 0xb40000705c5be5e0 format= -1 caller= android.graphics.BLASTBufferQueue.<init>:84 android.view.ViewRootImpl.updateBlastSurfaceIfNeeded:2909 android.view.ViewRootImpl.relayoutWindow:9847 android.view.ViewRootImpl.performTraversals:3884 android.view.ViewRootImpl.doTraversal:3116 android.view.ViewRootImpl$TraversalRunnable.run:10885 
04-16 21:55:31.043 I/ViewRootImpl@2568b91[IncomingCallActivity](21471): Relayout returned: old=(0,78,1080,2400) new=(0,78,1080,2400) req=(1080,2322)0 dur=14 res=0x3 s={true 0xb40000705c8a0000} ch=true seqId=0
04-16 21:55:31.044 I/ViewRootImpl@2568b91[IncomingCallActivity](21471): mThreadedRenderer.initialize() mSurface={isValid=true 0xb40000705c8a0000} hwInitialized=true
04-16 21:55:31.047 I/ViewRootImpl@2568b91[IncomingCallActivity](21471): Resizing android.view.ViewRootImpl@5572393: frame = [0,78][1080,2400] reportDraw = true forceLayout = false syncSeqId = 0
04-16 21:55:31.050 I/SurfaceFlinger(  894): [24fd65 com.astrohark.app/com.astrohark.app.IncomingCallActivity#7495] FrameRatePriority: 1
04-16 21:55:31.053 D/SurfaceFlinger(  894): [input] setFocusedWindow: 24fd65 com.astrohark.app/com.astrohark.app.IncomingCallActivity
04-16 21:55:31.053 D/InputDispatcher( 1434): Focus request (0): 24fd65 com.astrohark.app/com.astrohark.app.IncomingCallActivity but waiting because NOT_VISIBLE
04-16 21:55:31.056 I/ViewRootImpl@2568b91[IncomingCallActivity](21471): reportNextDraw android.view.ViewRootImpl.performTraversals:4438 android.view.ViewRootImpl.doTraversal:3116 android.view.ViewRootImpl$TraversalRunnable.run:10885 android.view.Choreographer$CallbackRecord.run:1301 android.view.Choreographer$CallbackRecord.run:1309 
04-16 21:55:31.056 I/ViewRootImpl@2568b91[IncomingCallActivity](21471): Setup new sync id=0
04-16 21:55:31.056 I/ViewRootImpl@2568b91[IncomingCallActivity](21471): Setting syncFrameCallback
04-16 21:55:31.056 I/ViewRootImpl@2568b91[IncomingCallActivity](21471): registerCallbacksForSync syncBuffer=false
04-16 21:55:31.068 I/ViewRootImpl@2568b91[IncomingCallActivity](21471): Received frameDrawingCallback syncResult=0 frameNum=1.
04-16 21:55:31.068 I/ViewRootImpl@2568b91[IncomingCallActivity](21471): Setting up sync and frameCommitCallback
04-16 21:55:31.075 I/BLASTBufferQueue(21471): [ViewRootImpl@2568b91[IncomingCallActivity]#13](f:0,a:0) onFrameAvailable the first frame is available
04-16 21:55:31.076 I/BLASTBufferQueue(21471): [ViewRootImpl@2568b91[IncomingCallActivity]#13](f:0,a:1) acquireNextBufferLocked size=1080x2322 mFrameNumber=1 applyTransaction=true mTimestamp=25793904293921(auto) mPendingTransactions.size=0 graphicBufferId=92217242812458 transform=0
04-16 21:55:31.077 I/ViewRootImpl@2568b91[IncomingCallActivity](21471): Received frameCommittedCallback lastAttemptedDrawFrameNum=1 didProduceBuffer=true
04-16 21:55:31.080 I/ViewRootImpl@2568b91[IncomingCallActivity](21471): onSyncComplete
04-16 21:55:31.080 I/ViewRootImpl@2568b91[IncomingCallActivity](21471): setupSync seqId=0 mSyncId=0 fn=1 caller=android.view.ViewRootImpl$$ExternalSyntheticLambda11.accept:6 android.window.SurfaceSyncer.lambda$setupSync$1$android-window-SurfaceSyncer:128 android.window.SurfaceSyncer$$ExternalSyntheticLambda1.accept:8 android.window.SurfaceSyncer$SyncSet.checkIfSyncIsComplete:382 android.window.SurfaceSyncer$SyncSet.markSyncReady:359 android.window.SurfaceSyncer.markSyncReady:151 android.view.ViewRootImpl.performTraversals:4503 
04-16 21:55:31.081 I/ViewRootImpl@2568b91[IncomingCallActivity](21471): reportDrawFinished seqId=0 mSyncId=-1 fn=1 mSurfaceChangedTransaction=0xb4000070b87ea900
04-16 21:55:31.081 D/WindowManager( 1434): finishDrawingWindow: Window{24fd65 u0 com.astrohark.app/com.astrohark.app.IncomingCallActivity} mDrawState=DRAW_PENDING seqId=0
04-16 21:55:31.083 D/BufferStateLayer(  894): com.astrohark.app/com.astrohark.app.IncomingCallActivity$_21471#7496 setBuffer frameId=1, bufferId=92217242812458 fenceId=273, w= 1080, h=2322
04-16 21:55:31.084 V/WindowManager( 1434): Finish starting ActivityRecord{9c713f7 u0 com.astrohark.app/.IncomingCallActivity} t356}: first real window is shown, no animation
